$REPO/.venv/lib/python3.9/site-packages/urllib3/__init__.py:35: NotOpenSSLWarning: urllib3 v2 only supports OpenSSL 1.1.1+, currently the 'ssl' module is compiled with 'LibreSSL 2.8.3'. See: https://github.com/urllib3/urllib3/issues/3020
  warnings.warn(
{"prepare": true, "lanes": 64, "promptTokensPerLane": [7, 11, 8, 7, 7, 8, 9, 11, 11, 8, 7, 7, 7, 7, 6, 8, 9, 11, 8, 9, 8, 11, 10, 9, 7, 9, 9, 7, 7, 7, 7, 7, 7, 7, 7, 7, 7, 7, 7, 7, 7, 7, 7, 7, 7, 7, 7, 7, 7, 7, 7, 7, 7, 7, 7, 7, 7, 7, 7, 7, 7, 7, 7, 7], "ragged": true, "d": 1024, "vocab": 50277, "dpad": 1024, "rowsBytes": 0, "stubTokenizer": false, "note": "ragged: rows.f64 intentionally absent (v2 tickwise uses row_tail.f64)"}
lane 0 (7 tok): "A triangle is a shape with three"
lane 1 (11 tok): "The three states of matter are solid, liquid, and"
lane 2 (8 tok): "A noun is a word that names a"
lane 3 (7 tok): "A dictionary is a book that lists"
lane 4 (7 tok): "The heart is an organ that pumps"
lane 5 (8 tok): "Photosynthesis is the process by which plants"
lane 6 (9 tok): "Oxygen is a gas that is essential for"
lane 7 (11 tok): "The first ten numbers are one, two, three,"
lane 8 (11 tok): "The letters of the alphabet begin with A, B,"
lane 9 (8 tok): "The four seasons are spring, summer,"
lane 10 (7 tok): "Isaac Newton formulated the laws of"
lane 11 (7 tok): "The printing press was invented by Johannes"
lane 12 (7 tok): "A computer program is a sequence of"
lane 13 (7 tok): "Biology is the natural science that"
lane 14 (6 tok): "The Second World War ended in"
lane 15 (8 tok): "The largest animal on Earth is the blue"
lane 16 (9 tok): "Albert Einstein is famous for his theory of"
lane 17 (11 tok): "The Eiffel Tower is located in the city of"
lane 18 (8 tok): "Step one: preheat the oven to"
lane 19 (9 tok): "Water is a chemical compound made of hydrogen and"
lane 20 (8 tok): "The Earth is the third planet from the"
lane 21 (11 tok): "The planets of the solar system are Mercury, Venus,"
lane 22 (10 tok): "The months of the year are January, February,"
lane 23 (9 tok): "Mount Everest is the highest mountain in the"
lane 24 (7 tok): "The Amazon is the largest river in"
lane 25 (9 tok): "Leonardo da Vinci painted the Mona"
lane 26 (9 tok): "The recipe calls for two cups of flour and"
lane 27 (7 tok): "The history of cryptography begins with"
lane 28 (7 tok): "The Great Wall of China was built"
lane 29 (7 tok): "The mitochondria is the powerhouse of"
lane 30 (7 tok): "William Shakespeare wrote many famous plays including"
lane 31 (7 tok): "The moon orbits the earth once every"
lane 32 (7 tok): "The Roman Empire reached its greatest extent"
lane 33 (7 tok): "Machine learning is a field of study"
lane 34 (7 tok): "Climate change is caused primarily by"
lane 35 (7 tok): "The internet was originally developed as a"
lane 36 (7 tok): "Genetics determines many traits including eye"
lane 37 (7 tok): "Psychology studies the human mind and"
lane 38 (7 tok): "Engineering combines mathematics and physics to"
lane 39 (7 tok): "The scientists discovered a new species of"
lane 40 (7 tok): "The castle stood on a hill overlooking"
lane 41 (7 tok): "The forest was home to many species"
lane 42 (7 tok): "The train departed from the station at"
lane 43 (7 tok): "The spacecraft landed safely on the surface"
lane 44 (7 tok): "The storm caused widespread damage across the"
lane 45 (7 tok): "The doctor examined the patient and concluded"
lane 46 (7 tok): "The chef prepared a meal using fresh"
lane 47 (7 tok): "The industrial revolution transformed society by introducing"
lane 48 (7 tok): "The library contained thousands of ancient books"
lane 49 (7 tok): "The languages of Europe belong to several"
lane 50 (7 tok): "The factory produced thousands of cars every"
lane 51 (7 tok): "The bridge across the river was constructed"
lane 52 (7 tok): "The economy of the country depends on"
lane 53 (7 tok): "The president of the United States is"
lane 54 (7 tok): "Photography was invented in the early"
lane 55 (7 tok): "The senator proposed a new law regarding"
lane 56 (7 tok): "The newspaper reported that the election results"
lane 57 (7 tok): "The judge ruled that the evidence was"
lane 58 (7 tok): "The company announced record profits this quarter"
lane 59 (7 tok): "The teacher assigned homework covering the entire"
lane 60 (7 tok): "The pilot announced that the flight would"
lane 61 (7 tok): "The committee voted to approve the new"
lane 62 (7 tok): "The novelist spent years writing her latest"
lane 63 (7 tok): "In the beginning of the twentieth century"
