=== SERVER START 2026-09-18T12:20:03Z ===
LOADSTATE 2026-09-18T12:20:03Z uptime: 12:20:03 up 27 days,  8:49,  0 user,  load average: 4.06, 3.79, 3.69
LOADSTATE gpu compute apps: 
LOADSTATE busy marker: 70_demo_server.sh SERVER pid=pending since=2026-09-18T12:20:03Z
CMD: /root/fhe-main-demo/build-demo/gpu_real_model_x --tag pbd430a --bundle-dir /root/src/ml-eval/artifacts --device 0 --log-ring 17 --secure --level-budget 3 3 --ms-norm 5.5 --enc-threads 24 --boot-floor 3 --matvec-margin 4 --extra-depth 12 --canonical-carry --periodic-encode --drop-wv 7 --drop-wkr 4 --drop-wout 7 --drop-win 4 --newton-robust 0.3 8 --pack-tokens 1 --lanes-block --compressed-store --devices 0,1 --store-multi-gpu --keys-dir /root/mac_keys_r17 --keys-load --serve /root/demo/serve --serve-timeout 7200 --stateful --store-file /root/demo/store_pbd430a_r17_xd12_lanesblock_canon_nr.bin --vram-trace
FIDESLIB_USE_MEMCPY_PEER=0, set to: 0
{"x8Levers":true,"dropWv":7,"dropWkr":4,"dropWout":7,"dropWin":4,"rsqrtSidecar":"","baseline":"stock"}
{"schedLevers":true,"schedule":"stock","pfEntry":"loop","shareBabies":false,"newtonDepth2":false,"poolLevels":2,"stockPath":true}
{"keysLoad":true,"evalRotFiles":36,"autoKeysInMap":143}
{"vramTrace":"keysHost","dev":0,"usedGB":0.602417,"freeGB":94.3678,"totalGB":94.9702,"poolOk":true,"poolReservedGB":0,"poolReservedHighGB":0,"poolUsedGB":0,"poolUsedHighGB":0,"poolSlackGB":0,"poolTransientGB":0}
{"vramTrace":"keysHost","dev":1,"usedGB":0.584412,"freeGB":94.3858,"totalGB":94.9702,"poolOk":true,"poolReservedGB":0,"poolReservedHighGB":0,"poolUsedGB":0,"poolUsedHighGB":0,"poolSlackGB":0,"poolTransientGB":0}
GPU 0: NVIDIA RTX PRO 6000 Blackwell Workstation Edition
 SMs: 188, SharedMem: 100 KB, Blocks/SM: 24, Threads/SM: 1536, L2 size: 128 MB, Bus: 512-bit
GPU 1: NVIDIA RTX PRO 6000 Blackwell Workstation Edition
 SMs: 188, SharedMem: 100 KB, Blocks/SM: 24, Threads/SM: 1536, L2 size: 128 MB, Bus: 512-bit
GPU P2P? 1
Adding bootstrap precomputation to GPU for 65536 slots.
Plaintexts loaded: 762 ~ 35814MB
Rotation keys loaded: 143 ~ 48048MB
{"vramTrace":"loadContext","dev":0,"usedGB":38.454,"freeGB":56.5162,"totalGB":94.9702,"poolOk":true,"poolReservedGB":37.0312,"poolReservedHighGB":37.0312,"poolUsedGB":37.0088,"poolUsedHighGB":37.0088,"poolSlackGB":0.0224609,"poolTransientGB":0}
{"vramTrace":"loadContext","dev":1,"usedGB":38.436,"freeGB":56.5342,"totalGB":94.9702,"poolOk":true,"poolReservedGB":37.0312,"poolReservedHighGB":37.0312,"poolUsedGB":37.0088,"poolUsedHighGB":37.0088,"poolSlackGB":0.0224609,"poolTransientGB":0}
{"storeLoad":true,"path":"/root/demo/store_pbd430a_r17_xd12_lanesblock_canon_nr.bin","entries":688128,"dead":336,"dataBytes":68417617920,"ms":34840,"verifySamplesPerPrefix":2}
{"storeJournalLoad":true,"path":"/root/demo/store_pbd430a_r17_xd12_lanesblock_canon_nr.bin.journal","entries":247808,"duplicates":0,"dataBytes":8082669568,"ms":4225}
{"harness":"gpu_real_model","arch":"native","tag":"pbd430a","secure":true,"ringDim":131072,"slots":65536,"d":1024,"Dpad":1024,"REP":64,"L":24,"dff":4096,"BS":32,"haveBundle":true,"ompMaxThreads":24,"scaleBits":59,"normEpsOn":true,"setupMs":55702}
{"serve":"waiting","req":0,"dir":"/root/demo/serve","timeoutSec":7200,"served":0}
{"serve":"stateReset","req":0}
{"vramTrace":"serve.req.0","dev":0,"usedGB":38.454,"freeGB":56.5162,"totalGB":94.9702,"poolOk":true,"poolReservedGB":37.0312,"poolReservedHighGB":37.0312,"poolUsedGB":37.0088,"poolUsedHighGB":37.0088,"poolSlackGB":0.0224609,"poolTransientGB":0}
{"vramTrace":"serve.req.0","dev":1,"usedGB":38.436,"freeGB":56.5342,"totalGB":94.9702,"poolOk":true,"poolReservedGB":37.0312,"poolReservedHighGB":37.0312,"poolUsedGB":37.0088,"poolUsedHighGB":37.0088,"poolSlackGB":0.0224609,"poolTransientGB":0}
{"serve":"request","req":0,"tokens":1}
{"vramTrace":"pass.0","dev":0,"usedGB":44.7294,"freeGB":50.2408,"totalGB":94.9702,"poolOk":true,"poolReservedGB":43.0312,"poolReservedHighGB":43.0312,"poolUsedGB":43.0088,"poolUsedHighGB":43.0088,"poolSlackGB":0.0224545,"poolTransientGB":5.44637e-06}
{"vramTrace":"pass.0","dev":1,"usedGB":43.7114,"freeGB":51.2589,"totalGB":94.9702,"poolOk":true,"poolReservedGB":42.0312,"poolReservedHighGB":42.0312,"poolUsedGB":42.0088,"poolUsedHighGB":42.0088,"poolSlackGB":0.0224545,"poolTransientGB":5.44637e-06}
{"canonicalCarry":"cold","scanLevel":19,"uLevel":19,"maxGap":38}
{"vramTrace":"poolBuild.lvl40","dev":0,"usedGB":51.7333,"freeGB":43.2369,"totalGB":94.9702,"poolOk":true,"poolReservedGB":50.0312,"poolReservedHighGB":50.0312,"poolUsedGB":50.0169,"poolUsedHighGB":50.0169,"poolSlackGB":0.0143166,"poolTransientGB":4.5076e-06}
{"vramTrace":"poolBuild.lvl40","dev":1,"usedGB":51.7153,"freeGB":43.2549,"totalGB":94.9702,"poolOk":true,"poolReservedGB":50.0312,"poolReservedHighGB":50.0312,"poolUsedGB":50.0169,"poolUsedHighGB":50.0169,"poolSlackGB":0.0143166,"poolTransientGB":4.5076e-06}
{"vramTrace":"poolBuild.lvl34","dev":0,"usedGB":54.7411,"freeGB":40.2291,"totalGB":94.9702,"poolOk":true,"poolReservedGB":53.0312,"poolReservedHighGB":53.0312,"poolUsedGB":53.0169,"poolUsedHighGB":53.0169,"poolSlackGB":0.0143099,"poolTransientGB":0}
{"vramTrace":"poolBuild.lvl34","dev":1,"usedGB":53.7231,"freeGB":41.2471,"totalGB":94.9702,"poolOk":true,"poolReservedGB":52.0312,"poolReservedHighGB":52.0312,"poolUsedGB":52.0169,"poolUsedHighGB":52.0169,"poolSlackGB":0.0143099,"poolTransientGB":5.17815e-06}
{"vramTrace":"poolBuild.lvl37","dev":0,"usedGB":54.745,"freeGB":40.2252,"totalGB":94.9702,"poolOk":true,"poolReservedGB":53.0312,"poolReservedHighGB":53.0312,"poolUsedGB":53.017,"poolUsedHighGB":53.017,"poolSlackGB":0.0142807,"poolTransientGB":5.31226e-06}
{"vramTrace":"poolBuild.lvl37","dev":1,"usedGB":54.727,"freeGB":40.2432,"totalGB":94.9702,"poolOk":true,"poolReservedGB":53.0312,"poolReservedHighGB":53.0312,"poolUsedGB":53.017,"poolUsedHighGB":53.017,"poolSlackGB":0.0142807,"poolTransientGB":5.31226e-06}
{"vramTrace":"poolBuild.lvl40","dev":0,"usedGB":55.7391,"freeGB":39.2311,"totalGB":94.9702,"poolOk":true,"poolReservedGB":54.0312,"poolReservedHighGB":54.0312,"poolUsedGB":54.017,"poolUsedHighGB":54.017,"poolSlackGB":0.0142673,"poolTransientGB":4.90993e-06}
{"vramTrace":"poolBuild.lvl40","dev":1,"usedGB":54.7211,"freeGB":40.2491,"totalGB":94.9702,"poolOk":true,"poolReservedGB":53.0312,"poolReservedHighGB":53.0312,"poolUsedGB":53.017,"poolUsedHighGB":53.017,"poolSlackGB":0.0142673,"poolTransientGB":4.90993e-06}
{"vramTrace":"poolBuild.lvl34","dev":0,"usedGB":57.7411,"freeGB":37.2291,"totalGB":94.9702,"poolOk":true,"poolReservedGB":56.0312,"poolReservedHighGB":56.0312,"poolUsedGB":56.0171,"poolUsedHighGB":56.0171,"poolSlackGB":0.0141589,"poolTransientGB":3.05474e-07}
{"vramTrace":"poolBuild.lvl34","dev":1,"usedGB":56.7231,"freeGB":38.2471,"totalGB":94.9702,"poolOk":true,"poolReservedGB":55.0312,"poolReservedHighGB":55.0312,"poolUsedGB":55.0171,"poolUsedHighGB":55.0171,"poolSlackGB":0.0141589,"poolTransientGB":5.17815e-06}
{"vramTrace":"poolBuild.lvl37","dev":0,"usedGB":57.745,"freeGB":37.2252,"totalGB":94.9702,"poolOk":true,"poolReservedGB":56.0312,"poolReservedHighGB":56.0312,"poolUsedGB":56.0171,"poolUsedHighGB":56.0171,"poolSlackGB":0.0141297,"poolTransientGB":5.31226e-06}
{"vramTrace":"poolBuild.lvl37","dev":1,"usedGB":56.727,"freeGB":38.2432,"totalGB":94.9702,"poolOk":true,"poolReservedGB":55.0312,"poolReservedHighGB":55.0312,"poolUsedGB":55.0171,"poolUsedHighGB":55.0171,"poolSlackGB":0.0141297,"poolTransientGB":5.31226e-06}
{"vramTrace":"poolBuild.lvl40","dev":0,"usedGB":57.7391,"freeGB":37.2311,"totalGB":94.9702,"poolOk":true,"poolReservedGB":56.0312,"poolReservedHighGB":56.0312,"poolUsedGB":56.0171,"poolUsedHighGB":56.0171,"poolSlackGB":0.0141163,"poolTransientGB":4.90993e-06}
{"vramTrace":"poolBuild.lvl40","dev":1,"usedGB":56.7211,"freeGB":38.2491,"totalGB":94.9702,"poolOk":true,"poolReservedGB":55.0312,"poolReservedHighGB":55.0312,"poolUsedGB":55.0171,"poolUsedHighGB":55.0171,"poolSlackGB":0.0141163,"poolTransientGB":4.90993e-06}
{"vramTrace":"poolBuild.lvl34","dev":0,"usedGB":57.7411,"freeGB":37.2291,"totalGB":94.9702,"poolOk":true,"poolReservedGB":56.0312,"poolReservedHighGB":56.0312,"poolUsedGB":56.0172,"poolUsedHighGB":56.0172,"poolSlackGB":0.0140079,"poolTransientGB":5.17815e-06}
{"vramTrace":"poolBuild.lvl34","dev":1,"usedGB":57.7231,"freeGB":37.2471,"totalGB":94.9702,"poolOk":true,"poolReservedGB":56.0312,"poolReservedHighGB":56.0312,"poolUsedGB":56.0172,"poolUsedHighGB":56.0172,"poolSlackGB":0.0140079,"poolTransientGB":0}
{"vramTrace":"poolBuild.lvl37","dev":0,"usedGB":57.745,"freeGB":37.2252,"totalGB":94.9702,"poolOk":true,"poolReservedGB":56.0312,"poolReservedHighGB":56.0312,"poolUsedGB":56.0173,"poolUsedHighGB":56.0173,"poolSlackGB":0.0139787,"poolTransientGB":5.31226e-06}
{"vramTrace":"poolBuild.lvl37","dev":1,"usedGB":57.727,"freeGB":37.2432,"totalGB":94.9702,"poolOk":true,"poolReservedGB":56.0312,"poolReservedHighGB":56.0312,"poolUsedGB":56.0173,"poolUsedHighGB":56.0173,"poolSlackGB":0.0139787,"poolTransientGB":5.31226e-06}
{"vramTrace":"poolBuild.lvl40","dev":0,"usedGB":57.7391,"freeGB":37.2311,"totalGB":94.9702,"poolOk":true,"poolReservedGB":56.0312,"poolReservedHighGB":56.0312,"poolUsedGB":56.0173,"poolUsedHighGB":56.0173,"poolSlackGB":0.0139653,"poolTransientGB":4.90993e-06}
{"vramTrace":"poolBuild.lvl40","dev":1,"usedGB":57.7211,"freeGB":37.2491,"totalGB":94.9702,"poolOk":true,"poolReservedGB":56.0312,"poolReservedHighGB":56.0312,"poolUsedGB":56.0173,"poolUsedHighGB":56.0173,"poolSlackGB":0.0139653,"poolTransientGB":4.90993e-06}
{"vramTrace":"poolBuild.lvl34","dev":0,"usedGB":57.7411,"freeGB":37.2291,"totalGB":94.9702,"poolOk":true,"poolReservedGB":56.0312,"poolReservedHighGB":56.0312,"poolUsedGB":56.0174,"poolUsedHighGB":56.0174,"poolSlackGB":0.0138569,"poolTransientGB":5.17815e-06}
{"vramTrace":"poolBuild.lvl34","dev":1,"usedGB":57.7231,"freeGB":37.2471,"totalGB":94.9702,"poolOk":true,"poolReservedGB":56.0312,"poolReservedHighGB":56.0312,"poolUsedGB":56.0174,"poolUsedHighGB":56.0174,"poolSlackGB":0.0138569,"poolTransientGB":5.17815e-06}
{"vramTrace":"poolBuild.lvl37","dev":0,"usedGB":57.745,"freeGB":37.2252,"totalGB":94.9702,"poolOk":true,"poolReservedGB":56.0312,"poolReservedHighGB":56.0312,"poolUsedGB":56.0174,"poolUsedHighGB":56.0174,"poolSlackGB":0.0138277,"poolTransientGB":5.31226e-06}
{"vramTrace":"poolBuild.lvl37","dev":1,"usedGB":57.727,"freeGB":37.2432,"totalGB":94.9702,"poolOk":true,"poolReservedGB":56.0312,"poolReservedHighGB":56.0312,"poolUsedGB":56.0174,"poolUsedHighGB":56.0174,"poolSlackGB":0.0138277,"poolTransientGB":5.31226e-06}
{"vramTrace":"poolBuild.lvl40","dev":0,"usedGB":57.7391,"freeGB":37.2311,"totalGB":94.9702,"poolOk":true,"poolReservedGB":56.0312,"poolReservedHighGB":56.0312,"poolUsedGB":56.0174,"poolUsedHighGB":56.0174,"poolSlackGB":0.0138143,"poolTransientGB":4.90993e-06}
{"vramTrace":"poolBuild.lvl40","dev":1,"usedGB":57.7211,"freeGB":37.2491,"totalGB":94.9702,"poolOk":true,"poolReservedGB":56.0312,"poolReservedHighGB":56.0312,"poolUsedGB":56.0174,"poolUsedHighGB":56.0174,"poolSlackGB":0.0138143,"poolTransientGB":4.90993e-06}
{"vramTrace":"poolBuild.lvl34","dev":0,"usedGB":57.7411,"freeGB":37.2291,"totalGB":94.9702,"poolOk":true,"poolReservedGB":56.0312,"poolReservedHighGB":56.0312,"poolUsedGB":56.0175,"poolUsedHighGB":56.0175,"poolSlackGB":0.0137059,"poolTransientGB":5.17815e-06}
{"vramTrace":"poolBuild.lvl34","dev":1,"usedGB":57.7231,"freeGB":37.2471,"totalGB":94.9702,"poolOk":true,"poolReservedGB":56.0312,"poolReservedHighGB":56.0312,"poolUsedGB":56.0175,"poolUsedHighGB":56.0175,"poolSlackGB":0.0137059,"poolTransientGB":5.17815e-06}
{"vramTrace":"poolBuild.lvl37","dev":0,"usedGB":57.745,"freeGB":37.2252,"totalGB":94.9702,"poolOk":true,"poolReservedGB":56.0312,"poolReservedHighGB":56.0312,"poolUsedGB":56.0176,"poolUsedHighGB":56.0176,"poolSlackGB":0.0136767,"poolTransientGB":5.31226e-06}
{"vramTrace":"poolBuild.lvl37","dev":1,"usedGB":57.727,"freeGB":37.2432,"totalGB":94.9702,"poolOk":true,"poolReservedGB":56.0312,"poolReservedHighGB":56.0312,"poolUsedGB":56.0176,"poolUsedHighGB":56.0176,"poolSlackGB":0.0136767,"poolTransientGB":5.31226e-06}
{"vramTrace":"poolBuild.lvl40","dev":0,"usedGB":57.7391,"freeGB":37.2311,"totalGB":94.9702,"poolOk":true,"poolReservedGB":56.0312,"poolReservedHighGB":56.0312,"poolUsedGB":56.0176,"poolUsedHighGB":56.0176,"poolSlackGB":0.0136633,"poolTransientGB":4.90993e-06}
{"vramTrace":"poolBuild.lvl40","dev":1,"usedGB":57.7211,"freeGB":37.2491,"totalGB":94.9702,"poolOk":true,"poolReservedGB":56.0312,"poolReservedHighGB":56.0312,"poolUsedGB":56.0176,"poolUsedHighGB":56.0176,"poolSlackGB":0.0136633,"poolTransientGB":4.90993e-06}
{"vramTrace":"poolBuild.lvl34","dev":0,"usedGB":57.7411,"freeGB":37.2291,"totalGB":94.9702,"poolOk":true,"poolReservedGB":56.0312,"poolReservedHighGB":56.0312,"poolUsedGB":56.0177,"poolUsedHighGB":56.0177,"poolSlackGB":0.0135549,"poolTransientGB":5.17815e-06}
{"vramTrace":"poolBuild.lvl34","dev":1,"usedGB":57.7231,"freeGB":37.2471,"totalGB":94.9702,"poolOk":true,"poolReservedGB":56.0312,"poolReservedHighGB":56.0312,"poolUsedGB":56.0177,"poolUsedHighGB":56.0177,"poolSlackGB":0.0135549,"poolTransientGB":5.17815e-06}
{"vramTrace":"poolBuild.lvl37","dev":0,"usedGB":57.745,"freeGB":37.2252,"totalGB":94.9702,"poolOk":true,"poolReservedGB":56.0312,"poolReservedHighGB":56.0312,"poolUsedGB":56.0177,"poolUsedHighGB":56.0177,"poolSlackGB":0.0135257,"poolTransientGB":5.31226e-06}
{"vramTrace":"poolBuild.lvl37","dev":1,"usedGB":57.727,"freeGB":37.2432,"totalGB":94.9702,"poolOk":true,"poolReservedGB":56.0312,"poolReservedHighGB":56.0312,"poolUsedGB":56.0177,"poolUsedHighGB":56.0177,"poolSlackGB":0.0135257,"poolTransientGB":5.31226e-06}
{"vramTrace":"poolBuild.lvl40","dev":0,"usedGB":57.7391,"freeGB":37.2311,"totalGB":94.9702,"poolOk":true,"poolReservedGB":56.0312,"poolReservedHighGB":56.0312,"poolUsedGB":56.0177,"poolUsedHighGB":56.0177,"poolSlackGB":0.0135123,"poolTransientGB":4.90993e-06}
{"vramTrace":"poolBuild.lvl40","dev":1,"usedGB":57.7211,"freeGB":37.2491,"totalGB":94.9702,"poolOk":true,"poolReservedGB":56.0312,"poolReservedHighGB":56.0312,"poolUsedGB":56.0177,"poolUsedHighGB":56.0177,"poolSlackGB":0.0135123,"poolTransientGB":4.90993e-06}
{"vramTrace":"poolBuild.lvl34","dev":0,"usedGB":57.7411,"freeGB":37.2291,"totalGB":94.9702,"poolOk":true,"poolReservedGB":56.0312,"poolReservedHighGB":56.0312,"poolUsedGB":56.0178,"poolUsedHighGB":56.0179,"poolSlackGB":0.0134039,"poolTransientGB":5.17815e-06}
{"vramTrace":"poolBuild.lvl34","dev":1,"usedGB":57.7231,"freeGB":37.2471,"totalGB":94.9702,"poolOk":true,"poolReservedGB":56.0312,"poolReservedHighGB":56.0312,"poolUsedGB":56.0178,"poolUsedHighGB":56.0179,"poolSlackGB":0.0134039,"poolTransientGB":5.17815e-06}
{"vramTrace":"poolBuild.lvl37","dev":0,"usedGB":57.745,"freeGB":37.2252,"totalGB":94.9702,"poolOk":true,"poolReservedGB":56.0312,"poolReservedHighGB":56.0312,"poolUsedGB":56.0179,"poolUsedHighGB":56.0179,"poolSlackGB":0.0133747,"poolTransientGB":5.31226e-06}
{"vramTrace":"poolBuild.lvl37","dev":1,"usedGB":57.727,"freeGB":37.2432,"totalGB":94.9702,"poolOk":true,"poolReservedGB":56.0312,"poolReservedHighGB":56.0312,"poolUsedGB":56.0179,"poolUsedHighGB":56.0179,"poolSlackGB":0.0133747,"poolTransientGB":5.31226e-06}
{"vramTrace":"poolBuild.lvl40","dev":0,"usedGB":57.7391,"freeGB":37.2311,"totalGB":94.9702,"poolOk":true,"poolReservedGB":56.0312,"poolReservedHighGB":56.0312,"poolUsedGB":56.0179,"poolUsedHighGB":56.0179,"poolSlackGB":0.0133612,"poolTransientGB":4.90993e-06}
{"vramTrace":"poolBuild.lvl40","dev":1,"usedGB":57.7211,"freeGB":37.2491,"totalGB":94.9702,"poolOk":true,"poolReservedGB":56.0312,"poolReservedHighGB":56.0312,"poolUsedGB":56.0179,"poolUsedHighGB":56.0179,"poolSlackGB":0.0133612,"poolTransientGB":4.90993e-06}
{"vramTrace":"poolBuild.lvl34","dev":0,"usedGB":57.7411,"freeGB":37.2291,"totalGB":94.9702,"poolOk":true,"poolReservedGB":56.0312,"poolReservedHighGB":56.0312,"poolUsedGB":56.018,"poolUsedHighGB":56.018,"poolSlackGB":0.0132529,"poolTransientGB":5.17815e-06}
{"vramTrace":"poolBuild.lvl34","dev":1,"usedGB":57.7231,"freeGB":37.2471,"totalGB":94.9702,"poolOk":true,"poolReservedGB":56.0312,"poolReservedHighGB":56.0312,"poolUsedGB":56.018,"poolUsedHighGB":56.018,"poolSlackGB":0.0132529,"poolTransientGB":5.17815e-06}
{"vramTrace":"poolBuild.lvl37","dev":0,"usedGB":57.745,"freeGB":37.2252,"totalGB":94.9702,"poolOk":true,"poolReservedGB":56.0312,"poolReservedHighGB":56.0312,"poolUsedGB":56.018,"poolUsedHighGB":56.018,"poolSlackGB":0.0132236,"poolTransientGB":5.31226e-06}
{"vramTrace":"poolBuild.lvl37","dev":1,"usedGB":57.727,"freeGB":37.2432,"totalGB":94.9702,"poolOk":true,"poolReservedGB":56.0312,"poolReservedHighGB":56.0312,"poolUsedGB":56.018,"poolUsedHighGB":56.018,"poolSlackGB":0.0132236,"poolTransientGB":5.31226e-06}
{"vramTrace":"poolBuild.lvl40","dev":0,"usedGB":57.7391,"freeGB":37.2311,"totalGB":94.9702,"poolOk":true,"poolReservedGB":56.0312,"poolReservedHighGB":56.0312,"poolUsedGB":56.018,"poolUsedHighGB":56.018,"poolSlackGB":0.0132102,"poolTransientGB":4.90993e-06}
{"vramTrace":"poolBuild.lvl40","dev":1,"usedGB":57.7211,"freeGB":37.2491,"totalGB":94.9702,"poolOk":true,"poolReservedGB":56.0312,"poolReservedHighGB":56.0312,"poolUsedGB":56.018,"poolUsedHighGB":56.018,"poolSlackGB":0.0132102,"poolTransientGB":4.90993e-06}
{"vramTrace":"poolBuild.lvl34","dev":0,"usedGB":57.7411,"freeGB":37.2291,"totalGB":94.9702,"poolOk":true,"poolReservedGB":56.0312,"poolReservedHighGB":56.0312,"poolUsedGB":56.0181,"poolUsedHighGB":56.0182,"poolSlackGB":0.0131019,"poolTransientGB":5.17815e-06}
{"vramTrace":"poolBuild.lvl34","dev":1,"usedGB":57.7231,"freeGB":37.2471,"totalGB":94.9702,"poolOk":true,"poolReservedGB":56.0312,"poolReservedHighGB":56.0312,"poolUsedGB":56.0181,"poolUsedHighGB":56.0182,"poolSlackGB":0.0131019,"poolTransientGB":5.17815e-06}
{"vramTrace":"poolBuild.lvl37","dev":0,"usedGB":57.745,"freeGB":37.2252,"totalGB":94.9702,"poolOk":true,"poolReservedGB":56.0312,"poolReservedHighGB":56.0312,"poolUsedGB":56.0182,"poolUsedHighGB":56.0182,"poolSlackGB":0.0130726,"poolTransientGB":5.31226e-06}
{"vramTrace":"poolBuild.lvl37","dev":1,"usedGB":57.727,"freeGB":37.2432,"totalGB":94.9702,"poolOk":true,"poolReservedGB":56.0312,"poolReservedHighGB":56.0312,"poolUsedGB":56.0182,"poolUsedHighGB":56.0182,"poolSlackGB":0.0130726,"poolTransientGB":5.31226e-06}
{"vramTrace":"poolBuild.lvl40","dev":0,"usedGB":57.7391,"freeGB":37.2311,"totalGB":94.9702,"poolOk":true,"poolReservedGB":56.0312,"poolReservedHighGB":56.0312,"poolUsedGB":56.0182,"poolUsedHighGB":56.0182,"poolSlackGB":0.0130592,"poolTransientGB":4.90993e-06}
{"vramTrace":"poolBuild.lvl40","dev":1,"usedGB":57.7211,"freeGB":37.2491,"totalGB":94.9702,"poolOk":true,"poolReservedGB":56.0312,"poolReservedHighGB":56.0312,"poolUsedGB":56.0182,"poolUsedHighGB":56.0182,"poolSlackGB":0.0130592,"poolTransientGB":4.90993e-06}
{"vramTrace":"poolBuild.lvl34","dev":0,"usedGB":57.7411,"freeGB":37.2291,"totalGB":94.9702,"poolOk":true,"poolReservedGB":56.0312,"poolReservedHighGB":56.0312,"poolUsedGB":56.0183,"poolUsedHighGB":56.0183,"poolSlackGB":0.0129509,"poolTransientGB":5.17815e-06}
{"vramTrace":"poolBuild.lvl34","dev":1,"usedGB":57.7231,"freeGB":37.2471,"totalGB":94.9702,"poolOk":true,"poolReservedGB":56.0312,"poolReservedHighGB":56.0312,"poolUsedGB":56.0183,"poolUsedHighGB":56.0183,"poolSlackGB":0.0129509,"poolTransientGB":5.17815e-06}
{"vramTrace":"poolBuild.lvl37","dev":0,"usedGB":57.745,"freeGB":37.2252,"totalGB":94.9702,"poolOk":true,"poolReservedGB":56.0312,"poolReservedHighGB":56.0312,"poolUsedGB":56.0183,"poolUsedHighGB":56.0183,"poolSlackGB":0.0129216,"poolTransientGB":5.31226e-06}
{"vramTrace":"poolBuild.lvl37","dev":1,"usedGB":57.727,"freeGB":37.2432,"totalGB":94.9702,"poolOk":true,"poolReservedGB":56.0312,"poolReservedHighGB":56.0312,"poolUsedGB":56.0183,"poolUsedHighGB":56.0183,"poolSlackGB":0.0129216,"poolTransientGB":5.31226e-06}
{"vramTrace":"poolBuild.lvl40","dev":0,"usedGB":57.7391,"freeGB":37.2311,"totalGB":94.9702,"poolOk":true,"poolReservedGB":56.0312,"poolReservedHighGB":56.0312,"poolUsedGB":56.0183,"poolUsedHighGB":56.0183,"poolSlackGB":0.0129082,"poolTransientGB":4.90993e-06}
{"vramTrace":"poolBuild.lvl40","dev":1,"usedGB":57.7211,"freeGB":37.2491,"totalGB":94.9702,"poolOk":true,"poolReservedGB":56.0312,"poolReservedHighGB":56.0312,"poolUsedGB":56.0183,"poolUsedHighGB":56.0183,"poolSlackGB":0.0129082,"poolTransientGB":4.90993e-06}
{"vramTrace":"poolBuild.lvl34","dev":0,"usedGB":57.7411,"freeGB":37.2291,"totalGB":94.9702,"poolOk":true,"poolReservedGB":56.0312,"poolReservedHighGB":56.0312,"poolUsedGB":56.0185,"poolUsedHighGB":56.0185,"poolSlackGB":0.0127999,"poolTransientGB":5.17815e-06}
{"vramTrace":"poolBuild.lvl34","dev":1,"usedGB":57.7231,"freeGB":37.2471,"totalGB":94.9702,"poolOk":true,"poolReservedGB":56.0312,"poolReservedHighGB":56.0312,"poolUsedGB":56.0185,"poolUsedHighGB":56.0185,"poolSlackGB":0.0127999,"poolTransientGB":5.17815e-06}
{"vramTrace":"poolBuild.lvl37","dev":0,"usedGB":57.745,"freeGB":37.2252,"totalGB":94.9702,"poolOk":true,"poolReservedGB":56.0312,"poolReservedHighGB":56.0312,"poolUsedGB":56.0185,"poolUsedHighGB":56.0185,"poolSlackGB":0.0127706,"poolTransientGB":5.31226e-06}
{"vramTrace":"poolBuild.lvl37","dev":1,"usedGB":57.727,"freeGB":37.2432,"totalGB":94.9702,"poolOk":true,"poolReservedGB":56.0312,"poolReservedHighGB":56.0312,"poolUsedGB":56.0185,"poolUsedHighGB":56.0185,"poolSlackGB":0.0127706,"poolTransientGB":5.31226e-06}
{"vramTrace":"poolBuild.lvl40","dev":0,"usedGB":57.7391,"freeGB":37.2311,"totalGB":94.9702,"poolOk":true,"poolReservedGB":56.0312,"poolReservedHighGB":56.0312,"poolUsedGB":56.0185,"poolUsedHighGB":56.0185,"poolSlackGB":0.0127572,"poolTransientGB":4.90993e-06}
{"vramTrace":"poolBuild.lvl40","dev":1,"usedGB":57.7211,"freeGB":37.2491,"totalGB":94.9702,"poolOk":true,"poolReservedGB":56.0312,"poolReservedHighGB":56.0312,"poolUsedGB":56.0185,"poolUsedHighGB":56.0185,"poolSlackGB":0.0127572,"poolTransientGB":4.90993e-06}
{"vramTrace":"poolBuild.lvl34","dev":0,"usedGB":57.7411,"freeGB":37.2291,"totalGB":94.9702,"poolOk":true,"poolReservedGB":56.0312,"poolReservedHighGB":56.0312,"poolUsedGB":56.0186,"poolUsedHighGB":56.0186,"poolSlackGB":0.0126489,"poolTransientGB":5.17815e-06}
{"vramTrace":"poolBuild.lvl34","dev":1,"usedGB":57.7231,"freeGB":37.2471,"totalGB":94.9702,"poolOk":true,"poolReservedGB":56.0312,"poolReservedHighGB":56.0312,"poolUsedGB":56.0186,"poolUsedHighGB":56.0186,"poolSlackGB":0.0126489,"poolTransientGB":5.17815e-06}
{"vramTrace":"poolBuild.lvl37","dev":0,"usedGB":57.745,"freeGB":37.2252,"totalGB":94.9702,"poolOk":true,"poolReservedGB":56.0312,"poolReservedHighGB":56.0312,"poolUsedGB":56.0186,"poolUsedHighGB":56.0186,"poolSlackGB":0.0126196,"poolTransientGB":5.31226e-06}
{"vramTrace":"poolBuild.lvl37","dev":1,"usedGB":57.727,"freeGB":37.2432,"totalGB":94.9702,"poolOk":true,"poolReservedGB":56.0312,"poolReservedHighGB":56.0312,"poolUsedGB":56.0186,"poolUsedHighGB":56.0186,"poolSlackGB":0.0126196,"poolTransientGB":5.31226e-06}
{"vramTrace":"poolBuild.lvl40","dev":0,"usedGB":57.7391,"freeGB":37.2311,"totalGB":94.9702,"poolOk":true,"poolReservedGB":56.0312,"poolReservedHighGB":56.0312,"poolUsedGB":56.0186,"poolUsedHighGB":56.0186,"poolSlackGB":0.0126062,"poolTransientGB":4.90993e-06}
{"vramTrace":"poolBuild.lvl40","dev":1,"usedGB":57.7211,"freeGB":37.2491,"totalGB":94.9702,"poolOk":true,"poolReservedGB":56.0312,"poolReservedHighGB":56.0312,"poolUsedGB":56.0186,"poolUsedHighGB":56.0186,"poolSlackGB":0.0126062,"poolTransientGB":4.90993e-06}
{"vramTrace":"poolBuild.lvl34","dev":0,"usedGB":57.7411,"freeGB":37.2291,"totalGB":94.9702,"poolOk":true,"poolReservedGB":56.0312,"poolReservedHighGB":56.0312,"poolUsedGB":56.0188,"poolUsedHighGB":56.0188,"poolSlackGB":0.0124978,"poolTransientGB":5.17815e-06}
{"vramTrace":"poolBuild.lvl34","dev":1,"usedGB":57.7231,"freeGB":37.2471,"totalGB":94.9702,"poolOk":true,"poolReservedGB":56.0312,"poolReservedHighGB":56.0312,"poolUsedGB":56.0188,"poolUsedHighGB":56.0188,"poolSlackGB":0.0124978,"poolTransientGB":5.17815e-06}
{"vramTrace":"poolBuild.lvl37","dev":0,"usedGB":57.745,"freeGB":37.2252,"totalGB":94.9702,"poolOk":true,"poolReservedGB":56.0312,"poolReservedHighGB":56.0312,"poolUsedGB":56.0188,"poolUsedHighGB":56.0188,"poolSlackGB":0.0124686,"poolTransientGB":5.31226e-06}
{"vramTrace":"poolBuild.lvl37","dev":1,"usedGB":57.727,"freeGB":37.2432,"totalGB":94.9702,"poolOk":true,"poolReservedGB":56.0312,"poolReservedHighGB":56.0312,"poolUsedGB":56.0188,"poolUsedHighGB":56.0188,"poolSlackGB":0.0124686,"poolTransientGB":5.31226e-06}
{"vramTrace":"poolBuild.lvl40","dev":0,"usedGB":57.7391,"freeGB":37.2311,"totalGB":94.9702,"poolOk":true,"poolReservedGB":56.0312,"poolReservedHighGB":56.0312,"poolUsedGB":56.0188,"poolUsedHighGB":56.0188,"poolSlackGB":0.0124552,"poolTransientGB":4.90993e-06}
{"vramTrace":"poolBuild.lvl40","dev":1,"usedGB":57.7211,"freeGB":37.2491,"totalGB":94.9702,"poolOk":true,"poolReservedGB":56.0312,"poolReservedHighGB":56.0312,"poolUsedGB":56.0188,"poolUsedHighGB":56.0188,"poolSlackGB":0.0124552,"poolTransientGB":4.90993e-06}
{"vramTrace":"poolBuild.lvl34","dev":0,"usedGB":57.7411,"freeGB":37.2291,"totalGB":94.9702,"poolOk":true,"poolReservedGB":56.0312,"poolReservedHighGB":56.0312,"poolUsedGB":56.0189,"poolUsedHighGB":56.0189,"poolSlackGB":0.0123468,"poolTransientGB":5.17815e-06}
{"vramTrace":"poolBuild.lvl34","dev":1,"usedGB":57.7231,"freeGB":37.2471,"totalGB":94.9702,"poolOk":true,"poolReservedGB":56.0312,"poolReservedHighGB":56.0312,"poolUsedGB":56.0189,"poolUsedHighGB":56.0189,"poolSlackGB":0.0123468,"poolTransientGB":5.17815e-06}
{"vramTrace":"poolBuild.lvl37","dev":0,"usedGB":57.745,"freeGB":37.2252,"totalGB":94.9702,"poolOk":true,"poolReservedGB":56.0312,"poolReservedHighGB":56.0312,"poolUsedGB":56.0189,"poolUsedHighGB":56.0189,"poolSlackGB":0.0123176,"poolTransientGB":5.31226e-06}
{"vramTrace":"poolBuild.lvl37","dev":1,"usedGB":57.727,"freeGB":37.2432,"totalGB":94.9702,"poolOk":true,"poolReservedGB":56.0312,"poolReservedHighGB":56.0312,"poolUsedGB":56.0189,"poolUsedHighGB":56.0189,"poolSlackGB":0.0123176,"poolTransientGB":5.31226e-06}
{"vramTrace":"poolBuild.lvl40","dev":0,"usedGB":57.7391,"freeGB":37.2311,"totalGB":94.9702,"poolOk":true,"poolReservedGB":56.0312,"poolReservedHighGB":56.0312,"poolUsedGB":56.0189,"poolUsedHighGB":56.019,"poolSlackGB":0.0123042,"poolTransientGB":4.90993e-06}
{"vramTrace":"poolBuild.lvl40","dev":1,"usedGB":57.7211,"freeGB":37.2491,"totalGB":94.9702,"poolOk":true,"poolReservedGB":56.0312,"poolReservedHighGB":56.0312,"poolUsedGB":56.0189,"poolUsedHighGB":56.019,"poolSlackGB":0.0123042,"poolTransientGB":4.90993e-06}
{"vramTrace":"poolBuild.lvl34","dev":0,"usedGB":57.7411,"freeGB":37.2291,"totalGB":94.9702,"poolOk":true,"poolReservedGB":56.0312,"poolReservedHighGB":56.0312,"poolUsedGB":56.0191,"poolUsedHighGB":56.0191,"poolSlackGB":0.0121958,"poolTransientGB":5.17815e-06}
{"vramTrace":"poolBuild.lvl34","dev":1,"usedGB":57.7231,"freeGB":37.2471,"totalGB":94.9702,"poolOk":true,"poolReservedGB":56.0312,"poolReservedHighGB":56.0312,"poolUsedGB":56.0191,"poolUsedHighGB":56.0191,"poolSlackGB":0.0121958,"poolTransientGB":5.17815e-06}
{"vramTrace":"poolBuild.lvl37","dev":0,"usedGB":57.745,"freeGB":37.2252,"totalGB":94.9702,"poolOk":true,"poolReservedGB":56.0312,"poolReservedHighGB":56.0312,"poolUsedGB":56.0191,"poolUsedHighGB":56.0191,"poolSlackGB":0.0121666,"poolTransientGB":5.31226e-06}
{"vramTrace":"poolBuild.lvl37","dev":1,"usedGB":57.727,"freeGB":37.2432,"totalGB":94.9702,"poolOk":true,"poolReservedGB":56.0312,"poolReservedHighGB":56.0312,"poolUsedGB":56.0191,"poolUsedHighGB":56.0191,"poolSlackGB":0.0121666,"poolTransientGB":5.31226e-06}
{"vramTrace":"poolBuild.lvl40","dev":0,"usedGB":57.7391,"freeGB":37.2311,"totalGB":94.9702,"poolOk":true,"poolReservedGB":56.0312,"poolReservedHighGB":56.0312,"poolUsedGB":56.0191,"poolUsedHighGB":56.0191,"poolSlackGB":0.0121532,"poolTransientGB":4.90993e-06}
{"vramTrace":"poolBuild.lvl40","dev":1,"usedGB":57.7211,"freeGB":37.2491,"totalGB":94.9702,"poolOk":true,"poolReservedGB":56.0312,"poolReservedHighGB":56.0312,"poolUsedGB":56.0191,"poolUsedHighGB":56.0191,"poolSlackGB":0.0121532,"poolTransientGB":4.90993e-06}
{"vramTrace":"poolBuild.lvl34","dev":0,"usedGB":57.7411,"freeGB":37.2291,"totalGB":94.9702,"poolOk":true,"poolReservedGB":56.0312,"poolReservedHighGB":56.0312,"poolUsedGB":56.0192,"poolUsedHighGB":56.0192,"poolSlackGB":0.0120448,"poolTransientGB":5.17815e-06}
{"vramTrace":"poolBuild.lvl34","dev":1,"usedGB":57.7231,"freeGB":37.2471,"totalGB":94.9702,"poolOk":true,"poolReservedGB":56.0312,"poolReservedHighGB":56.0312,"poolUsedGB":56.0192,"poolUsedHighGB":56.0192,"poolSlackGB":0.0120448,"poolTransientGB":5.17815e-06}
{"vramTrace":"poolBuild.lvl37","dev":0,"usedGB":57.745,"freeGB":37.2252,"totalGB":94.9702,"poolOk":true,"poolReservedGB":56.0312,"poolReservedHighGB":56.0312,"poolUsedGB":56.0192,"poolUsedHighGB":56.0192,"poolSlackGB":0.0120156,"poolTransientGB":5.31226e-06}
{"vramTrace":"poolBuild.lvl37","dev":1,"usedGB":57.727,"freeGB":37.2432,"totalGB":94.9702,"poolOk":true,"poolReservedGB":56.0312,"poolReservedHighGB":56.0312,"poolUsedGB":56.0192,"poolUsedHighGB":56.0192,"poolSlackGB":0.0120156,"poolTransientGB":5.31226e-06}
{"vramTrace":"poolBuild.lvl40","dev":0,"usedGB":57.7391,"freeGB":37.2311,"totalGB":94.9702,"poolOk":true,"poolReservedGB":56.0312,"poolReservedHighGB":56.0312,"poolUsedGB":56.0192,"poolUsedHighGB":56.0193,"poolSlackGB":0.0120022,"poolTransientGB":4.90993e-06}
{"vramTrace":"poolBuild.lvl40","dev":1,"usedGB":57.7211,"freeGB":37.2491,"totalGB":94.9702,"poolOk":true,"poolReservedGB":56.0312,"poolReservedHighGB":56.0312,"poolUsedGB":56.0192,"poolUsedHighGB":56.0193,"poolSlackGB":0.0120022,"poolTransientGB":4.90993e-06}
{"vramTrace":"poolBuild.lvl34","dev":0,"usedGB":57.7411,"freeGB":37.2291,"totalGB":94.9702,"poolOk":true,"poolReservedGB":56.0312,"poolReservedHighGB":56.0312,"poolUsedGB":56.0194,"poolUsedHighGB":56.0194,"poolSlackGB":0.0118938,"poolTransientGB":5.17815e-06}
{"vramTrace":"poolBuild.lvl34","dev":1,"usedGB":57.7231,"freeGB":37.2471,"totalGB":94.9702,"poolOk":true,"poolReservedGB":56.0312,"poolReservedHighGB":56.0312,"poolUsedGB":56.0194,"poolUsedHighGB":56.0194,"poolSlackGB":0.0118938,"poolTransientGB":5.17815e-06}
{"vramTrace":"poolBuild.lvl37","dev":0,"usedGB":57.745,"freeGB":37.2252,"totalGB":94.9702,"poolOk":true,"poolReservedGB":56.0312,"poolReservedHighGB":56.0312,"poolUsedGB":56.0194,"poolUsedHighGB":56.0194,"poolSlackGB":0.0118646,"poolTransientGB":5.31226e-06}
{"vramTrace":"poolBuild.lvl37","dev":1,"usedGB":57.727,"freeGB":37.2432,"totalGB":94.9702,"poolOk":true,"poolReservedGB":56.0312,"poolReservedHighGB":56.0312,"poolUsedGB":56.0194,"poolUsedHighGB":56.0194,"poolSlackGB":0.0118646,"poolTransientGB":5.31226e-06}
{"vramTrace":"poolBuild.lvl40","dev":0,"usedGB":57.7391,"freeGB":37.2311,"totalGB":94.9702,"poolOk":true,"poolReservedGB":56.0312,"poolReservedHighGB":56.0312,"poolUsedGB":56.0194,"poolUsedHighGB":56.0194,"poolSlackGB":0.0118512,"poolTransientGB":4.90993e-06}
{"vramTrace":"poolBuild.lvl40","dev":1,"usedGB":57.7211,"freeGB":37.2491,"totalGB":94.9702,"poolOk":true,"poolReservedGB":56.0312,"poolReservedHighGB":56.0312,"poolUsedGB":56.0194,"poolUsedHighGB":56.0194,"poolSlackGB":0.0118512,"poolTransientGB":4.90993e-06}
{"vramTrace":"poolBuild.lvl34","dev":0,"usedGB":57.7411,"freeGB":37.2291,"totalGB":94.9702,"poolOk":true,"poolReservedGB":56.0312,"poolReservedHighGB":56.0312,"poolUsedGB":56.0195,"poolUsedHighGB":56.0195,"poolSlackGB":0.0117428,"poolTransientGB":5.17815e-06}
{"vramTrace":"poolBuild.lvl34","dev":1,"usedGB":57.7231,"freeGB":37.2471,"totalGB":94.9702,"poolOk":true,"poolReservedGB":56.0312,"poolReservedHighGB":56.0312,"poolUsedGB":56.0195,"poolUsedHighGB":56.0195,"poolSlackGB":0.0117428,"poolTransientGB":5.17815e-06}
{"vramTrace":"poolBuild.lvl37","dev":0,"usedGB":57.745,"freeGB":37.2252,"totalGB":94.9702,"poolOk":true,"poolReservedGB":56.0312,"poolReservedHighGB":56.0312,"poolUsedGB":56.0195,"poolUsedHighGB":56.0195,"poolSlackGB":0.0117136,"poolTransientGB":5.31226e-06}
{"vramTrace":"poolBuild.lvl37","dev":1,"usedGB":57.727,"freeGB":37.2432,"totalGB":94.9702,"poolOk":true,"poolReservedGB":56.0312,"poolReservedHighGB":56.0312,"poolUsedGB":56.0195,"poolUsedHighGB":56.0195,"poolSlackGB":0.0117136,"poolTransientGB":5.31226e-06}
{"vramTrace":"poolBuild.lvl40","dev":0,"usedGB":57.7391,"freeGB":37.2311,"totalGB":94.9702,"poolOk":true,"poolReservedGB":56.0312,"poolReservedHighGB":56.0312,"poolUsedGB":56.0195,"poolUsedHighGB":56.0196,"poolSlackGB":0.0117002,"poolTransientGB":4.90993e-06}
{"vramTrace":"poolBuild.lvl40","dev":1,"usedGB":57.7211,"freeGB":37.2491,"totalGB":94.9702,"poolOk":true,"poolReservedGB":56.0312,"poolReservedHighGB":56.0312,"poolUsedGB":56.0195,"poolUsedHighGB":56.0196,"poolSlackGB":0.0117002,"poolTransientGB":4.90993e-06}
{"vramTrace":"poolBuild.lvl34","dev":0,"usedGB":57.7411,"freeGB":37.2291,"totalGB":94.9702,"poolOk":true,"poolReservedGB":56.0312,"poolReservedHighGB":56.0312,"poolUsedGB":56.0197,"poolUsedHighGB":56.0197,"poolSlackGB":0.0115918,"poolTransientGB":5.17815e-06}
{"vramTrace":"poolBuild.lvl34","dev":1,"usedGB":57.7231,"freeGB":37.2471,"totalGB":94.9702,"poolOk":true,"poolReservedGB":56.0312,"poolReservedHighGB":56.0312,"poolUsedGB":56.0197,"poolUsedHighGB":56.0197,"poolSlackGB":0.0115918,"poolTransientGB":5.17815e-06}
{"vramTrace":"poolBuild.lvl37","dev":0,"usedGB":57.745,"freeGB":37.2252,"totalGB":94.9702,"poolOk":true,"poolReservedGB":56.0312,"poolReservedHighGB":56.0312,"poolUsedGB":56.0197,"poolUsedHighGB":56.0197,"poolSlackGB":0.0115626,"poolTransientGB":5.31226e-06}
{"vramTrace":"poolBuild.lvl37","dev":1,"usedGB":57.727,"freeGB":37.2432,"totalGB":94.9702,"poolOk":true,"poolReservedGB":56.0312,"poolReservedHighGB":56.0312,"poolUsedGB":56.0197,"poolUsedHighGB":56.0197,"poolSlackGB":0.0115626,"poolTransientGB":5.31226e-06}
{"vramTrace":"poolBuild.lvl40","dev":0,"usedGB":57.7391,"freeGB":37.2311,"totalGB":94.9702,"poolOk":true,"poolReservedGB":56.0312,"poolReservedHighGB":56.0312,"poolUsedGB":56.0197,"poolUsedHighGB":56.0197,"poolSlackGB":0.0115491,"poolTransientGB":4.90993e-06}
{"vramTrace":"poolBuild.lvl40","dev":1,"usedGB":57.7211,"freeGB":37.2491,"totalGB":94.9702,"poolOk":true,"poolReservedGB":56.0312,"poolReservedHighGB":56.0312,"poolUsedGB":56.0197,"poolUsedHighGB":56.0197,"poolSlackGB":0.0115491,"poolTransientGB":4.90993e-06}
{"vramTrace":"poolBuild.lvl34","dev":0,"usedGB":57.7411,"freeGB":37.2291,"totalGB":94.9702,"poolOk":true,"poolReservedGB":56.0312,"poolReservedHighGB":56.0312,"poolUsedGB":56.0198,"poolUsedHighGB":56.0198,"poolSlackGB":0.0114408,"poolTransientGB":5.17815e-06}
{"vramTrace":"poolBuild.lvl34","dev":1,"usedGB":57.7231,"freeGB":37.2471,"totalGB":94.9702,"poolOk":true,"poolReservedGB":56.0312,"poolReservedHighGB":56.0312,"poolUsedGB":56.0198,"poolUsedHighGB":56.0198,"poolSlackGB":0.0114408,"poolTransientGB":5.17815e-06}
{"vramTrace":"poolBuild.lvl37","dev":0,"usedGB":57.745,"freeGB":37.2252,"totalGB":94.9702,"poolOk":true,"poolReservedGB":56.0312,"poolReservedHighGB":56.0312,"poolUsedGB":56.0198,"poolUsedHighGB":56.0198,"poolSlackGB":0.0114115,"poolTransientGB":5.31226e-06}
{"vramTrace":"poolBuild.lvl37","dev":1,"usedGB":57.727,"freeGB":37.2432,"totalGB":94.9702,"poolOk":true,"poolReservedGB":56.0312,"poolReservedHighGB":56.0312,"poolUsedGB":56.0198,"poolUsedHighGB":56.0198,"poolSlackGB":0.0114115,"poolTransientGB":5.31226e-06}
{"vramTrace":"poolBuild.lvl40","dev":0,"usedGB":57.7391,"freeGB":37.2311,"totalGB":94.9702,"poolOk":true,"poolReservedGB":56.0312,"poolReservedHighGB":56.0312,"poolUsedGB":56.0199,"poolUsedHighGB":56.0199,"poolSlackGB":0.0113981,"poolTransientGB":4.90993e-06}
{"vramTrace":"poolBuild.lvl40","dev":1,"usedGB":57.7211,"freeGB":37.2491,"totalGB":94.9702,"poolOk":true,"poolReservedGB":56.0312,"poolReservedHighGB":56.0312,"poolUsedGB":56.0199,"poolUsedHighGB":56.0199,"poolSlackGB":0.0113981,"poolTransientGB":4.90993e-06}
{"vramTrace":"poolBuild.lvl34","dev":0,"usedGB":57.7411,"freeGB":37.2291,"totalGB":94.9702,"poolOk":true,"poolReservedGB":56.0312,"poolReservedHighGB":56.0312,"poolUsedGB":56.02,"poolUsedHighGB":56.02,"poolSlackGB":0.0112898,"poolTransientGB":5.17815e-06}
{"vramTrace":"poolBuild.lvl34","dev":1,"usedGB":57.7231,"freeGB":37.2471,"totalGB":94.9702,"poolOk":true,"poolReservedGB":56.0312,"poolReservedHighGB":56.0312,"poolUsedGB":56.02,"poolUsedHighGB":56.02,"poolSlackGB":0.0112898,"poolTransientGB":5.17815e-06}
{"vramTrace":"poolBuild.lvl37","dev":0,"usedGB":57.745,"freeGB":37.2252,"totalGB":94.9702,"poolOk":true,"poolReservedGB":56.0312,"poolReservedHighGB":56.0312,"poolUsedGB":56.02,"poolUsedHighGB":56.02,"poolSlackGB":0.0112605,"poolTransientGB":5.31226e-06}
{"vramTrace":"poolBuild.lvl37","dev":1,"usedGB":57.727,"freeGB":37.2432,"totalGB":94.9702,"poolOk":true,"poolReservedGB":56.0312,"poolReservedHighGB":56.0312,"poolUsedGB":56.02,"poolUsedHighGB":56.02,"poolSlackGB":0.0112605,"poolTransientGB":5.31226e-06}
{"vramTrace":"poolBuild.lvl40","dev":0,"usedGB":57.7391,"freeGB":37.2311,"totalGB":94.9702,"poolOk":true,"poolReservedGB":56.0312,"poolReservedHighGB":56.0312,"poolUsedGB":56.02,"poolUsedHighGB":56.02,"poolSlackGB":0.0112471,"poolTransientGB":4.90993e-06}
{"vramTrace":"poolBuild.lvl40","dev":1,"usedGB":57.7211,"freeGB":37.2491,"totalGB":94.9702,"poolOk":true,"poolReservedGB":56.0312,"poolReservedHighGB":56.0312,"poolUsedGB":56.02,"poolUsedHighGB":56.02,"poolSlackGB":0.0112471,"poolTransientGB":4.90993e-06}
{"vramTrace":"poolBuild.lvl34","dev":0,"usedGB":57.7411,"freeGB":37.2291,"totalGB":94.9702,"poolOk":true,"poolReservedGB":56.0312,"poolReservedHighGB":56.0312,"poolUsedGB":56.0201,"poolUsedHighGB":56.0201,"poolSlackGB":0.0111388,"poolTransientGB":5.17815e-06}
{"vramTrace":"poolBuild.lvl34","dev":1,"usedGB":57.7231,"freeGB":37.2471,"totalGB":94.9702,"poolOk":true,"poolReservedGB":56.0312,"poolReservedHighGB":56.0312,"poolUsedGB":56.0201,"poolUsedHighGB":56.0201,"poolSlackGB":0.0111388,"poolTransientGB":5.17815e-06}
{"vramTrace":"poolBuild.lvl37","dev":0,"usedGB":57.745,"freeGB":37.2252,"totalGB":94.9702,"poolOk":true,"poolReservedGB":56.0312,"poolReservedHighGB":56.0312,"poolUsedGB":56.0201,"poolUsedHighGB":56.0201,"poolSlackGB":0.0111095,"poolTransientGB":5.31226e-06}
{"vramTrace":"poolBuild.lvl37","dev":1,"usedGB":57.727,"freeGB":37.2432,"totalGB":94.9702,"poolOk":true,"poolReservedGB":56.0312,"poolReservedHighGB":56.0312,"poolUsedGB":56.0201,"poolUsedHighGB":56.0201,"poolSlackGB":0.0111095,"poolTransientGB":5.31226e-06}
{"vramTrace":"poolBuild.lvl40","dev":0,"usedGB":57.7391,"freeGB":37.2311,"totalGB":94.9702,"poolOk":true,"poolReservedGB":56.0312,"poolReservedHighGB":56.0312,"poolUsedGB":56.0202,"poolUsedHighGB":56.0202,"poolSlackGB":0.0110961,"poolTransientGB":4.90993e-06}
{"vramTrace":"poolBuild.lvl40","dev":1,"usedGB":57.7211,"freeGB":37.2491,"totalGB":94.9702,"poolOk":true,"poolReservedGB":56.0312,"poolReservedHighGB":56.0312,"poolUsedGB":56.0202,"poolUsedHighGB":56.0202,"poolSlackGB":0.0110961,"poolTransientGB":4.90993e-06}
{"vramTrace":"poolBuild.lvl34","dev":0,"usedGB":57.7411,"freeGB":37.2291,"totalGB":94.9702,"poolOk":true,"poolReservedGB":56.0312,"poolReservedHighGB":56.0312,"poolUsedGB":56.0203,"poolUsedHighGB":56.0203,"poolSlackGB":0.0109878,"poolTransientGB":5.17815e-06}
{"vramTrace":"poolBuild.lvl34","dev":1,"usedGB":57.7231,"freeGB":37.2471,"totalGB":94.9702,"poolOk":true,"poolReservedGB":56.0312,"poolReservedHighGB":56.0312,"poolUsedGB":56.0203,"poolUsedHighGB":56.0203,"poolSlackGB":0.0109878,"poolTransientGB":5.17815e-06}
{"vramTrace":"poolBuild.lvl37","dev":0,"usedGB":57.745,"freeGB":37.2252,"totalGB":94.9702,"poolOk":true,"poolReservedGB":56.0312,"poolReservedHighGB":56.0312,"poolUsedGB":56.0203,"poolUsedHighGB":56.0203,"poolSlackGB":0.0109585,"poolTransientGB":5.31226e-06}
{"vramTrace":"poolBuild.lvl37","dev":1,"usedGB":57.727,"freeGB":37.2432,"totalGB":94.9702,"poolOk":true,"poolReservedGB":56.0312,"poolReservedHighGB":56.0312,"poolUsedGB":56.0203,"poolUsedHighGB":56.0203,"poolSlackGB":0.0109585,"poolTransientGB":5.31226e-06}
{"vramTrace":"poolBuild.lvl40","dev":0,"usedGB":57.7391,"freeGB":37.2311,"totalGB":94.9702,"poolOk":true,"poolReservedGB":56.0312,"poolReservedHighGB":56.0312,"poolUsedGB":56.0203,"poolUsedHighGB":56.0203,"poolSlackGB":0.0109451,"poolTransientGB":4.90993e-06}
{"vramTrace":"poolBuild.lvl40","dev":1,"usedGB":57.7211,"freeGB":37.2491,"totalGB":94.9702,"poolOk":true,"poolReservedGB":56.0312,"poolReservedHighGB":56.0312,"poolUsedGB":56.0203,"poolUsedHighGB":56.0203,"poolSlackGB":0.0109451,"poolTransientGB":4.90993e-06}
{"vramTrace":"poolBuild.lvl34","dev":0,"usedGB":57.7411,"freeGB":37.2291,"totalGB":94.9702,"poolOk":true,"poolReservedGB":56.0312,"poolReservedHighGB":56.0312,"poolUsedGB":56.0204,"poolUsedHighGB":56.0204,"poolSlackGB":0.0108368,"poolTransientGB":5.17815e-06}
{"vramTrace":"poolBuild.lvl34","dev":1,"usedGB":57.7231,"freeGB":37.2471,"totalGB":94.9702,"poolOk":true,"poolReservedGB":56.0312,"poolReservedHighGB":56.0312,"poolUsedGB":56.0204,"poolUsedHighGB":56.0204,"poolSlackGB":0.0108368,"poolTransientGB":5.17815e-06}
{"vramTrace":"poolBuild.lvl37","dev":0,"usedGB":57.745,"freeGB":37.2252,"totalGB":94.9702,"poolOk":true,"poolReservedGB":56.0312,"poolReservedHighGB":56.0312,"poolUsedGB":56.0204,"poolUsedHighGB":56.0204,"poolSlackGB":0.0108075,"poolTransientGB":5.31226e-06}
{"vramTrace":"poolBuild.lvl37","dev":1,"usedGB":57.727,"freeGB":37.2432,"totalGB":94.9702,"poolOk":true,"poolReservedGB":56.0312,"poolReservedHighGB":56.0312,"poolUsedGB":56.0204,"poolUsedHighGB":56.0204,"poolSlackGB":0.0108075,"poolTransientGB":5.31226e-06}
{"vramTrace":"poolBuild.lvl40","dev":0,"usedGB":57.7391,"freeGB":37.2311,"totalGB":94.9702,"poolOk":true,"poolReservedGB":56.0312,"poolReservedHighGB":56.0312,"poolUsedGB":56.0205,"poolUsedHighGB":56.0205,"poolSlackGB":0.0107941,"poolTransientGB":4.90993e-06}
{"vramTrace":"poolBuild.lvl40","dev":1,"usedGB":57.7211,"freeGB":37.2491,"totalGB":94.9702,"poolOk":true,"poolReservedGB":56.0312,"poolReservedHighGB":56.0312,"poolUsedGB":56.0205,"poolUsedHighGB":56.0205,"poolSlackGB":0.0107941,"poolTransientGB":4.90993e-06}
{"canonicalCarry":"tick","boots":48,"scanLevel":19,"uLevel":19,"maxGap":38}
{"serverOut":true,"replyPrescaleLog2":0,"finalRefresh":false,"file":"/root/demo/serve/resp.0","count":1,"tokensReal":1,"level":37,"totalBytes":4197786,"serializeMs":1332}
{"serve":"served","req":0,"failed":false,"tokens":1,"reqEvalMs":144376,"reqBootMs":37349,"reqEncPtMs":0,"reqBoots":626,"reqMsPerToken":181726,"reqNormBootMs":5228,"reqMsPerTokenExBoot":176497,"reqLayerLoopMs":223594,"reqLayerLoopUntimedMs":58956,"reqStageMs":{"shiftMix":652,"scan":4620,"gate":3245,"hidden":45248,"residual":15},"reqHostPtEncodeMs":49577,"reqHostPtEncodeCount":4054,"peakVramGB":57.7704}
{"vramTrace":"serve.done.0","dev":0,"usedGB":57.7704,"freeGB":37.1998,"totalGB":94.9702,"poolOk":true,"poolReservedGB":56.0625,"poolReservedHighGB":56.0625,"poolUsedGB":56.0209,"poolUsedHighGB":56.0209,"poolSlackGB":0.0416399,"poolTransientGB":5.31226e-06}
{"vramTrace":"serve.done.0","dev":1,"usedGB":57.7524,"freeGB":37.2178,"totalGB":94.9702,"poolOk":true,"poolReservedGB":56.0625,"poolReservedHighGB":56.0625,"poolUsedGB":56.0209,"poolUsedHighGB":56.0209,"poolSlackGB":0.0416399,"poolTransientGB":5.31226e-06}
{"serve":"waiting","req":1,"dir":"/root/demo/serve","timeoutSec":7200,"served":1}
{"serve":"exit","reason":"stop","served":1}
{"vramTrace":"final","dev":0,"usedGB":57.7704,"freeGB":37.1998,"totalGB":94.9702,"poolOk":true,"poolReservedGB":56.0625,"poolReservedHighGB":56.0625,"poolUsedGB":56.0209,"poolUsedHighGB":56.0209,"poolSlackGB":0.0416399,"poolTransientGB":0}
{"vramTrace":"final","dev":1,"usedGB":57.7524,"freeGB":37.2178,"totalGB":94.9702,"poolOk":true,"poolReservedGB":56.0625,"poolReservedHighGB":56.0625,"poolUsedGB":56.0209,"poolUsedHighGB":56.0209,"poolSlackGB":0.0416399,"poolTransientGB":0}
{"summary":true,"realModel":true,"arch":"native","tag":"pbd430a","tokens":1,"packTokens":1,"layers":24,"secure":true,"boots":626,"bootsPerToken":626,"clientEncryptMs":15345,"gpuEvalMs":144376,"gpuBootstrapMs":37349,"decryptMs":0,"gpuMsPerToken":181726,"encPtMs":0,"encPtCount":0,"encPtFracOfEval":0,"encThreads":24,"band":-1,"ringMix":false,"bootFloor":3,"deferredScan":0,"deferredFolds":0,"deferredTermsKept":0,"uDropLevel":0,"uDrops":0,"uDropBoots":0,"branchOutBoot":false,"branchOutBoots":0,"branchOutSkipped":0,"pipeline":false,"pipeMs":0,"staticNorm":false,"normEps":1e-05,"periodicEncodeOn":true,"periodicVerifyEvery":0,"serialCarry":true,"finalRefresh":false,"equalizeBlocks":false,"scaleBits":59,"passes":1,"cacheDiags":false,"cacheEntries":0,"cacheHits":0,"ptCache":false,"ptScalar":false,"ptCacheVerify":false,"ptCacheMaxGb":16,"ptCalls":4054,"ptCacheEntries":0,"ptCacheHits":0,"ptCacheMisses":0,"ptCacheMissMs":0,"ptCacheDenseFallback":0,"ptCacheDenseMiss":0,"ptCacheSkipped":0,"ptCacheLimbs":0,"ptCacheResidentGB":0,"ptCacheVerified":0,"ptCacheVerifyFail":0,"ptScalarOps":0,"ptScalarMul":0,"ptScalarAdd":0,"ptScalarDeg2Fallback":0,"ptScalarClasses":0,"ptScalarClassesRejected":0,"ptScalarRejectedOps":0,"msPerToken":181726,"tokPerSec":0.0055028,"totalWallMs":468791,"setupMs":55702,"unaccountedMs":216018,"wallMsPerToken":413089,"peakVramGB":57.7704,"procPeakVramGB":-1,"poolHighRun":[{"dev":0,"usedHighGB":56.020865,"reservedHighGB":56.062500},{"dev":1,"usedHighGB":56.020865,"reservedHighGB":56.062500}],"syncTimersOn":false,"syncSplit":{"babyRotMs":0,"ctPtApplyMs":0,"giantMs":0,"rescaleMs":0,"bootMs":0},"normBootMs":5228,"gpuEvalMsExBoot":139147,"msPerTokenExBoot":176497,"stageTimersOn":true,"layerLoopMs":223594,"layerLoopUntimedMs":58956,"stageMs":{"shiftMix":652,"scan":4620,"gate":3245,"hidden":45248,"residual":15},"layerLoopResidualMs":5173,"hostPtEncodeMs":49577,"hostPtEncodeCount":4054,"hostPtEncodeStageMs":13791,"hostPtEncodeStageCount":1152,"unaccountedMsExBoot":221246,"unaccountedMsAfterStages":167463,"storeOn":true,"storeHits":688128,"storeMisses":0,"storeDead":0,"storeUncompressible":0,"reqEntryBoots":1,"reqFolds":0,"reqSeeded":0,"reqLevel":40,"prescaleLog2":0,"reqClientEncryptMs":38,"replyLimbs":0,"replyLimbsOut":0,"replyConjAdd":false,"replyScaleLog2":0,"dropLevels":{"wv":7,"wkr":4,"wout":7,"win":4},"dropsApplied":144,"dropsSettled":0,"dropsSkippedDeeper":0,"dropsAtTarget":192,"rsqrtSidecar":"","rsqrtItersSum":170,"periodicEncodeCount":120,"periodicVerifyCount":0,"periodicVerifyOk":0,"periodicFallbackCount":0,"storeFetchMs":24734,"storeBytes":76500287488,"storeFile":"/root/demo/store_pbd430a_r17_xd12_lanesblock_canon_nr.bin","storeLoaded":true,"storeSaved":false,"storeVerifyOk":240,"storeVerifyBad":0,"storeVerifyMs":35,"storeAppends":0,"storeJournalEntries":247808,"failed":false,"worstLogitErr":-1,"logRing":17,"ringDim":131072,"slots":65536,"dpad":1024,"rep":64,"levelBudget":[3,3],"depth":41,"extraDepth":12,"matvecMargin":4,"schedule":"stock","pfEntry":"loop","shareBabies":false,"newtonDepth2":false,"poolLevels":2,"blockType":"sequential","pfBoots":0,"babyShared":0,"babyComputed":336,"poolBuilds":73,"poolBuildMs":25953,"canonicalCarry":true,"newtonRobustFrac":0.3,"newtonRobustIters":8,"carryPrescaleLog2":0,"carryPrescaleSkipped":0,"canonBoots":96,"canonMaxGap":38,"canonLevel":19,"interleave":false,"fidelity":{"logitCheckTokens":0,"top1Agree":-1,"relLogitErrRmsMean":-1,"relLogitErrRmsMax":-1,"worstLogitErrIsMaxClass":true},"quality":{"nativeTestPpl":null,"weightsSha256":null,"source":null},"harnessFile":"gpu_real_model_x.cu","harnessSha256":"10e23d1d2d2ce9a7","harnessCommit":"62de0335de8e","harnessDirty":true,"buildUtc":"2026-09-18T07:19:29Z","cmdline":"/root/fhe-main-demo/build-demo/gpu_real_model_x --tag pbd430a --bundle-dir /root/src/ml-eval/artifacts --device 0 --log-ring 17 --secure --level-budget 3 3 --ms-norm 5.5 --enc-threads 24 --boot-floor 3 --matvec-margin 4 --extra-depth 12 --canonical-carry --periodic-encode --drop-wv 7 --drop-wkr 4 --drop-wout 7 --drop-win 4 --newton-robust 0.3 8 --pack-tokens 1 --lanes-block --compressed-store --devices 0,1 --store-multi-gpu --keys-dir /root/mac_keys_r17 --keys-load --serve /root/demo/serve --serve-timeout 7200 --stateful --store-file /root/demo/store_pbd430a_r17_xd12_lanesblock_canon_nr.bin --vram-trace"}
