FIDESLIB_USE_MEMCPY_PEER=0, set to: 0
{"schedLevers":true,"schedule":"stock","pfEntry":"loop","shareBabies":false,"newtonDepth2":false,"poolLevels":2,"stockPath":true}
GPU 0: NVIDIA RTX PRO 6000 Blackwell Workstation Edition
 SMs: 188, SharedMem: 100 KB, Blocks/SM: 24, Threads/SM: 1536, L2 size: 128 MB, Bus: 512-bit
GPU 1: NVIDIA RTX PRO 6000 Blackwell Workstation Edition
 SMs: 188, SharedMem: 100 KB, Blocks/SM: 24, Threads/SM: 1536, L2 size: 128 MB, Bus: 512-bit
Adding bootstrap precomputation to GPU for 16384 slots.
Plaintexts loaded: 378 ~ 4063MB
Rotation keys loaded: 82 ~ 6396MB
{"vramTrace":"loadContext","dev":0,"usedGB":52.5276,"freeGB":42.4426,"totalGB":94.9702,"poolOk":true,"poolReservedGB":10.0312,"poolReservedHighGB":10.0312,"poolUsedGB":10.0088,"poolUsedHighGB":10.0088,"poolSlackGB":0.0224609,"poolTransientGB":0}
{"harness":"gpu_real_model","arch":"native","tag":"agnd768b","secure":false,"ringDim":32768,"slots":16384,"d":768,"Dpad":1024,"REP":16,"L":12,"dff":3072,"BS":32,"haveBundle":true,"ompMaxThreads":24,"scaleBits":59,"normEpsOn":true,"setupMs":4146}
{"vramTrace":"pass.0","dev":0,"usedGB":52.5276,"freeGB":42.4426,"totalGB":94.9702,"poolOk":true,"poolReservedGB":10.0312,"poolReservedHighGB":10.0312,"poolUsedGB":10.0088,"poolUsedHighGB":10.0088,"poolSlackGB":0.0224609,"poolTransientGB":0}
{"wvCheck":true,"layer":0,"ch":0,"nonFinite":0,"maxAbsErr":1.4569e-05,"refMax":0.0134646,"relErr":0.00108203}
{"wvCheck":true,"layer":0,"ch":1,"nonFinite":0,"maxAbsErr":1.48977e-05,"refMax":0.0109262,"relErr":0.00136349}
{"wvCheck":true,"layer":0,"ch":2,"nonFinite":0,"maxAbsErr":1.23716e-05,"refMax":0.0130265,"relErr":0.000949726}
{"logitCheck":true,"token":0,"nonFiniteLogits":0,"maxAbsLogitErr":0.130178,"refMaxAbsLogit":8.97524,"relLogitErr":0.0145042,"relLogitErrRms":0.0145213,"top1Agree":true,"argmax":15,"argmaxRef":15}
{"logitCheck":true,"token":1,"nonFiniteLogits":0,"maxAbsLogitErr":0.122757,"refMaxAbsLogit":8.45381,"relLogitErr":0.014521,"relLogitErrRms":0.0145315,"top1Agree":true,"argmax":15,"argmaxRef":15}
{"logitCheck":true,"token":2,"nonFiniteLogits":0,"maxAbsLogitErr":0.0923082,"refMaxAbsLogit":6.51556,"relLogitErr":0.0141673,"relLogitErrRms":0.0140785,"top1Agree":true,"argmax":187,"argmaxRef":187}
{"logitCheck":true,"token":3,"nonFiniteLogits":0,"maxAbsLogitErr":0.137367,"refMaxAbsLogit":9.49603,"relLogitErr":0.0144657,"relLogitErrRms":0.0144362,"top1Agree":true,"argmax":15,"argmaxRef":15}
{"logitCheck":true,"token":4,"nonFiniteLogits":0,"maxAbsLogitErr":0.151599,"refMaxAbsLogit":10.4599,"relLogitErr":0.0144933,"relLogitErrRms":0.0145291,"top1Agree":true,"argmax":15,"argmaxRef":15}
{"logitCheck":true,"token":5,"nonFiniteLogits":0,"maxAbsLogitErr":0.140302,"refMaxAbsLogit":9.63055,"relLogitErr":0.0145685,"relLogitErrRms":0.0145906,"top1Agree":true,"argmax":15,"argmaxRef":15}
{"logitCheck":true,"token":6,"nonFiniteLogits":0,"maxAbsLogitErr":0.14317,"refMaxAbsLogit":9.8541,"relLogitErr":0.0145289,"relLogitErrRms":0.0145224,"top1Agree":true,"argmax":15,"argmaxRef":15}
{"logitCheck":true,"token":7,"nonFiniteLogits":0,"maxAbsLogitErr":0.128599,"refMaxAbsLogit":8.7355,"relLogitErr":0.0147215,"relLogitErrRms":0.0147162,"top1Agree":true,"argmax":15,"argmaxRef":15}
{"logitCheck":true,"token":8,"nonFiniteLogits":0,"maxAbsLogitErr":0.0980865,"refMaxAbsLogit":6.72231,"relLogitErr":0.0145912,"relLogitErrRms":0.0145704,"top1Agree":true,"argmax":187,"argmaxRef":187}
{"logitCheck":true,"token":9,"nonFiniteLogits":0,"maxAbsLogitErr":0.142614,"refMaxAbsLogit":9.68478,"relLogitErr":0.0147256,"relLogitErrRms":0.0147559,"top1Agree":true,"argmax":15,"argmaxRef":15}
{"logitCheck":true,"token":10,"nonFiniteLogits":0,"maxAbsLogitErr":0.153974,"refMaxAbsLogit":10.6373,"relLogitErr":0.0144749,"relLogitErrRms":0.0144669,"top1Agree":true,"argmax":15,"argmaxRef":15}
{"logitCheck":true,"token":11,"nonFiniteLogits":0,"maxAbsLogitErr":0.172901,"refMaxAbsLogit":11.929,"relLogitErr":0.0144942,"relLogitErrRms":0.0144808,"top1Agree":true,"argmax":253,"argmaxRef":253}
{"logitCheck":true,"token":12,"nonFiniteLogits":0,"maxAbsLogitErr":0.115259,"refMaxAbsLogit":7.87447,"relLogitErr":0.014637,"relLogitErrRms":0.0146184,"top1Agree":true,"argmax":253,"argmaxRef":253}
{"logitCheck":true,"token":13,"nonFiniteLogits":0,"maxAbsLogitErr":0.15179,"refMaxAbsLogit":10.5195,"relLogitErr":0.0144294,"relLogitErrRms":0.0144259,"top1Agree":true,"argmax":15,"argmaxRef":15}
{"logitCheck":true,"token":14,"nonFiniteLogits":0,"maxAbsLogitErr":0.176148,"refMaxAbsLogit":12.1084,"relLogitErr":0.0145477,"relLogitErrRms":0.0145493,"top1Agree":true,"argmax":13,"argmaxRef":13}
{"logitCheck":true,"token":15,"nonFiniteLogits":0,"maxAbsLogitErr":0.166262,"refMaxAbsLogit":11.4619,"relLogitErr":0.0145056,"relLogitErrRms":0.0145198,"top1Agree":true,"argmax":15,"argmaxRef":15}
{"logitCheck":true,"token":16,"nonFiniteLogits":0,"maxAbsLogitErr":0.178611,"refMaxAbsLogit":12.257,"relLogitErr":0.0145721,"relLogitErrRms":0.014539,"top1Agree":true,"argmax":13,"argmaxRef":13}
{"logitCheck":true,"token":17,"nonFiniteLogits":0,"maxAbsLogitErr":0.139667,"refMaxAbsLogit":9.57639,"relLogitErr":0.0145845,"relLogitErrRms":0.0145649,"top1Agree":true,"argmax":253,"argmaxRef":253}
{"logitCheck":true,"token":18,"nonFiniteLogits":0,"maxAbsLogitErr":0.180502,"refMaxAbsLogit":12.43,"relLogitErr":0.0145215,"relLogitErrRms":0.0145438,"top1Agree":true,"argmax":13,"argmaxRef":13}
{"logitCheck":true,"token":19,"nonFiniteLogits":0,"maxAbsLogitErr":0.179389,"refMaxAbsLogit":12.2647,"relLogitErr":0.0146265,"relLogitErrRms":0.0146306,"top1Agree":true,"argmax":13,"argmaxRef":13}
{"logitCheck":true,"token":20,"nonFiniteLogits":0,"maxAbsLogitErr":0.153681,"refMaxAbsLogit":10.6243,"relLogitErr":0.014465,"relLogitErrRms":0.0144406,"top1Agree":true,"argmax":15,"argmaxRef":15}
{"logitCheck":true,"token":21,"nonFiniteLogits":0,"maxAbsLogitErr":0.14534,"refMaxAbsLogit":10.1062,"relLogitErr":0.0143812,"relLogitErrRms":0.0143673,"top1Agree":true,"argmax":15,"argmaxRef":15}
{"logitCheck":true,"token":22,"nonFiniteLogits":0,"maxAbsLogitErr":0.171255,"refMaxAbsLogit":11.7623,"relLogitErr":0.0145596,"relLogitErrRms":0.0145643,"top1Agree":true,"argmax":13,"argmaxRef":13}
{"logitCheck":true,"token":23,"nonFiniteLogits":0,"maxAbsLogitErr":0.120117,"refMaxAbsLogit":8.26762,"relLogitErr":0.0145286,"relLogitErrRms":0.014521,"top1Agree":true,"argmax":253,"argmaxRef":253}
{"logitCheck":true,"token":24,"nonFiniteLogits":0,"maxAbsLogitErr":0.162946,"refMaxAbsLogit":11.2504,"relLogitErr":0.0144835,"relLogitErrRms":0.0145166,"top1Agree":true,"argmax":13,"argmaxRef":13}
{"logitCheck":true,"token":25,"nonFiniteLogits":0,"maxAbsLogitErr":0.145006,"refMaxAbsLogit":10.0308,"relLogitErr":0.0144561,"relLogitErrRms":0.0144602,"top1Agree":true,"argmax":15,"argmaxRef":15}
{"logitCheck":true,"token":26,"nonFiniteLogits":0,"maxAbsLogitErr":0.0661982,"refMaxAbsLogit":4.62569,"relLogitErr":0.014311,"relLogitErrRms":0.014287,"top1Agree":true,"argmax":187,"argmaxRef":187}
{"logitCheck":true,"token":27,"nonFiniteLogits":0,"maxAbsLogitErr":0.112639,"refMaxAbsLogit":7.7641,"relLogitErr":0.0145077,"relLogitErrRms":0.0144875,"top1Agree":true,"argmax":15,"argmaxRef":15}
{"logitCheck":true,"token":28,"nonFiniteLogits":0,"maxAbsLogitErr":0.163681,"refMaxAbsLogit":11.2465,"relLogitErr":0.0145539,"relLogitErrRms":0.0145332,"top1Agree":true,"argmax":13,"argmaxRef":13}
{"logitCheck":true,"token":29,"nonFiniteLogits":0,"maxAbsLogitErr":0.210769,"refMaxAbsLogit":14.4921,"relLogitErr":0.0145437,"relLogitErrRms":0.0145269,"top1Agree":true,"argmax":13,"argmaxRef":13}
{"logitCheck":true,"token":30,"nonFiniteLogits":0,"maxAbsLogitErr":0.178469,"refMaxAbsLogit":12.2415,"relLogitErr":0.014579,"relLogitErrRms":0.0145729,"top1Agree":true,"argmax":253,"argmaxRef":253}
{"logitCheck":true,"token":31,"nonFiniteLogits":0,"maxAbsLogitErr":0.115,"refMaxAbsLogit":7.96442,"relLogitErr":0.0144393,"relLogitErrRms":0.0144137,"top1Agree":true,"argmax":253,"argmaxRef":253}
{"logitCheck":true,"token":32,"nonFiniteLogits":0,"maxAbsLogitErr":0.175888,"refMaxAbsLogit":12.1814,"relLogitErr":0.0144391,"relLogitErrRms":0.014439,"top1Agree":true,"argmax":13,"argmaxRef":13}
{"logitCheck":true,"token":33,"nonFiniteLogits":0,"maxAbsLogitErr":0.199508,"refMaxAbsLogit":13.7144,"relLogitErr":0.0145473,"relLogitErrRms":0.0145545,"top1Agree":true,"argmax":13,"argmaxRef":13}
{"logitCheck":true,"token":34,"nonFiniteLogits":0,"maxAbsLogitErr":0.118427,"refMaxAbsLogit":8.12996,"relLogitErr":0.0145667,"relLogitErrRms":0.0145441,"top1Agree":true,"argmax":15,"argmaxRef":15}
{"logitCheck":true,"token":35,"nonFiniteLogits":0,"maxAbsLogitErr":0.154793,"refMaxAbsLogit":10.6473,"relLogitErr":0.0145383,"relLogitErrRms":0.0145554,"top1Agree":true,"argmax":15,"argmaxRef":15}
{"logitCheck":true,"token":36,"nonFiniteLogits":0,"maxAbsLogitErr":0.154626,"refMaxAbsLogit":10.6431,"relLogitErr":0.0145283,"relLogitErrRms":0.0145776,"top1Agree":true,"argmax":253,"argmaxRef":253}
{"logitCheck":true,"token":37,"nonFiniteLogits":0,"maxAbsLogitErr":0.17437,"refMaxAbsLogit":11.8891,"relLogitErr":0.0146663,"relLogitErrRms":0.0146764,"top1Agree":true,"argmax":15,"argmaxRef":15}
{"logitCheck":true,"token":38,"nonFiniteLogits":0,"maxAbsLogitErr":0.156599,"refMaxAbsLogit":10.7356,"relLogitErr":0.0145869,"relLogitErrRms":0.0146263,"top1Agree":true,"argmax":15,"argmaxRef":15}
{"logitCheck":true,"token":39,"nonFiniteLogits":0,"maxAbsLogitErr":0.154403,"refMaxAbsLogit":10.6999,"relLogitErr":0.0144303,"relLogitErrRms":0.01446,"top1Agree":true,"argmax":15,"argmaxRef":15}
{"logitCheck":true,"token":40,"nonFiniteLogits":0,"maxAbsLogitErr":0.167702,"refMaxAbsLogit":11.5606,"relLogitErr":0.0145064,"relLogitErrRms":0.0144971,"top1Agree":true,"argmax":13,"argmaxRef":13}
{"logitCheck":true,"token":41,"nonFiniteLogits":0,"maxAbsLogitErr":0.199493,"refMaxAbsLogit":13.5916,"relLogitErr":0.0146777,"relLogitErrRms":0.0146406,"top1Agree":true,"argmax":13,"argmaxRef":13}
{"logitCheck":true,"token":42,"nonFiniteLogits":0,"maxAbsLogitErr":0.1547,"refMaxAbsLogit":10.5567,"relLogitErr":0.0146542,"relLogitErrRms":0.0146308,"top1Agree":true,"argmax":253,"argmaxRef":253}
{"logitCheck":true,"token":43,"nonFiniteLogits":0,"maxAbsLogitErr":0.119676,"refMaxAbsLogit":8.28766,"relLogitErr":0.0144403,"relLogitErrRms":0.0144543,"top1Agree":true,"argmax":253,"argmaxRef":253}
{"logitCheck":true,"token":44,"nonFiniteLogits":0,"maxAbsLogitErr":0.171247,"refMaxAbsLogit":11.7706,"relLogitErr":0.0145487,"relLogitErrRms":0.0145535,"top1Agree":true,"argmax":13,"argmaxRef":13}
{"logitCheck":true,"token":45,"nonFiniteLogits":0,"maxAbsLogitErr":0.215231,"refMaxAbsLogit":14.8236,"relLogitErr":0.0145195,"relLogitErrRms":0.0145076,"top1Agree":true,"argmax":13,"argmaxRef":13}
{"logitCheck":true,"token":46,"nonFiniteLogits":0,"maxAbsLogitErr":0.163148,"refMaxAbsLogit":11.3354,"relLogitErr":0.0143927,"relLogitErrRms":0.0143541,"top1Agree":true,"argmax":253,"argmaxRef":253}
{"logitCheck":true,"token":47,"nonFiniteLogits":0,"maxAbsLogitErr":0.114899,"refMaxAbsLogit":8.05897,"relLogitErr":0.0142573,"relLogitErrRms":0.0143069,"top1Agree":true,"argmax":253,"argmaxRef":253}
{"logitCheck":true,"token":48,"nonFiniteLogits":0,"maxAbsLogitErr":0.194634,"refMaxAbsLogit":13.318,"relLogitErr":0.0146144,"relLogitErrRms":0.0146145,"top1Agree":true,"argmax":13,"argmaxRef":13}
{"logitCheck":true,"token":49,"nonFiniteLogits":0,"maxAbsLogitErr":0.142968,"refMaxAbsLogit":9.88216,"relLogitErr":0.0144673,"relLogitErrRms":0.0144534,"top1Agree":true,"argmax":15,"argmaxRef":15}
{"logitCheck":true,"token":50,"nonFiniteLogits":0,"maxAbsLogitErr":0.185206,"refMaxAbsLogit":12.778,"relLogitErr":0.0144941,"relLogitErrRms":0.0144508,"top1Agree":true,"argmax":15,"argmaxRef":15}
{"logitCheck":true,"token":51,"nonFiniteLogits":0,"maxAbsLogitErr":0.201231,"refMaxAbsLogit":13.7212,"relLogitErr":0.0146657,"relLogitErrRms":0.0146708,"top1Agree":true,"argmax":13,"argmaxRef":13}
{"logitCheck":true,"token":52,"nonFiniteLogits":0,"maxAbsLogitErr":0.156783,"refMaxAbsLogit":10.6566,"relLogitErr":0.0147123,"relLogitErrRms":0.0147453,"top1Agree":true,"argmax":253,"argmaxRef":253}
{"logitCheck":true,"token":53,"nonFiniteLogits":0,"maxAbsLogitErr":0.162952,"refMaxAbsLogit":11.1488,"relLogitErr":0.0146161,"relLogitErrRms":0.0146524,"top1Agree":true,"argmax":15,"argmaxRef":15}
{"logitCheck":true,"token":54,"nonFiniteLogits":0,"maxAbsLogitErr":0.17593,"refMaxAbsLogit":12.0149,"relLogitErr":0.0146427,"relLogitErrRms":0.0146764,"top1Agree":true,"argmax":15,"argmaxRef":15}
{"logitCheck":true,"token":55,"nonFiniteLogits":0,"maxAbsLogitErr":0.174545,"refMaxAbsLogit":11.9822,"relLogitErr":0.014567,"relLogitErrRms":0.0145825,"top1Agree":true,"argmax":15,"argmaxRef":15}
{"logitCheck":true,"token":56,"nonFiniteLogits":0,"maxAbsLogitErr":0.18286,"refMaxAbsLogit":12.6486,"relLogitErr":0.014457,"relLogitErrRms":0.0144481,"top1Agree":true,"argmax":13,"argmaxRef":13}
{"logitCheck":true,"token":57,"nonFiniteLogits":0,"maxAbsLogitErr":0.176519,"refMaxAbsLogit":12.1796,"relLogitErr":0.014493,"relLogitErrRms":0.014513,"top1Agree":true,"argmax":13,"argmaxRef":13}
{"logitCheck":true,"token":58,"nonFiniteLogits":0,"maxAbsLogitErr":0.203298,"refMaxAbsLogit":14.0044,"relLogitErr":0.0145167,"relLogitErrRms":0.0145327,"top1Agree":true,"argmax":13,"argmaxRef":13}
{"logitCheck":true,"token":59,"nonFiniteLogits":0,"maxAbsLogitErr":0.164333,"refMaxAbsLogit":11.4142,"relLogitErr":0.0143973,"relLogitErrRms":0.0144021,"top1Agree":true,"argmax":253,"argmaxRef":253}
{"logitCheck":true,"token":60,"nonFiniteLogits":0,"maxAbsLogitErr":0.179309,"refMaxAbsLogit":12.2806,"relLogitErr":0.0146009,"relLogitErrRms":0.0145828,"top1Agree":true,"argmax":15,"argmaxRef":15}
{"logitCheck":true,"token":61,"nonFiniteLogits":0,"maxAbsLogitErr":0.170461,"refMaxAbsLogit":11.7944,"relLogitErr":0.0144527,"relLogitErrRms":0.0144582,"top1Agree":true,"argmax":253,"argmaxRef":253}
{"logitCheck":true,"token":62,"nonFiniteLogits":0,"maxAbsLogitErr":0.119061,"refMaxAbsLogit":8.2214,"relLogitErr":0.0144819,"relLogitErrRms":0.0144986,"top1Agree":true,"argmax":253,"argmaxRef":253}
{"logitCheck":true,"token":63,"nonFiniteLogits":0,"maxAbsLogitErr":0.142463,"refMaxAbsLogit":9.86439,"relLogitErr":0.0144422,"relLogitErrRms":0.0144581,"top1Agree":true,"argmax":15,"argmaxRef":15}
{"logitCheck":true,"token":64,"nonFiniteLogits":0,"maxAbsLogitErr":0.175717,"refMaxAbsLogit":12.0017,"relLogitErr":0.014641,"relLogitErrRms":0.014627,"top1Agree":true,"argmax":15,"argmaxRef":15}
{"logitCheck":true,"token":65,"nonFiniteLogits":0,"maxAbsLogitErr":0.18424,"refMaxAbsLogit":12.6487,"relLogitErr":0.014566,"relLogitErrRms":0.0145557,"top1Agree":true,"argmax":13,"argmaxRef":13}
{"logitCheck":true,"token":66,"nonFiniteLogits":0,"maxAbsLogitErr":0.162982,"refMaxAbsLogit":11.1383,"relLogitErr":0.0146326,"relLogitErrRms":0.0147132,"top1Agree":true,"argmax":15,"argmaxRef":15}
{"logitCheck":true,"token":67,"nonFiniteLogits":0,"maxAbsLogitErr":0.153283,"refMaxAbsLogit":10.5828,"relLogitErr":0.0144841,"relLogitErrRms":0.0144852,"top1Agree":true,"argmax":15,"argmaxRef":15}
{"logitCheck":true,"token":68,"nonFiniteLogits":0,"maxAbsLogitErr":0.178758,"refMaxAbsLogit":12.2166,"relLogitErr":0.0146323,"relLogitErrRms":0.0146442,"top1Agree":true,"argmax":13,"argmaxRef":13}
{"logitCheck":true,"token":69,"nonFiniteLogits":0,"maxAbsLogitErr":0.12633,"refMaxAbsLogit":8.69387,"relLogitErr":0.0145309,"relLogitErrRms":0.014518,"top1Agree":true,"argmax":253,"argmaxRef":253}
{"logitCheck":true,"token":70,"nonFiniteLogits":0,"maxAbsLogitErr":0.172849,"refMaxAbsLogit":11.6614,"relLogitErr":0.0148222,"relLogitErrRms":0.014807,"top1Agree":true,"argmax":13,"argmaxRef":13}
{"logitCheck":true,"token":71,"nonFiniteLogits":0,"maxAbsLogitErr":0.217499,"refMaxAbsLogit":14.994,"relLogitErr":0.0145058,"relLogitErrRms":0.0145388,"top1Agree":true,"argmax":13,"argmaxRef":13}
{"logitCheck":true,"token":72,"nonFiniteLogits":0,"maxAbsLogitErr":0.166904,"refMaxAbsLogit":11.488,"relLogitErr":0.0145285,"relLogitErrRms":0.0145484,"top1Agree":true,"argmax":253,"argmaxRef":253}
{"logitCheck":true,"token":73,"nonFiniteLogits":0,"maxAbsLogitErr":0.119065,"refMaxAbsLogit":8.19481,"relLogitErr":0.0145293,"relLogitErrRms":0.0144943,"top1Agree":true,"argmax":253,"argmaxRef":253}
{"logitCheck":true,"token":74,"nonFiniteLogits":0,"maxAbsLogitErr":0.183129,"refMaxAbsLogit":12.5391,"relLogitErr":0.0146046,"relLogitErrRms":0.0146284,"top1Agree":true,"argmax":13,"argmaxRef":13}
{"logitCheck":true,"token":75,"nonFiniteLogits":0,"maxAbsLogitErr":0.2047,"refMaxAbsLogit":14.066,"relLogitErr":0.0145529,"relLogitErrRms":0.0145453,"top1Agree":true,"argmax":13,"argmaxRef":13}
{"logitCheck":true,"token":76,"nonFiniteLogits":0,"maxAbsLogitErr":0.17485,"refMaxAbsLogit":12.0741,"relLogitErr":0.0144814,"relLogitErrRms":0.0144533,"top1Agree":true,"argmax":15,"argmaxRef":15}
{"logitCheck":true,"token":77,"nonFiniteLogits":0,"maxAbsLogitErr":0.147449,"refMaxAbsLogit":10.1907,"relLogitErr":0.014469,"relLogitErrRms":0.0144487,"top1Agree":true,"argmax":15,"argmaxRef":15}
{"logitCheck":true,"token":78,"nonFiniteLogits":0,"maxAbsLogitErr":0.116725,"refMaxAbsLogit":7.9555,"relLogitErr":0.0146722,"relLogitErrRms":0.0146772,"top1Agree":true,"argmax":15,"argmaxRef":15}
{"logitCheck":true,"token":79,"nonFiniteLogits":0,"maxAbsLogitErr":0.167696,"refMaxAbsLogit":11.5606,"relLogitErr":0.0145058,"relLogitErrRms":0.014482,"top1Agree":true,"argmax":15,"argmaxRef":15}
{"logitCheck":true,"token":80,"nonFiniteLogits":0,"maxAbsLogitErr":0.159019,"refMaxAbsLogit":10.9265,"relLogitErr":0.0145535,"relLogitErrRms":0.0145891,"top1Agree":true,"argmax":253,"argmaxRef":253}
{"logitCheck":true,"token":81,"nonFiniteLogits":0,"maxAbsLogitErr":0.177156,"refMaxAbsLogit":12.2129,"relLogitErr":0.0145057,"relLogitErrRms":0.014486,"top1Agree":true,"argmax":15,"argmaxRef":15}
{"logitCheck":true,"token":82,"nonFiniteLogits":0,"maxAbsLogitErr":0.159678,"refMaxAbsLogit":10.9871,"relLogitErr":0.0145333,"relLogitErrRms":0.0145382,"top1Agree":true,"argmax":15,"argmaxRef":15}
{"logitCheck":true,"token":83,"nonFiniteLogits":0,"maxAbsLogitErr":0.136277,"refMaxAbsLogit":9.43766,"relLogitErr":0.0144396,"relLogitErrRms":0.014431,"top1Agree":true,"argmax":15,"argmaxRef":15}
{"logitCheck":true,"token":84,"nonFiniteLogits":0,"maxAbsLogitErr":0.168984,"refMaxAbsLogit":11.7013,"relLogitErr":0.0144415,"relLogitErrRms":0.0145084,"top1Agree":true,"argmax":15,"argmaxRef":15}
{"logitCheck":true,"token":85,"nonFiniteLogits":0,"maxAbsLogitErr":0.115854,"refMaxAbsLogit":7.85613,"relLogitErr":0.014747,"relLogitErrRms":0.0147729,"top1Agree":true,"argmax":187,"argmaxRef":187}
{"logitCheck":true,"token":86,"nonFiniteLogits":0,"maxAbsLogitErr":0.152757,"refMaxAbsLogit":10.5314,"relLogitErr":0.0145048,"relLogitErrRms":0.0145655,"top1Agree":true,"argmax":15,"argmaxRef":15}
{"logitCheck":true,"token":87,"nonFiniteLogits":0,"maxAbsLogitErr":0.1659,"refMaxAbsLogit":11.4295,"relLogitErr":0.0145151,"relLogitErrRms":0.0144896,"top1Agree":true,"argmax":15,"argmaxRef":15}
{"logitCheck":true,"token":88,"nonFiniteLogits":0,"maxAbsLogitErr":0.186645,"refMaxAbsLogit":12.8194,"relLogitErr":0.0145595,"relLogitErrRms":0.0145515,"top1Agree":true,"argmax":13,"argmaxRef":13}
{"logitCheck":true,"token":89,"nonFiniteLogits":0,"maxAbsLogitErr":0.12606,"refMaxAbsLogit":8.67075,"relLogitErr":0.0145386,"relLogitErrRms":0.0145704,"top1Agree":true,"argmax":253,"argmaxRef":253}
{"logitCheck":true,"token":90,"nonFiniteLogits":0,"maxAbsLogitErr":0.209481,"refMaxAbsLogit":14.4836,"relLogitErr":0.0144633,"relLogitErrRms":0.0144679,"top1Agree":true,"argmax":13,"argmaxRef":13}
{"logitCheck":true,"token":91,"nonFiniteLogits":0,"maxAbsLogitErr":0.176398,"refMaxAbsLogit":12.1476,"relLogitErr":0.0145213,"relLogitErrRms":0.0144985,"top1Agree":true,"argmax":253,"argmaxRef":253}
{"logitCheck":true,"token":92,"nonFiniteLogits":0,"maxAbsLogitErr":0.102609,"refMaxAbsLogit":6.99469,"relLogitErr":0.0146696,"relLogitErrRms":0.0146419,"top1Agree":true,"argmax":187,"argmaxRef":187}
{"logitCheck":true,"token":93,"nonFiniteLogits":0,"maxAbsLogitErr":0.152653,"refMaxAbsLogit":10.5214,"relLogitErr":0.0145089,"relLogitErrRms":0.0145153,"top1Agree":true,"argmax":15,"argmaxRef":15}
{"logitCheck":true,"token":94,"nonFiniteLogits":0,"maxAbsLogitErr":0.0975847,"refMaxAbsLogit":6.7238,"relLogitErr":0.0145133,"relLogitErrRms":0.014515,"top1Agree":true,"argmax":187,"argmaxRef":187}
{"logitCheck":true,"token":95,"nonFiniteLogits":0,"maxAbsLogitErr":0.145271,"refMaxAbsLogit":10.0116,"relLogitErr":0.0145103,"relLogitErrRms":0.0144748,"top1Agree":true,"argmax":253,"argmaxRef":253}
{"logitCheck":true,"token":96,"nonFiniteLogits":0,"maxAbsLogitErr":0.115713,"refMaxAbsLogit":7.98555,"relLogitErr":0.0144903,"relLogitErrRms":0.0144829,"top1Agree":true,"argmax":253,"argmaxRef":253}
{"logitCheck":true,"token":97,"nonFiniteLogits":0,"maxAbsLogitErr":0.187902,"refMaxAbsLogit":12.9161,"relLogitErr":0.0145479,"relLogitErrRms":0.0145448,"top1Agree":true,"argmax":13,"argmaxRef":13}
{"logitCheck":true,"token":98,"nonFiniteLogits":0,"maxAbsLogitErr":0.101295,"refMaxAbsLogit":7.11268,"relLogitErr":0.0142414,"relLogitErrRms":0.0142263,"top1Agree":true,"argmax":187,"argmaxRef":187}
{"logitCheck":true,"token":99,"nonFiniteLogits":0,"maxAbsLogitErr":0.146573,"refMaxAbsLogit":10.089,"relLogitErr":0.014528,"relLogitErrRms":0.0145193,"top1Agree":true,"argmax":15,"argmaxRef":15}
{"logitCheck":true,"token":100,"nonFiniteLogits":0,"maxAbsLogitErr":0.119904,"refMaxAbsLogit":8.14929,"relLogitErr":0.0147134,"relLogitErrRms":0.0147454,"top1Agree":true,"argmax":187,"argmaxRef":187}
{"logitCheck":true,"token":101,"nonFiniteLogits":0,"maxAbsLogitErr":0.156134,"refMaxAbsLogit":10.7308,"relLogitErr":0.0145501,"relLogitErrRms":0.0145597,"top1Agree":true,"argmax":15,"argmaxRef":15}
{"logitCheck":true,"token":102,"nonFiniteLogits":0,"maxAbsLogitErr":0.171797,"refMaxAbsLogit":11.9019,"relLogitErr":0.0144344,"relLogitErrRms":0.0144226,"top1Agree":true,"argmax":15,"argmaxRef":15}
{"logitCheck":true,"token":103,"nonFiniteLogits":0,"maxAbsLogitErr":0.0990091,"refMaxAbsLogit":6.79154,"relLogitErr":0.0145783,"relLogitErrRms":0.0145323,"top1Agree":true,"argmax":187,"argmaxRef":187}
{"logitCheck":true,"token":104,"nonFiniteLogits":0,"maxAbsLogitErr":0.135372,"refMaxAbsLogit":9.38482,"relLogitErr":0.0144245,"relLogitErrRms":0.0144427,"top1Agree":true,"argmax":253,"argmaxRef":253}
{"logitCheck":true,"token":105,"nonFiniteLogits":0,"maxAbsLogitErr":0.111444,"refMaxAbsLogit":7.78271,"relLogitErr":0.0143195,"relLogitErrRms":0.0143477,"top1Agree":true,"argmax":253,"argmaxRef":253}
{"logitCheck":true,"token":106,"nonFiniteLogits":0,"maxAbsLogitErr":0.178706,"refMaxAbsLogit":12.3684,"relLogitErr":0.0144486,"relLogitErrRms":0.0145014,"top1Agree":true,"argmax":13,"argmaxRef":13}
{"logitCheck":true,"token":107,"nonFiniteLogits":0,"maxAbsLogitErr":0.202281,"refMaxAbsLogit":13.9234,"relLogitErr":0.0145281,"relLogitErrRms":0.0145343,"top1Agree":true,"argmax":13,"argmaxRef":13}
{"logitCheck":true,"token":108,"nonFiniteLogits":0,"maxAbsLogitErr":0.120639,"refMaxAbsLogit":8.32822,"relLogitErr":0.0144856,"relLogitErrRms":0.0145213,"top1Agree":true,"argmax":15,"argmaxRef":15}
{"logitCheck":true,"token":109,"nonFiniteLogits":0,"maxAbsLogitErr":0.132369,"refMaxAbsLogit":9.1372,"relLogitErr":0.0144869,"relLogitErrRms":0.0144994,"top1Agree":true,"argmax":15,"argmaxRef":15}
{"logitCheck":true,"token":110,"nonFiniteLogits":0,"maxAbsLogitErr":0.158296,"refMaxAbsLogit":10.8523,"relLogitErr":0.0145864,"relLogitErrRms":0.0145494,"top1Agree":true,"argmax":15,"argmaxRef":15}
{"logitCheck":true,"token":111,"nonFiniteLogits":0,"maxAbsLogitErr":0.18241,"refMaxAbsLogit":12.5936,"relLogitErr":0.0144843,"relLogitErrRms":0.0144444,"top1Agree":true,"argmax":15,"argmaxRef":15}
{"logitCheck":true,"token":112,"nonFiniteLogits":0,"maxAbsLogitErr":0.173444,"refMaxAbsLogit":11.9814,"relLogitErr":0.014476,"relLogitErrRms":0.014451,"top1Agree":true,"argmax":13,"argmaxRef":13}
{"logitCheck":true,"token":113,"nonFiniteLogits":0,"maxAbsLogitErr":0.18106,"refMaxAbsLogit":12.2938,"relLogitErr":0.0147277,"relLogitErrRms":0.0147298,"top1Agree":true,"argmax":13,"argmaxRef":13}
{"logitCheck":true,"token":114,"nonFiniteLogits":0,"maxAbsLogitErr":0.203559,"refMaxAbsLogit":14.0249,"relLogitErr":0.0145141,"relLogitErrRms":0.0145087,"top1Agree":true,"argmax":13,"argmaxRef":13}
{"logitCheck":true,"token":115,"nonFiniteLogits":0,"maxAbsLogitErr":0.202114,"refMaxAbsLogit":13.7787,"relLogitErr":0.0146686,"relLogitErrRms":0.0147128,"top1Agree":true,"argmax":13,"argmaxRef":13}
{"logitCheck":true,"token":116,"nonFiniteLogits":0,"maxAbsLogitErr":0.160475,"refMaxAbsLogit":10.9263,"relLogitErr":0.014687,"relLogitErrRms":0.0146689,"top1Agree":true,"argmax":15,"argmaxRef":15}
{"logitCheck":true,"token":117,"nonFiniteLogits":0,"maxAbsLogitErr":0.153108,"refMaxAbsLogit":10.4894,"relLogitErr":0.0145964,"relLogitErrRms":0.0145853,"top1Agree":true,"argmax":15,"argmaxRef":15}
{"logitCheck":true,"token":118,"nonFiniteLogits":0,"maxAbsLogitErr":0.141074,"refMaxAbsLogit":9.65098,"relLogitErr":0.0146176,"relLogitErrRms":0.0146352,"top1Agree":true,"argmax":253,"argmaxRef":253}
{"logitCheck":true,"token":119,"nonFiniteLogits":0,"maxAbsLogitErr":0.156723,"refMaxAbsLogit":10.7343,"relLogitErr":0.0146002,"relLogitErrRms":0.0145679,"top1Agree":true,"argmax":15,"argmaxRef":15}
{"logitCheck":true,"token":120,"nonFiniteLogits":0,"maxAbsLogitErr":0.171898,"refMaxAbsLogit":11.8054,"relLogitErr":0.0145609,"relLogitErrRms":0.0145391,"top1Agree":true,"argmax":15,"argmaxRef":15}
{"logitCheck":true,"token":121,"nonFiniteLogits":0,"maxAbsLogitErr":0.158748,"refMaxAbsLogit":10.7527,"relLogitErr":0.0147635,"relLogitErrRms":0.0148199,"top1Agree":true,"argmax":15,"argmaxRef":15}
{"logitCheck":true,"token":122,"nonFiniteLogits":0,"maxAbsLogitErr":0.152567,"refMaxAbsLogit":10.5064,"relLogitErr":0.0145213,"relLogitErrRms":0.0145279,"top1Agree":true,"argmax":15,"argmaxRef":15}
{"logitCheck":true,"token":123,"nonFiniteLogits":0,"maxAbsLogitErr":0.149822,"refMaxAbsLogit":10.4255,"relLogitErr":0.0143707,"relLogitErrRms":0.0143597,"top1Agree":true,"argmax":15,"argmaxRef":15}
{"logitCheck":true,"token":124,"nonFiniteLogits":0,"maxAbsLogitErr":0.170596,"refMaxAbsLogit":11.7029,"relLogitErr":0.0145771,"relLogitErrRms":0.0146091,"top1Agree":true,"argmax":13,"argmaxRef":13}
{"logitCheck":true,"token":125,"nonFiniteLogits":0,"maxAbsLogitErr":0.189699,"refMaxAbsLogit":12.9596,"relLogitErr":0.0146377,"relLogitErrRms":0.0146589,"top1Agree":true,"argmax":13,"argmaxRef":13}
{"logitCheck":true,"token":126,"nonFiniteLogits":0,"maxAbsLogitErr":0.162346,"refMaxAbsLogit":11.1747,"relLogitErr":0.014528,"relLogitErrRms":0.0145074,"top1Agree":true,"argmax":253,"argmaxRef":253}
{"logitCheck":true,"token":127,"nonFiniteLogits":0,"maxAbsLogitErr":0.117511,"refMaxAbsLogit":8.07588,"relLogitErr":0.0145509,"relLogitErrRms":0.0145284,"top1Agree":true,"argmax":253,"argmaxRef":253}
{"vramTrace":"final","dev":0,"usedGB":29.8544,"freeGB":65.1158,"totalGB":94.9702,"poolOk":true,"poolReservedGB":29.0312,"poolReservedHighGB":29.0312,"poolUsedGB":29.0204,"poolUsedHighGB":29.0204,"poolSlackGB":0.0108869,"poolTransientGB":2.57045e-06}
{"summary":true,"realModel":true,"arch":"native","tag":"agnd768b","tokens":128,"packTokens":16,"layers":12,"secure":false,"boots":548,"bootsPerToken":4.28125,"clientEncryptMs":1357,"gpuEvalMs":18275,"gpuBootstrapMs":6247,"decryptMs":2111,"gpuMsPerToken":191.586,"encPtMs":3486,"encPtCount":2244,"encPtFracOfEval":0.190766,"encThreads":24,"band":-1,"ringMix":false,"bootFloor":3,"pipeline":false,"pipeMs":4216,"staticNorm":false,"normEps":1e-05,"periodicEncodeOn":false,"periodicVerifyEvery":0,"serialCarry":true,"finalRefresh":false,"equalizeBlocks":false,"scaleBits":59,"passes":1,"cacheDiags":false,"cacheEntries":0,"cacheHits":0,"msPerToken":191.586,"tokPerSec":5.2196,"totalWallMs":56329,"setupMs":4146,"unaccountedMs":24190,"wallMsPerToken":407.676,"peakVramGB":70.8752,"procPeakVramGB":-1,"poolHighRun":[{"dev":0,"usedHighGB":29.020366,"reservedHighGB":29.031250}],"syncTimersOn":false,"syncSplit":{"babyRotMs":0,"ctPtApplyMs":0,"giantMs":0,"rescaleMs":0,"bootMs":0},"normBootMs":1195,"gpuEvalMsExBoot":17080,"msPerTokenExBoot":182.248,"stageTimersOn":true,"layerLoopMs":46216,"layerLoopUntimedMs":23170,"stageMs":{"shiftMix":9094,"scan":2246,"gate":3168,"hidden":7688,"residual":18},"layerLoopResidualMs":953,"hostPtEncodeMs":10623,"hostPtEncodeCount":5780,"hostPtEncodeStageMs":8182,"hostPtEncodeStageCount":4284,"unaccountedMsExBoot":25385,"unaccountedMsAfterStages":3168,"storeOn":false,"storeHits":0,"storeMisses":0,"storeDead":0,"storeUncompressible":0,"periodicEncodeCount":0,"periodicVerifyCount":0,"periodicVerifyOk":0,"periodicFallbackCount":0,"storeFetchMs":0,"storeBytes":0,"storeFile":"","storeLoaded":false,"storeSaved":false,"storeVerifyOk":0,"storeVerifyBad":0,"storeVerifyMs":0,"storeAppends":0,"storeJournalEntries":0,"failed":false,"worstLogitErr":0.217499,"logRing":15,"ringDim":32768,"slots":16384,"dpad":1024,"rep":16,"levelBudget":[3,3],"depth":38,"extraDepth":9,"matvecMargin":4,"schedule":"stock","pfEntry":"loop","shareBabies":false,"newtonDepth2":false,"poolLevels":2,"blockType":"sequential","pfBoots":0,"babyShared":0,"babyComputed":132,"poolBuilds":0,"poolBuildMs":0,"canonicalCarry":false,"canonBoots":0,"canonMaxGap":0,"canonLevel":-1,"interleave":true,"fidelity":{"logitCheckTokens":128,"top1Agree":1,"relLogitErrRmsMean":0.0145353,"relLogitErrRmsMax":0.0148199,"worstLogitErrIsMaxClass":true},"quality":{"nativeTestPpl":null,"weightsSha256":null,"source":null},"harnessFile":"gpu_real_model.cu","harnessSha256":"d5bc922ef7510c8d","harnessCommit":"613ab4c1d678","harnessDirty":true,"buildUtc":"2026-09-17T22:13:34Z","cmdline":"/root/fhe-main-demo/build-demo/gpu_real_model --tag agnd768b --bundle-dir /root/src/ml-eval/artifacts --device 0 --log-ring 15 --level-budget 3 3 --ms-norm 5.5 --enc-threads 24 --boot-floor 3 --matvec-margin 4 --interleave --extra-depth 9 --tokens 128 --pack-tokens 16"}
