=== S3.7 CELL store_long (cell) 2026-09-19T14:08:03Z ===
LOADSTATE 2026-09-19T14:08:03Z uptime: 14:08:03 up 28 days, 10:37,  0 user,  load average: 3.44, 1.82, 4.67
LOADSTATE gpu compute apps: 
LOADSTATE busy marker: 90_s37_cell.sh pid=72454 since=2026-09-19T14:08:02Z
CMD: /root/fhe-main-demo/build-demo/gpu_real_model_x --tag pbd430a --bundle-dir /root/src/ml-eval/artifacts --device 0 --log-ring 17 --secure --level-budget 3 3 --ms-norm 5.5 --enc-threads 24 --boot-floor 3 --matvec-margin 4 --extra-depth 12 --canonical-carry --periodic-encode --drop-wv 7 --drop-wkr 4 --drop-wout 7 --drop-win 4 --newton-robust 0.1 12 --pack-tokens 1 --lanes-block --compressed-store --devices 0,1 --store-multi-gpu --tokens 1 --passes 1 --sync-timers --proc-vram --vram-trace --store-file /root/demo/store_pbd430a_r17_xd12_lanesblock_canon_nr0112.bin
FIDESLIB_USE_MEMCPY_PEER=0, set to: 0
{"x8Levers":true,"dropWv":7,"dropWkr":4,"dropWout":7,"dropWin":4,"rsqrtSidecar":"","baseline":"stock"}
{"schedLevers":true,"schedule":"stock","pfEntry":"loop","shareBabies":false,"newtonDepth2":false,"poolLevels":2,"stockPath":true}
{"openfheBootScaleEnc":"pre/3","oddPartOfK":3,"env":"FIDESLIB_BOOT_UNIFORM_EXT=split"}
{"fideslibBootTable":"g_coefficientsUniformExt","tableK":768,"bootK":256,"scaleEncOddPart":3,"doubleAngleIts":6,"chebyDegree":118,"envBootUniformExt":"split","splitAskedButOpenfheLacksO1":false}
GPU 0: NVIDIA RTX PRO 6000 Blackwell Workstation Edition
 SMs: 188, SharedMem: 100 KB, Blocks/SM: 24, Threads/SM: 1536, L2 size: 128 MB, Bus: 512-bit
GPU 1: NVIDIA RTX PRO 6000 Blackwell Workstation Edition
 SMs: 188, SharedMem: 100 KB, Blocks/SM: 24, Threads/SM: 1536, L2 size: 128 MB, Bus: 512-bit
GPU P2P? 1
Adding bootstrap precomputation to GPU for 65536 slots.
Plaintexts loaded: 762 ~ 35814MB
Rotation keys loaded: 143 ~ 48048MB
{"vramTrace":"loadContext","dev":0,"usedGB":38.454,"freeGB":56.5162,"totalGB":94.9702,"poolOk":true,"poolReservedGB":37.0312,"poolReservedHighGB":37.0312,"poolUsedGB":37.0088,"poolUsedHighGB":37.0088,"poolSlackGB":0.0224609,"poolTransientGB":0}
{"vramTrace":"loadContext","dev":1,"usedGB":38.436,"freeGB":56.5342,"totalGB":94.9702,"poolOk":true,"poolReservedGB":37.0312,"poolReservedHighGB":37.0312,"poolUsedGB":37.0088,"poolUsedHighGB":37.0088,"poolSlackGB":0.0224609,"poolTransientGB":0}
{"storeLoad":false,"reason":"absent","path":"/root/demo/store_pbd430a_r17_xd12_lanesblock_canon_nr0112.bin","willSaveAfterFirstPass":true}
{"harness":"gpu_real_model","arch":"native","tag":"pbd430a","secure":true,"ringDim":131072,"slots":65536,"d":1024,"Dpad":1024,"REP":64,"L":24,"dff":4096,"BS":32,"haveBundle":true,"ompMaxThreads":24,"scaleBits":59,"normEpsOn":true,"setupMs":32490}
{"vramTrace":"pass.0","dev":0,"usedGB":38.454,"freeGB":56.5162,"totalGB":94.9702,"poolOk":true,"poolReservedGB":37.0312,"poolReservedHighGB":37.0312,"poolUsedGB":37.0088,"poolUsedHighGB":37.0088,"poolSlackGB":0.0224609,"poolTransientGB":0}
{"vramTrace":"pass.0","dev":1,"usedGB":38.436,"freeGB":56.5342,"totalGB":94.9702,"poolOk":true,"poolReservedGB":37.0312,"poolReservedHighGB":37.0312,"poolUsedGB":37.0088,"poolUsedHighGB":37.0088,"poolSlackGB":0.0224609,"poolTransientGB":0}
{"canonicalCarry":"cold","scanLevel":19,"uLevel":19,"maxGap":38}
{"vramTrace":"poolBuild.lvl37","dev":0,"usedGB":50.7372,"freeGB":44.233,"totalGB":94.9702,"poolOk":true,"poolReservedGB":49.0312,"poolReservedHighGB":49.0312,"poolUsedGB":49.0166,"poolUsedHighGB":49.0166,"poolSlackGB":0.0146484,"poolTransientGB":5.44637e-06}
{"vramTrace":"poolBuild.lvl37","dev":1,"usedGB":50.7192,"freeGB":44.251,"totalGB":94.9702,"poolOk":true,"poolReservedGB":49.0312,"poolReservedHighGB":49.0312,"poolUsedGB":49.0166,"poolUsedHighGB":49.0166,"poolSlackGB":0.0146484,"poolTransientGB":3.05474e-07}
{"vramTrace":"poolBuild.lvl34","dev":0,"usedGB":53.745,"freeGB":41.2252,"totalGB":94.9702,"poolOk":true,"poolReservedGB":52.0312,"poolReservedHighGB":52.0312,"poolUsedGB":52.0166,"poolUsedHighGB":52.0166,"poolSlackGB":0.0146484,"poolTransientGB":0}
{"vramTrace":"poolBuild.lvl34","dev":1,"usedGB":52.727,"freeGB":42.2432,"totalGB":94.9702,"poolOk":true,"poolReservedGB":51.0312,"poolReservedHighGB":51.0312,"poolUsedGB":51.0166,"poolUsedHighGB":51.0166,"poolSlackGB":0.0146484,"poolTransientGB":5.44637e-06}
{"wvCheck":true,"layer":0,"ch":0,"nonFinite":0,"maxAbsErr":1.01001e-05,"refMax":0.0324896,"relErr":0.000310872}
{"wvCheck":true,"layer":0,"ch":1,"nonFinite":0,"maxAbsErr":1.65742e-05,"refMax":0.0521931,"relErr":0.000317555}
{"wvCheck":true,"layer":0,"ch":2,"nonFinite":0,"maxAbsErr":1.18806e-05,"refMax":0.0272857,"relErr":0.000435415}
{"wvCheck":true,"layer":0,"ch":3,"nonFinite":0,"maxAbsErr":9.94016e-06,"refMax":0.0279354,"relErr":0.000355827}
{"storeSave":"begin","entries":688128,"bytes":68447895616,"freeBytes":3727372771328}
{"storeSave":true,"path":"/root/demo/store_pbd430a_r17_xd12_lanesblock_canon_nr0112.bin","entries":688128,"dataBytes":68417617920,"ms":30355}
{"logitCheck":true,"token":0,"nonFiniteLogits":0,"maxAbsLogitErr":0.0126769,"refMaxAbsLogit":12.237,"relLogitErr":0.00103595,"relLogitErrRms":0.000257791,"top1Agree":true,"argmax":426,"argmaxRef":426}
{"vramTrace":"final","dev":0,"usedGB":57.745,"freeGB":37.2252,"totalGB":94.9702,"poolOk":true,"poolReservedGB":56.0312,"poolReservedHighGB":56.0312,"poolUsedGB":56.0166,"poolUsedHighGB":56.0166,"poolSlackGB":0.0146484,"poolTransientGB":5.44637e-06}
{"vramTrace":"final","dev":1,"usedGB":57.727,"freeGB":37.2432,"totalGB":94.9702,"poolOk":true,"poolReservedGB":56.0312,"poolReservedHighGB":56.0312,"poolUsedGB":56.0166,"poolUsedHighGB":56.0166,"poolSlackGB":0.0146484,"poolTransientGB":5.44637e-06}
{"summary":true,"realModel":true,"arch":"native","tag":"pbd430a","tokens":1,"packTokens":1,"layers":24,"secure":true,"boots":529,"bootsPerToken":529,"clientEncryptMs":15666,"gpuEvalMs":503413,"gpuBootstrapMs":106073,"decryptMs":473,"gpuMsPerToken":609486,"encPtMs":249291,"encPtCount":687792,"encPtFracOfEval":0.495202,"encThreads":24,"band":-1,"ringMix":false,"bootFloor":3,"deferredScan":0,"deferredFolds":0,"deferredTermsKept":0,"uDropLevel":0,"uDrops":0,"uDropBoots":0,"branchOutBoot":false,"branchOutBoots":0,"branchOutSkipped":0,"pipeline":false,"pipeMs":0,"staticNorm":false,"normEps":1e-05,"periodicEncodeOn":true,"periodicVerifyEvery":0,"serialCarry":true,"finalRefresh":false,"equalizeBlocks":false,"scaleBits":59,"passes":1,"cacheDiags":false,"cacheEntries":0,"cacheHits":0,"ptCache":false,"ptScalar":false,"ptCacheVerify":false,"ptCacheMaxGb":16,"ptCalls":4446,"ptCacheEntries":0,"ptCacheHits":0,"ptCacheMisses":0,"ptCacheMissMs":0,"ptCacheDenseFallback":0,"ptCacheDenseMiss":0,"ptCacheSkipped":0,"ptCacheLimbs":0,"ptCacheResidentGB":0,"ptCacheVerified":0,"ptCacheVerifyFail":0,"ptScalarOps":0,"ptScalarMul":0,"ptScalarAdd":0,"ptScalarDeg2Fallback":0,"ptScalarClasses":0,"ptScalarClassesRejected":0,"ptScalarRejectedOps":0,"msPerToken":609486,"tokPerSec":0.00164073,"totalWallMs":705856,"setupMs":32490,"unaccountedMs":47739,"wallMsPerToken":673365,"peakVramGB":57.745,"procPeakVramGB":57.6992,"poolHighRun":[{"dev":0,"usedHighGB":56.016607,"reservedHighGB":56.031250},{"dev":1,"usedHighGB":56.016607,"reservedHighGB":56.031250}],"syncTimersOn":true,"syncSplit":{"babyRotMs":9940,"ctPtApplyMs":43738,"giantMs":10236,"rescaleMs":35,"bootMs":106073},"normBootMs":48448,"gpuEvalMsExBoot":454964,"msPerTokenExBoot":561038,"stageTimersOn":true,"layerLoopMs":578173,"layerLoopUntimedMs":27792,"stageMs":{"shiftMix":708,"scan":936,"gate":3319,"hidden":16417,"residual":6},"layerLoopResidualMs":6403,"hostPtEncodeMs":54468,"hostPtEncodeCount":4446,"hostPtEncodeStageMs":14157,"hostPtEncodeStageCount":1152,"unaccountedMsExBoot":96187,"unaccountedMsAfterStages":74798,"storeOn":true,"storeHits":0,"storeMisses":688128,"storeDead":336,"storeUncompressible":0,"reqEntryBoots":0,"reqFolds":0,"reqSeeded":0,"reqLevel":0,"prescaleLog2":0,"reqClientEncryptMs":-1,"replyLimbs":0,"replyLimbsOut":0,"replyConjAdd":false,"replyScaleLog2":0,"dropLevels":{"wv":7,"wkr":4,"wout":7,"win":4},"dropsApplied":144,"dropsSettled":0,"dropsSkippedDeeper":0,"dropsAtTarget":192,"rsqrtSidecar":"","rsqrtItersSum":170,"periodicEncodeCount":687792,"periodicVerifyCount":0,"periodicVerifyOk":0,"periodicFallbackCount":0,"storeFetchMs":360141,"storeBytes":68417617920,"storeFile":"/root/demo/store_pbd430a_r17_xd12_lanesblock_canon_nr0112.bin","storeLoaded":false,"storeSaved":true,"storeVerifyOk":0,"storeVerifyBad":0,"storeVerifyMs":0,"storeAppends":0,"storeJournalEntries":0,"failed":false,"worstLogitErr":0.0126769,"logRing":17,"ringDim":131072,"slots":65536,"dpad":1024,"rep":64,"levelBudget":[3,3],"depth":41,"extraDepth":12,"matvecMargin":4,"schedule":"stock","pfEntry":"loop","shareBabies":false,"newtonDepth2":false,"poolLevels":2,"blockType":"sequential","pfBoots":0,"babyShared":0,"babyComputed":336,"poolBuilds":2,"poolBuildMs":873,"canonicalCarry":true,"newtonRobustFrac":0.1,"newtonRobustIters":12,"carryPrescaleLog2":0,"carryPrescaleSkipped":0,"canonBoots":48,"canonMaxGap":38,"canonLevel":19,"interleave":false,"fidelity":{"logitCheckTokens":1,"top1Agree":1,"relLogitErrRmsMean":0.000257791,"relLogitErrRmsMax":0.000257791,"worstLogitErrIsMaxClass":true},"quality":{"nativeTestPpl":null,"weightsSha256":null,"source":null},"harnessFile":"gpu_real_model_x.cu","harnessSha256":"2c5f26a4b758755c","harnessCommit":"73f57fcab936","harnessDirty":true,"buildUtc":"2026-09-19T13:32:57Z","cmdline":"/root/fhe-main-demo/build-demo/gpu_real_model_x --tag pbd430a --bundle-dir /root/src/ml-eval/artifacts --device 0 --log-ring 17 --secure --level-budget 3 3 --ms-norm 5.5 --enc-threads 24 --boot-floor 3 --matvec-margin 4 --extra-depth 12 --canonical-carry --periodic-encode --drop-wv 7 --drop-wkr 4 --drop-wout 7 --drop-win 4 --newton-robust 0.1 12 --pack-tokens 1 --lanes-block --compressed-store --devices 0,1 --store-multi-gpu --tokens 1 --passes 1 --sync-timers --proc-vram --vram-trace --store-file /root/demo/store_pbd430a_r17_xd12_lanesblock_canon_nr0112.bin"}
RC=0 (recorded, not trusted: F74)
WALL_S=710
=== VERDICT: RAN (store_long) -- judge the fields against POD_PLAN_S37.md section 5 ===
