FIDESLIB_USE_MEMCPY_PEER=0, set to: 0
{"schedLevers":true,"schedule":"stock","pfEntry":"loop","shareBabies":false,"newtonDepth2":false,"poolLevels":2,"stockPath":true}
GPU 0: NVIDIA RTX PRO 6000 Blackwell Workstation Edition
 SMs: 188, SharedMem: 100 KB, Blocks/SM: 24, Threads/SM: 1536, L2 size: 128 MB, Bus: 512-bit
GPU 1: NVIDIA RTX PRO 6000 Blackwell Workstation Edition
 SMs: 188, SharedMem: 100 KB, Blocks/SM: 24, Threads/SM: 1536, L2 size: 128 MB, Bus: 512-bit
Adding bootstrap precomputation to GPU for 16384 slots.
Plaintexts loaded: 378 ~ 4063MB
Rotation keys loaded: 82 ~ 6396MB
{"vramTrace":"loadContext","dev":0,"usedGB":10.8387,"freeGB":84.1315,"totalGB":94.9702,"poolOk":true,"poolReservedGB":10.0312,"poolReservedHighGB":10.0312,"poolUsedGB":10.0088,"poolUsedHighGB":10.0088,"poolSlackGB":0.0224609,"poolTransientGB":0}
{"harness":"gpu_real_model","arch":"native","tag":"agnd768b","secure":false,"ringDim":32768,"slots":16384,"d":768,"Dpad":1024,"REP":16,"L":12,"dff":3072,"BS":32,"haveBundle":true,"ompMaxThreads":24,"scaleBits":59,"normEpsOn":false,"setupMs":3938}
{"vramTrace":"pass.0","dev":0,"usedGB":10.8387,"freeGB":84.1315,"totalGB":94.9702,"poolOk":true,"poolReservedGB":10.0312,"poolReservedHighGB":10.0312,"poolUsedGB":10.0088,"poolUsedHighGB":10.0088,"poolSlackGB":0.0224609,"poolTransientGB":0}
{"wvCheck":true,"layer":0,"ch":0,"nonFinite":0,"maxAbsErr":1.36177e-05,"refMax":0.013456,"relErr":0.00101202}
{"wvCheck":true,"layer":0,"ch":1,"nonFinite":0,"maxAbsErr":1.22278e-05,"refMax":0.0109262,"relErr":0.00111913}
{"wvCheck":true,"layer":0,"ch":2,"nonFinite":0,"maxAbsErr":1.47468e-05,"refMax":0.0130256,"relErr":0.00113214}
{"logitCheck":true,"token":0,"nonFiniteLogits":0,"maxAbsLogitErr":0.130362,"refMaxAbsLogit":8.97524,"relLogitErr":0.0145246,"relLogitErrRms":0.0145448,"top1Agree":true,"argmax":15,"argmaxRef":15}
{"logitCheck":true,"token":1,"nonFiniteLogits":0,"maxAbsLogitErr":0.122914,"refMaxAbsLogit":8.45381,"relLogitErr":0.0145395,"relLogitErrRms":0.0145059,"top1Agree":true,"argmax":15,"argmaxRef":15}
{"logitCheck":true,"token":2,"nonFiniteLogits":0,"maxAbsLogitErr":0.093251,"refMaxAbsLogit":6.51556,"relLogitErr":0.014312,"relLogitErrRms":0.014302,"top1Agree":true,"argmax":187,"argmaxRef":187}
{"logitCheck":true,"token":3,"nonFiniteLogits":0,"maxAbsLogitErr":0.137202,"refMaxAbsLogit":9.49603,"relLogitErr":0.0144484,"relLogitErrRms":0.0144311,"top1Agree":true,"argmax":15,"argmaxRef":15}
{"logitCheck":true,"token":4,"nonFiniteLogits":0,"maxAbsLogitErr":0.154903,"refMaxAbsLogit":10.4599,"relLogitErr":0.0148092,"relLogitErrRms":0.0147829,"top1Agree":true,"argmax":15,"argmaxRef":15}
{"logitCheck":true,"token":5,"nonFiniteLogits":0,"maxAbsLogitErr":0.141441,"refMaxAbsLogit":9.63055,"relLogitErr":0.0146867,"relLogitErrRms":0.0146944,"top1Agree":true,"argmax":15,"argmaxRef":15}
{"logitCheck":true,"token":6,"nonFiniteLogits":0,"maxAbsLogitErr":0.142548,"refMaxAbsLogit":9.8541,"relLogitErr":0.0144659,"relLogitErrRms":0.0145053,"top1Agree":true,"argmax":15,"argmaxRef":15}
{"logitCheck":true,"token":7,"nonFiniteLogits":0,"maxAbsLogitErr":0.127008,"refMaxAbsLogit":8.7355,"relLogitErr":0.0145393,"relLogitErrRms":0.0145298,"top1Agree":true,"argmax":15,"argmaxRef":15}
{"logitCheck":true,"token":8,"nonFiniteLogits":0,"maxAbsLogitErr":0.0974689,"refMaxAbsLogit":6.72231,"relLogitErr":0.0144993,"relLogitErrRms":0.0144939,"top1Agree":true,"argmax":187,"argmaxRef":187}
{"logitCheck":true,"token":9,"nonFiniteLogits":0,"maxAbsLogitErr":0.141332,"refMaxAbsLogit":9.68478,"relLogitErr":0.0145932,"relLogitErrRms":0.014571,"top1Agree":true,"argmax":15,"argmaxRef":15}
{"logitCheck":true,"token":10,"nonFiniteLogits":0,"maxAbsLogitErr":0.153949,"refMaxAbsLogit":10.6373,"relLogitErr":0.0144725,"relLogitErrRms":0.0144815,"top1Agree":true,"argmax":15,"argmaxRef":15}
{"logitCheck":true,"token":11,"nonFiniteLogits":0,"maxAbsLogitErr":0.171792,"refMaxAbsLogit":11.929,"relLogitErr":0.0144012,"relLogitErrRms":0.01439,"top1Agree":true,"argmax":253,"argmaxRef":253}
{"logitCheck":true,"token":12,"nonFiniteLogits":0,"maxAbsLogitErr":0.115613,"refMaxAbsLogit":7.87447,"relLogitErr":0.014682,"relLogitErrRms":0.0146826,"top1Agree":true,"argmax":253,"argmaxRef":253}
{"logitCheck":true,"token":13,"nonFiniteLogits":0,"maxAbsLogitErr":0.15342,"refMaxAbsLogit":10.5195,"relLogitErr":0.0145844,"relLogitErrRms":0.014578,"top1Agree":true,"argmax":15,"argmaxRef":15}
{"logitCheck":true,"token":14,"nonFiniteLogits":0,"maxAbsLogitErr":0.17631,"refMaxAbsLogit":12.1084,"relLogitErr":0.014561,"relLogitErrRms":0.0145494,"top1Agree":true,"argmax":13,"argmaxRef":13}
{"logitCheck":true,"token":15,"nonFiniteLogits":0,"maxAbsLogitErr":0.166567,"refMaxAbsLogit":11.4619,"relLogitErr":0.0145322,"relLogitErrRms":0.0145314,"top1Agree":true,"argmax":15,"argmaxRef":15}
{"logitCheck":true,"token":16,"nonFiniteLogits":0,"maxAbsLogitErr":0.179282,"refMaxAbsLogit":12.257,"relLogitErr":0.0146269,"relLogitErrRms":0.0146283,"top1Agree":true,"argmax":13,"argmaxRef":13}
{"logitCheck":true,"token":17,"nonFiniteLogits":0,"maxAbsLogitErr":0.138354,"refMaxAbsLogit":9.57639,"relLogitErr":0.0144474,"relLogitErrRms":0.0144172,"top1Agree":true,"argmax":253,"argmaxRef":253}
{"logitCheck":true,"token":18,"nonFiniteLogits":0,"maxAbsLogitErr":0.180013,"refMaxAbsLogit":12.43,"relLogitErr":0.0144821,"relLogitErrRms":0.0144839,"top1Agree":true,"argmax":13,"argmaxRef":13}
{"logitCheck":true,"token":19,"nonFiniteLogits":0,"maxAbsLogitErr":0.176679,"refMaxAbsLogit":12.2647,"relLogitErr":0.0144055,"relLogitErrRms":0.0143868,"top1Agree":true,"argmax":13,"argmaxRef":13}
{"logitCheck":true,"token":20,"nonFiniteLogits":0,"maxAbsLogitErr":0.153501,"refMaxAbsLogit":10.6243,"relLogitErr":0.0144481,"relLogitErrRms":0.0144783,"top1Agree":true,"argmax":15,"argmaxRef":15}
{"logitCheck":true,"token":21,"nonFiniteLogits":0,"maxAbsLogitErr":0.147693,"refMaxAbsLogit":10.1062,"relLogitErr":0.0146142,"relLogitErrRms":0.0145894,"top1Agree":true,"argmax":15,"argmaxRef":15}
{"logitCheck":true,"token":22,"nonFiniteLogits":0,"maxAbsLogitErr":0.171106,"refMaxAbsLogit":11.7623,"relLogitErr":0.0145471,"relLogitErrRms":0.0144979,"top1Agree":true,"argmax":13,"argmaxRef":13}
{"logitCheck":true,"token":23,"nonFiniteLogits":0,"maxAbsLogitErr":0.120594,"refMaxAbsLogit":8.26762,"relLogitErr":0.0145863,"relLogitErrRms":0.0145796,"top1Agree":true,"argmax":253,"argmaxRef":253}
{"logitCheck":true,"token":24,"nonFiniteLogits":0,"maxAbsLogitErr":0.162448,"refMaxAbsLogit":11.2504,"relLogitErr":0.0144393,"relLogitErrRms":0.0144683,"top1Agree":true,"argmax":13,"argmaxRef":13}
{"logitCheck":true,"token":25,"nonFiniteLogits":0,"maxAbsLogitErr":0.146821,"refMaxAbsLogit":10.0308,"relLogitErr":0.014637,"relLogitErrRms":0.0146028,"top1Agree":true,"argmax":15,"argmaxRef":15}
{"logitCheck":true,"token":26,"nonFiniteLogits":0,"maxAbsLogitErr":0.0655303,"refMaxAbsLogit":4.62569,"relLogitErr":0.0141666,"relLogitErrRms":0.0142209,"top1Agree":true,"argmax":187,"argmaxRef":187}
{"logitCheck":true,"token":27,"nonFiniteLogits":0,"maxAbsLogitErr":0.111616,"refMaxAbsLogit":7.7641,"relLogitErr":0.0143759,"relLogitErrRms":0.0144391,"top1Agree":true,"argmax":15,"argmaxRef":15}
{"logitCheck":true,"token":28,"nonFiniteLogits":0,"maxAbsLogitErr":0.16366,"refMaxAbsLogit":11.2465,"relLogitErr":0.0145521,"relLogitErrRms":0.014537,"top1Agree":true,"argmax":13,"argmaxRef":13}
{"logitCheck":true,"token":29,"nonFiniteLogits":0,"maxAbsLogitErr":0.211086,"refMaxAbsLogit":14.4921,"relLogitErr":0.0145656,"relLogitErrRms":0.0145742,"top1Agree":true,"argmax":13,"argmaxRef":13}
{"logitCheck":true,"token":30,"nonFiniteLogits":0,"maxAbsLogitErr":0.178443,"refMaxAbsLogit":12.2415,"relLogitErr":0.0145768,"relLogitErrRms":0.0145535,"top1Agree":true,"argmax":253,"argmaxRef":253}
{"logitCheck":true,"token":31,"nonFiniteLogits":0,"maxAbsLogitErr":0.115884,"refMaxAbsLogit":7.96442,"relLogitErr":0.0145503,"relLogitErrRms":0.0145564,"top1Agree":true,"argmax":253,"argmaxRef":253}
{"logitCheck":true,"token":32,"nonFiniteLogits":0,"maxAbsLogitErr":0.179094,"refMaxAbsLogit":12.1814,"relLogitErr":0.0147023,"relLogitErrRms":0.0147235,"top1Agree":true,"argmax":13,"argmaxRef":13}
{"logitCheck":true,"token":33,"nonFiniteLogits":0,"maxAbsLogitErr":0.199686,"refMaxAbsLogit":13.7144,"relLogitErr":0.0145603,"relLogitErrRms":0.0145669,"top1Agree":true,"argmax":13,"argmaxRef":13}
{"logitCheck":true,"token":34,"nonFiniteLogits":0,"maxAbsLogitErr":0.115727,"refMaxAbsLogit":8.12996,"relLogitErr":0.0142346,"relLogitErrRms":0.0142327,"top1Agree":true,"argmax":15,"argmaxRef":15}
{"logitCheck":true,"token":35,"nonFiniteLogits":0,"maxAbsLogitErr":0.155149,"refMaxAbsLogit":10.6473,"relLogitErr":0.0145717,"relLogitErrRms":0.0145736,"top1Agree":true,"argmax":15,"argmaxRef":15}
{"logitCheck":true,"token":36,"nonFiniteLogits":0,"maxAbsLogitErr":0.155273,"refMaxAbsLogit":10.6431,"relLogitErr":0.0145891,"relLogitErrRms":0.0145544,"top1Agree":true,"argmax":253,"argmaxRef":253}
{"logitCheck":true,"token":37,"nonFiniteLogits":0,"maxAbsLogitErr":0.172887,"refMaxAbsLogit":11.8891,"relLogitErr":0.0145416,"relLogitErrRms":0.0145428,"top1Agree":true,"argmax":15,"argmaxRef":15}
{"logitCheck":true,"token":38,"nonFiniteLogits":0,"maxAbsLogitErr":0.15573,"refMaxAbsLogit":10.7356,"relLogitErr":0.014506,"relLogitErrRms":0.0145182,"top1Agree":true,"argmax":15,"argmaxRef":15}
{"logitCheck":true,"token":39,"nonFiniteLogits":0,"maxAbsLogitErr":0.155204,"refMaxAbsLogit":10.6999,"relLogitErr":0.0145051,"relLogitErrRms":0.014513,"top1Agree":true,"argmax":15,"argmaxRef":15}
{"logitCheck":true,"token":40,"nonFiniteLogits":0,"maxAbsLogitErr":0.166563,"refMaxAbsLogit":11.5606,"relLogitErr":0.0144078,"relLogitErrRms":0.0143732,"top1Agree":true,"argmax":13,"argmaxRef":13}
{"logitCheck":true,"token":41,"nonFiniteLogits":0,"maxAbsLogitErr":0.197481,"refMaxAbsLogit":13.5916,"relLogitErr":0.0145296,"relLogitErrRms":0.0145447,"top1Agree":true,"argmax":13,"argmaxRef":13}
{"logitCheck":true,"token":42,"nonFiniteLogits":0,"maxAbsLogitErr":0.152476,"refMaxAbsLogit":10.5567,"relLogitErr":0.0144436,"relLogitErrRms":0.0144265,"top1Agree":true,"argmax":253,"argmaxRef":253}
{"logitCheck":true,"token":43,"nonFiniteLogits":0,"maxAbsLogitErr":0.120045,"refMaxAbsLogit":8.28766,"relLogitErr":0.0144848,"relLogitErrRms":0.0144729,"top1Agree":true,"argmax":253,"argmaxRef":253}
{"logitCheck":true,"token":44,"nonFiniteLogits":0,"maxAbsLogitErr":0.170833,"refMaxAbsLogit":11.7706,"relLogitErr":0.0145135,"relLogitErrRms":0.0145308,"top1Agree":true,"argmax":13,"argmaxRef":13}
{"logitCheck":true,"token":45,"nonFiniteLogits":0,"maxAbsLogitErr":0.215594,"refMaxAbsLogit":14.8236,"relLogitErr":0.014544,"relLogitErrRms":0.014572,"top1Agree":true,"argmax":13,"argmaxRef":13}
{"logitCheck":true,"token":46,"nonFiniteLogits":0,"maxAbsLogitErr":0.165932,"refMaxAbsLogit":11.3354,"relLogitErr":0.0146383,"relLogitErrRms":0.0146302,"top1Agree":true,"argmax":253,"argmaxRef":253}
{"logitCheck":true,"token":47,"nonFiniteLogits":0,"maxAbsLogitErr":0.116289,"refMaxAbsLogit":8.05897,"relLogitErr":0.0144298,"relLogitErrRms":0.0144933,"top1Agree":true,"argmax":253,"argmaxRef":253}
{"logitCheck":true,"token":48,"nonFiniteLogits":0,"maxAbsLogitErr":0.194655,"refMaxAbsLogit":13.318,"relLogitErr":0.014616,"relLogitErrRms":0.0146126,"top1Agree":true,"argmax":13,"argmaxRef":13}
{"logitCheck":true,"token":49,"nonFiniteLogits":0,"maxAbsLogitErr":0.145208,"refMaxAbsLogit":9.88216,"relLogitErr":0.0146939,"relLogitErrRms":0.0146948,"top1Agree":true,"argmax":15,"argmaxRef":15}
{"logitCheck":true,"token":50,"nonFiniteLogits":0,"maxAbsLogitErr":0.1853,"refMaxAbsLogit":12.778,"relLogitErr":0.0145014,"relLogitErrRms":0.0145394,"top1Agree":true,"argmax":15,"argmaxRef":15}
{"logitCheck":true,"token":51,"nonFiniteLogits":0,"maxAbsLogitErr":0.200332,"refMaxAbsLogit":13.7212,"relLogitErr":0.0146001,"relLogitErrRms":0.014571,"top1Agree":true,"argmax":13,"argmaxRef":13}
{"logitCheck":true,"token":52,"nonFiniteLogits":0,"maxAbsLogitErr":0.156089,"refMaxAbsLogit":10.6566,"relLogitErr":0.0146471,"relLogitErrRms":0.0146728,"top1Agree":true,"argmax":253,"argmaxRef":253}
{"logitCheck":true,"token":53,"nonFiniteLogits":0,"maxAbsLogitErr":0.163039,"refMaxAbsLogit":11.1488,"relLogitErr":0.0146239,"relLogitErrRms":0.0146382,"top1Agree":true,"argmax":15,"argmaxRef":15}
{"logitCheck":true,"token":54,"nonFiniteLogits":0,"maxAbsLogitErr":0.175337,"refMaxAbsLogit":12.0149,"relLogitErr":0.0145933,"relLogitErrRms":0.0145948,"top1Agree":true,"argmax":15,"argmaxRef":15}
{"logitCheck":true,"token":55,"nonFiniteLogits":0,"maxAbsLogitErr":0.173187,"refMaxAbsLogit":11.9822,"relLogitErr":0.0144537,"relLogitErrRms":0.0144874,"top1Agree":true,"argmax":15,"argmaxRef":15}
{"logitCheck":true,"token":56,"nonFiniteLogits":0,"maxAbsLogitErr":0.18277,"refMaxAbsLogit":12.6486,"relLogitErr":0.0144499,"relLogitErrRms":0.0144399,"top1Agree":true,"argmax":13,"argmaxRef":13}
{"logitCheck":true,"token":57,"nonFiniteLogits":0,"maxAbsLogitErr":0.176254,"refMaxAbsLogit":12.1796,"relLogitErr":0.0144712,"relLogitErrRms":0.0144438,"top1Agree":true,"argmax":13,"argmaxRef":13}
{"logitCheck":true,"token":58,"nonFiniteLogits":0,"maxAbsLogitErr":0.203534,"refMaxAbsLogit":14.0044,"relLogitErr":0.0145335,"relLogitErrRms":0.0145024,"top1Agree":true,"argmax":13,"argmaxRef":13}
{"logitCheck":true,"token":59,"nonFiniteLogits":0,"maxAbsLogitErr":0.16326,"refMaxAbsLogit":11.4142,"relLogitErr":0.0143032,"relLogitErrRms":0.0143168,"top1Agree":true,"argmax":253,"argmaxRef":253}
{"logitCheck":true,"token":60,"nonFiniteLogits":0,"maxAbsLogitErr":0.179254,"refMaxAbsLogit":12.2806,"relLogitErr":0.0145965,"relLogitErrRms":0.0145757,"top1Agree":true,"argmax":15,"argmaxRef":15}
{"logitCheck":true,"token":61,"nonFiniteLogits":0,"maxAbsLogitErr":0.169773,"refMaxAbsLogit":11.7944,"relLogitErr":0.0143944,"relLogitErrRms":0.0143718,"top1Agree":true,"argmax":253,"argmaxRef":253}
{"logitCheck":true,"token":62,"nonFiniteLogits":0,"maxAbsLogitErr":0.119862,"refMaxAbsLogit":8.2214,"relLogitErr":0.0145793,"relLogitErrRms":0.0145454,"top1Agree":true,"argmax":253,"argmaxRef":253}
{"logitCheck":true,"token":63,"nonFiniteLogits":0,"maxAbsLogitErr":0.143472,"refMaxAbsLogit":9.86439,"relLogitErr":0.0145444,"relLogitErrRms":0.0145439,"top1Agree":true,"argmax":15,"argmaxRef":15}
{"logitCheck":true,"token":64,"nonFiniteLogits":0,"maxAbsLogitErr":0.174164,"refMaxAbsLogit":12.0017,"relLogitErr":0.0145116,"relLogitErrRms":0.0145052,"top1Agree":true,"argmax":15,"argmaxRef":15}
{"logitCheck":true,"token":65,"nonFiniteLogits":0,"maxAbsLogitErr":0.1833,"refMaxAbsLogit":12.6487,"relLogitErr":0.0144916,"relLogitErrRms":0.014497,"top1Agree":true,"argmax":13,"argmaxRef":13}
{"logitCheck":true,"token":66,"nonFiniteLogits":0,"maxAbsLogitErr":0.16219,"refMaxAbsLogit":11.1383,"relLogitErr":0.0145615,"relLogitErrRms":0.0146026,"top1Agree":true,"argmax":15,"argmaxRef":15}
{"logitCheck":true,"token":67,"nonFiniteLogits":0,"maxAbsLogitErr":0.152904,"refMaxAbsLogit":10.5828,"relLogitErr":0.0144483,"relLogitErrRms":0.0144755,"top1Agree":true,"argmax":15,"argmaxRef":15}
{"logitCheck":true,"token":68,"nonFiniteLogits":0,"maxAbsLogitErr":0.178945,"refMaxAbsLogit":12.2166,"relLogitErr":0.0146476,"relLogitErrRms":0.0146344,"top1Agree":true,"argmax":13,"argmaxRef":13}
{"logitCheck":true,"token":69,"nonFiniteLogits":0,"maxAbsLogitErr":0.12494,"refMaxAbsLogit":8.69387,"relLogitErr":0.0143711,"relLogitErrRms":0.0143866,"top1Agree":true,"argmax":253,"argmaxRef":253}
{"logitCheck":true,"token":70,"nonFiniteLogits":0,"maxAbsLogitErr":0.169145,"refMaxAbsLogit":11.6614,"relLogitErr":0.0145047,"relLogitErrRms":0.0145244,"top1Agree":true,"argmax":13,"argmaxRef":13}
{"logitCheck":true,"token":71,"nonFiniteLogits":0,"maxAbsLogitErr":0.218907,"refMaxAbsLogit":14.994,"relLogitErr":0.0145997,"relLogitErrRms":0.0146476,"top1Agree":true,"argmax":13,"argmaxRef":13}
{"logitCheck":true,"token":72,"nonFiniteLogits":0,"maxAbsLogitErr":0.167162,"refMaxAbsLogit":11.488,"relLogitErr":0.014551,"relLogitErrRms":0.0145586,"top1Agree":true,"argmax":253,"argmaxRef":253}
{"logitCheck":true,"token":73,"nonFiniteLogits":0,"maxAbsLogitErr":0.118497,"refMaxAbsLogit":8.19481,"relLogitErr":0.01446,"relLogitErrRms":0.0145091,"top1Agree":true,"argmax":253,"argmaxRef":253}
{"logitCheck":true,"token":74,"nonFiniteLogits":0,"maxAbsLogitErr":0.184004,"refMaxAbsLogit":12.5391,"relLogitErr":0.0146744,"relLogitErrRms":0.01467,"top1Agree":true,"argmax":13,"argmaxRef":13}
{"logitCheck":true,"token":75,"nonFiniteLogits":0,"maxAbsLogitErr":0.204269,"refMaxAbsLogit":14.066,"relLogitErr":0.0145222,"relLogitErrRms":0.014529,"top1Agree":true,"argmax":13,"argmaxRef":13}
{"logitCheck":true,"token":76,"nonFiniteLogits":0,"maxAbsLogitErr":0.175486,"refMaxAbsLogit":12.0741,"relLogitErr":0.0145341,"relLogitErrRms":0.0144932,"top1Agree":true,"argmax":15,"argmaxRef":15}
{"logitCheck":true,"token":77,"nonFiniteLogits":0,"maxAbsLogitErr":0.148389,"refMaxAbsLogit":10.1907,"relLogitErr":0.0145612,"relLogitErrRms":0.0145186,"top1Agree":true,"argmax":15,"argmaxRef":15}
{"logitCheck":true,"token":78,"nonFiniteLogits":0,"maxAbsLogitErr":0.115611,"refMaxAbsLogit":7.9555,"relLogitErr":0.0145322,"relLogitErrRms":0.0145035,"top1Agree":true,"argmax":15,"argmaxRef":15}
{"logitCheck":true,"token":79,"nonFiniteLogits":0,"maxAbsLogitErr":0.167064,"refMaxAbsLogit":11.5606,"relLogitErr":0.0144511,"relLogitErrRms":0.0144889,"top1Agree":true,"argmax":15,"argmaxRef":15}
{"logitCheck":true,"token":80,"nonFiniteLogits":0,"maxAbsLogitErr":0.158614,"refMaxAbsLogit":10.9265,"relLogitErr":0.0145165,"relLogitErrRms":0.0145317,"top1Agree":true,"argmax":253,"argmaxRef":253}
{"logitCheck":true,"token":81,"nonFiniteLogits":0,"maxAbsLogitErr":0.177525,"refMaxAbsLogit":12.2129,"relLogitErr":0.0145358,"relLogitErrRms":0.0145494,"top1Agree":true,"argmax":15,"argmaxRef":15}
{"logitCheck":true,"token":82,"nonFiniteLogits":0,"maxAbsLogitErr":0.160601,"refMaxAbsLogit":10.9871,"relLogitErr":0.0146173,"relLogitErrRms":0.0145795,"top1Agree":true,"argmax":15,"argmaxRef":15}
{"logitCheck":true,"token":83,"nonFiniteLogits":0,"maxAbsLogitErr":0.139075,"refMaxAbsLogit":9.43766,"relLogitErr":0.0147361,"relLogitErrRms":0.0147167,"top1Agree":true,"argmax":15,"argmaxRef":15}
{"logitCheck":true,"token":84,"nonFiniteLogits":0,"maxAbsLogitErr":0.16981,"refMaxAbsLogit":11.7013,"relLogitErr":0.0145121,"relLogitErrRms":0.0144766,"top1Agree":true,"argmax":15,"argmaxRef":15}
{"logitCheck":true,"token":85,"nonFiniteLogits":0,"maxAbsLogitErr":0.115499,"refMaxAbsLogit":7.85613,"relLogitErr":0.0147018,"relLogitErrRms":0.01466,"top1Agree":true,"argmax":187,"argmaxRef":187}
{"logitCheck":true,"token":86,"nonFiniteLogits":0,"maxAbsLogitErr":0.155116,"refMaxAbsLogit":10.5314,"relLogitErr":0.0147288,"relLogitErrRms":0.0146879,"top1Agree":true,"argmax":15,"argmaxRef":15}
{"logitCheck":true,"token":87,"nonFiniteLogits":0,"maxAbsLogitErr":0.166816,"refMaxAbsLogit":11.4295,"relLogitErr":0.0145953,"relLogitErrRms":0.0145885,"top1Agree":true,"argmax":15,"argmaxRef":15}
{"logitCheck":true,"token":88,"nonFiniteLogits":0,"maxAbsLogitErr":0.186535,"refMaxAbsLogit":12.8194,"relLogitErr":0.014551,"relLogitErrRms":0.0145012,"top1Agree":true,"argmax":13,"argmaxRef":13}
{"logitCheck":true,"token":89,"nonFiniteLogits":0,"maxAbsLogitErr":0.126108,"refMaxAbsLogit":8.67075,"relLogitErr":0.0145441,"relLogitErrRms":0.0145234,"top1Agree":true,"argmax":253,"argmaxRef":253}
{"logitCheck":true,"token":90,"nonFiniteLogits":0,"maxAbsLogitErr":0.210373,"refMaxAbsLogit":14.4836,"relLogitErr":0.0145249,"relLogitErrRms":0.0144922,"top1Agree":true,"argmax":13,"argmaxRef":13}
{"logitCheck":true,"token":91,"nonFiniteLogits":0,"maxAbsLogitErr":0.177828,"refMaxAbsLogit":12.1476,"relLogitErr":0.014639,"relLogitErrRms":0.0146101,"top1Agree":true,"argmax":253,"argmaxRef":253}
{"logitCheck":true,"token":92,"nonFiniteLogits":0,"maxAbsLogitErr":0.102015,"refMaxAbsLogit":6.99469,"relLogitErr":0.0145847,"relLogitErrRms":0.0146395,"top1Agree":true,"argmax":187,"argmaxRef":187}
{"logitCheck":true,"token":93,"nonFiniteLogits":0,"maxAbsLogitErr":0.154849,"refMaxAbsLogit":10.5214,"relLogitErr":0.0147176,"relLogitErrRms":0.0147067,"top1Agree":true,"argmax":15,"argmaxRef":15}
{"logitCheck":true,"token":94,"nonFiniteLogits":0,"maxAbsLogitErr":0.0973855,"refMaxAbsLogit":6.7238,"relLogitErr":0.0144837,"relLogitErrRms":0.0144566,"top1Agree":true,"argmax":187,"argmaxRef":187}
{"logitCheck":true,"token":95,"nonFiniteLogits":0,"maxAbsLogitErr":0.14515,"refMaxAbsLogit":10.0116,"relLogitErr":0.0144982,"relLogitErrRms":0.0145247,"top1Agree":true,"argmax":253,"argmaxRef":253}
{"logitCheck":true,"token":96,"nonFiniteLogits":0,"maxAbsLogitErr":0.116339,"refMaxAbsLogit":7.98555,"relLogitErr":0.0145686,"relLogitErrRms":0.0145568,"top1Agree":true,"argmax":253,"argmaxRef":253}
{"logitCheck":true,"token":97,"nonFiniteLogits":0,"maxAbsLogitErr":0.188167,"refMaxAbsLogit":12.9161,"relLogitErr":0.0145684,"relLogitErrRms":0.014543,"top1Agree":true,"argmax":13,"argmaxRef":13}
{"logitCheck":true,"token":98,"nonFiniteLogits":0,"maxAbsLogitErr":0.10179,"refMaxAbsLogit":7.11268,"relLogitErr":0.0143111,"relLogitErrRms":0.0143779,"top1Agree":true,"argmax":187,"argmaxRef":187}
{"logitCheck":true,"token":99,"nonFiniteLogits":0,"maxAbsLogitErr":0.145453,"refMaxAbsLogit":10.089,"relLogitErr":0.014417,"relLogitErrRms":0.0144068,"top1Agree":true,"argmax":15,"argmaxRef":15}
{"logitCheck":true,"token":100,"nonFiniteLogits":0,"maxAbsLogitErr":0.119194,"refMaxAbsLogit":8.14929,"relLogitErr":0.0146263,"relLogitErrRms":0.014656,"top1Agree":true,"argmax":187,"argmaxRef":187}
{"logitCheck":true,"token":101,"nonFiniteLogits":0,"maxAbsLogitErr":0.155517,"refMaxAbsLogit":10.7308,"relLogitErr":0.0144926,"relLogitErrRms":0.0145105,"top1Agree":true,"argmax":15,"argmaxRef":15}
{"logitCheck":true,"token":102,"nonFiniteLogits":0,"maxAbsLogitErr":0.176077,"refMaxAbsLogit":11.9019,"relLogitErr":0.014794,"relLogitErrRms":0.0148073,"top1Agree":true,"argmax":15,"argmaxRef":15}
{"logitCheck":true,"token":103,"nonFiniteLogits":0,"maxAbsLogitErr":0.0991967,"refMaxAbsLogit":6.79154,"relLogitErr":0.0146059,"relLogitErrRms":0.0146509,"top1Agree":true,"argmax":187,"argmaxRef":187}
{"logitCheck":true,"token":104,"nonFiniteLogits":0,"maxAbsLogitErr":0.136412,"refMaxAbsLogit":9.38482,"relLogitErr":0.0145354,"relLogitErrRms":0.0145296,"top1Agree":true,"argmax":253,"argmaxRef":253}
{"logitCheck":true,"token":105,"nonFiniteLogits":0,"maxAbsLogitErr":0.11262,"refMaxAbsLogit":7.78271,"relLogitErr":0.0144705,"relLogitErrRms":0.0145014,"top1Agree":true,"argmax":253,"argmaxRef":253}
{"logitCheck":true,"token":106,"nonFiniteLogits":0,"maxAbsLogitErr":0.181911,"refMaxAbsLogit":12.3684,"relLogitErr":0.0147077,"relLogitErrRms":0.0147183,"top1Agree":true,"argmax":13,"argmaxRef":13}
{"logitCheck":true,"token":107,"nonFiniteLogits":0,"maxAbsLogitErr":0.202424,"refMaxAbsLogit":13.9234,"relLogitErr":0.0145384,"relLogitErrRms":0.0145381,"top1Agree":true,"argmax":13,"argmaxRef":13}
{"logitCheck":true,"token":108,"nonFiniteLogits":0,"maxAbsLogitErr":0.12024,"refMaxAbsLogit":8.32822,"relLogitErr":0.0144376,"relLogitErrRms":0.014393,"top1Agree":true,"argmax":15,"argmaxRef":15}
{"logitCheck":true,"token":109,"nonFiniteLogits":0,"maxAbsLogitErr":0.131497,"refMaxAbsLogit":9.1372,"relLogitErr":0.0143914,"relLogitErrRms":0.0143951,"top1Agree":true,"argmax":15,"argmaxRef":15}
{"logitCheck":true,"token":110,"nonFiniteLogits":0,"maxAbsLogitErr":0.1581,"refMaxAbsLogit":10.8523,"relLogitErr":0.0145683,"relLogitErrRms":0.014561,"top1Agree":true,"argmax":15,"argmaxRef":15}
{"logitCheck":true,"token":111,"nonFiniteLogits":0,"maxAbsLogitErr":0.183937,"refMaxAbsLogit":12.5936,"relLogitErr":0.0146056,"relLogitErrRms":0.014603,"top1Agree":true,"argmax":15,"argmaxRef":15}
{"logitCheck":true,"token":112,"nonFiniteLogits":0,"maxAbsLogitErr":0.173651,"refMaxAbsLogit":11.9814,"relLogitErr":0.0144933,"relLogitErrRms":0.014491,"top1Agree":true,"argmax":13,"argmaxRef":13}
{"logitCheck":true,"token":113,"nonFiniteLogits":0,"maxAbsLogitErr":0.179685,"refMaxAbsLogit":12.2938,"relLogitErr":0.0146159,"relLogitErrRms":0.0146309,"top1Agree":true,"argmax":13,"argmaxRef":13}
{"logitCheck":true,"token":114,"nonFiniteLogits":0,"maxAbsLogitErr":0.204838,"refMaxAbsLogit":14.0249,"relLogitErr":0.0146054,"relLogitErrRms":0.0146279,"top1Agree":true,"argmax":13,"argmaxRef":13}
{"logitCheck":true,"token":115,"nonFiniteLogits":0,"maxAbsLogitErr":0.200672,"refMaxAbsLogit":13.7787,"relLogitErr":0.0145639,"relLogitErrRms":0.0145493,"top1Agree":true,"argmax":13,"argmaxRef":13}
{"logitCheck":true,"token":116,"nonFiniteLogits":0,"maxAbsLogitErr":0.158865,"refMaxAbsLogit":10.9263,"relLogitErr":0.0145396,"relLogitErrRms":0.0145642,"top1Agree":true,"argmax":15,"argmaxRef":15}
{"logitCheck":true,"token":117,"nonFiniteLogits":0,"maxAbsLogitErr":0.152815,"refMaxAbsLogit":10.4894,"relLogitErr":0.0145685,"relLogitErrRms":0.0145463,"top1Agree":true,"argmax":15,"argmaxRef":15}
{"logitCheck":true,"token":118,"nonFiniteLogits":0,"maxAbsLogitErr":0.139842,"refMaxAbsLogit":9.65098,"relLogitErr":0.0144899,"relLogitErrRms":0.0144587,"top1Agree":true,"argmax":253,"argmaxRef":253}
{"logitCheck":true,"token":119,"nonFiniteLogits":0,"maxAbsLogitErr":0.157182,"refMaxAbsLogit":10.7343,"relLogitErr":0.014643,"relLogitErrRms":0.0146343,"top1Agree":true,"argmax":15,"argmaxRef":15}
{"logitCheck":true,"token":120,"nonFiniteLogits":0,"maxAbsLogitErr":0.17302,"refMaxAbsLogit":11.8054,"relLogitErr":0.0146559,"relLogitErrRms":0.0146678,"top1Agree":true,"argmax":15,"argmaxRef":15}
{"logitCheck":true,"token":121,"nonFiniteLogits":0,"maxAbsLogitErr":0.15763,"refMaxAbsLogit":10.7527,"relLogitErr":0.0146595,"relLogitErrRms":0.0146593,"top1Agree":true,"argmax":15,"argmaxRef":15}
{"logitCheck":true,"token":122,"nonFiniteLogits":0,"maxAbsLogitErr":0.151674,"refMaxAbsLogit":10.5064,"relLogitErr":0.0144364,"relLogitErrRms":0.0144105,"top1Agree":true,"argmax":15,"argmaxRef":15}
{"logitCheck":true,"token":123,"nonFiniteLogits":0,"maxAbsLogitErr":0.151193,"refMaxAbsLogit":10.4255,"relLogitErr":0.0145023,"relLogitErrRms":0.0145197,"top1Agree":true,"argmax":15,"argmaxRef":15}
{"logitCheck":true,"token":124,"nonFiniteLogits":0,"maxAbsLogitErr":0.170099,"refMaxAbsLogit":11.7029,"relLogitErr":0.0145347,"relLogitErrRms":0.0145105,"top1Agree":true,"argmax":13,"argmaxRef":13}
{"logitCheck":true,"token":125,"nonFiniteLogits":0,"maxAbsLogitErr":0.1877,"refMaxAbsLogit":12.9596,"relLogitErr":0.0144835,"relLogitErrRms":0.0145046,"top1Agree":true,"argmax":13,"argmaxRef":13}
{"logitCheck":true,"token":126,"nonFiniteLogits":0,"maxAbsLogitErr":0.162061,"refMaxAbsLogit":11.1747,"relLogitErr":0.0145025,"relLogitErrRms":0.0145318,"top1Agree":true,"argmax":253,"argmaxRef":253}
{"logitCheck":true,"token":127,"nonFiniteLogits":0,"maxAbsLogitErr":0.116979,"refMaxAbsLogit":8.07588,"relLogitErr":0.014485,"relLogitErrRms":0.0144999,"top1Agree":true,"argmax":253,"argmaxRef":253}
{"vramTrace":"final","dev":0,"usedGB":62.2678,"freeGB":32.7025,"totalGB":94.9702,"poolOk":true,"poolReservedGB":29.0312,"poolReservedHighGB":29.0312,"poolUsedGB":29.0204,"poolUsedHighGB":29.0204,"poolSlackGB":0.0108869,"poolTransientGB":2.57045e-06}
{"summary":true,"realModel":true,"arch":"native","tag":"agnd768b","tokens":128,"packTokens":16,"layers":12,"secure":false,"boots":548,"bootsPerToken":4.28125,"clientEncryptMs":1306,"gpuEvalMs":20897,"gpuBootstrapMs":6557,"decryptMs":2170,"gpuMsPerToken":214.488,"encPtMs":6372,"encPtCount":2244,"encPtFracOfEval":0.30492,"encThreads":24,"band":-1,"ringMix":false,"bootFloor":3,"pipeline":false,"pipeMs":6492,"staticNorm":false,"normEps":0,"periodicEncodeOn":false,"periodicVerifyEvery":0,"serialCarry":true,"finalRefresh":false,"equalizeBlocks":false,"scaleBits":59,"passes":1,"cacheDiags":false,"cacheEntries":0,"cacheHits":0,"msPerToken":214.488,"tokPerSec":4.66226,"totalWallMs":60489,"setupMs":3938,"unaccountedMs":25620,"wallMsPerToken":441.809,"peakVramGB":55.2678,"procPeakVramGB":-1,"poolHighRun":[{"dev":0,"usedHighGB":29.020366,"reservedHighGB":29.031250}],"syncTimersOn":false,"syncSplit":{"babyRotMs":0,"ctPtApplyMs":0,"giantMs":0,"rescaleMs":0,"bootMs":0},"normBootMs":1209,"gpuEvalMsExBoot":19687,"msPerTokenExBoot":205.039,"stageTimersOn":true,"layerLoopMs":50588,"layerLoopUntimedMs":24605,"stageMs":{"shiftMix":8860,"scan":3447,"gate":3268,"hidden":7970,"residual":18},"layerLoopResidualMs":1039,"hostPtEncodeMs":12308,"hostPtEncodeCount":5580,"hostPtEncodeStageMs":10054,"hostPtEncodeStageCount":4284,"unaccountedMsExBoot":26829,"unaccountedMsAfterStages":3264,"storeOn":false,"storeHits":0,"storeMisses":0,"storeDead":0,"storeUncompressible":0,"periodicEncodeCount":0,"periodicVerifyCount":0,"periodicVerifyOk":0,"periodicFallbackCount":0,"storeFetchMs":0,"storeBytes":0,"storeFile":"","storeLoaded":false,"storeSaved":false,"storeVerifyOk":0,"storeVerifyBad":0,"storeVerifyMs":0,"storeAppends":0,"storeJournalEntries":0,"failed":false,"worstLogitErr":0.218907,"logRing":15,"ringDim":32768,"slots":16384,"dpad":1024,"rep":16,"levelBudget":[3,3],"depth":38,"extraDepth":9,"matvecMargin":4,"schedule":"stock","pfEntry":"loop","shareBabies":false,"newtonDepth2":false,"poolLevels":2,"blockType":"sequential","pfBoots":0,"babyShared":0,"babyComputed":132,"poolBuilds":0,"poolBuildMs":0,"canonicalCarry":false,"canonBoots":0,"canonMaxGap":0,"canonLevel":-1,"interleave":true,"fidelity":{"logitCheckTokens":128,"top1Agree":1,"relLogitErrRmsMean":0.0145375,"relLogitErrRmsMax":0.0148073,"worstLogitErrIsMaxClass":true},"quality":{"nativeTestPpl":null,"weightsSha256":null,"source":null},"harnessFile":"gpu_real_model.cu","harnessSha256":"d5bc922ef7510c8d","harnessCommit":"613ab4c1d678","harnessDirty":true,"buildUtc":"2026-09-17T22:13:34Z","cmdline":"/root/fhe-main-demo/build-demo/gpu_real_model --tag agnd768b --bundle-dir /root/src/ml-eval/artifacts --device 0 --log-ring 15 --level-budget 3 3 --ms-norm 5.5 --enc-threads 24 --boot-floor 3 --matvec-margin 4 --interleave --extra-depth 9 --tokens 128 --pack-tokens 16 --no-norm-eps"}
