{"event": "staged_reader_installed", "data": "staged:/root/anneal_staged?on_exhaust=continue", "resume": true}
Warning: You are sending unauthenticated requests to the HF Hub. Please set a HF_TOKEN to enable higher rate limits and faster downloads.
{"event": "compile_requested", "wrap_seconds": 0.43, "note": "graph capture happens on the first step"}
{"event": "start", "params_M": 404.7, "device": "cuda", "data": "staged:/root/anneal_staged?on_exhaust=continue", "world_size": 1, "resume": true, "tokens_per_step": 8192, "tokens_total": 12553601024, "effective_batch": 32, "tokens_per_update": 32768, "bf16_autocast": true, "d_model": 1024, "n_layer": 24, "ctx": 1024, "vocab": 50277, "d_ffn": 4096, "shift_mix": true, "a_min": 0.9, "a_max": 0.9995, "alpha_res": 1.0, "lr": 0.0006, "min_lr": 6e-05, "batch": 8, "grad_accum": 4, "steps": 1532422, "warmup": 2000, "wd": 0.1, "dropout": 0.0, "grad_clip": 1.0, "seed": 1234, "scan": "hs", "gates": "expanded", "compile": true, "ce_chunk": 0, "skip_nonfinite": false, "pin_memory": false, "window_carry": true, "bf16": false, "nonlin": "poly"}
{"event": "resumed", "from_step": 1482422, "data_cursor": {"staged:/root/src/ml-eval/artifacts/staged": 1000000}, "data_cursor_restored": false}
{"event": "lr_schedule", "updates_total": 383105, "warmup_updates": 500, "tokens_total": 12553601024}
{"event": "staged_stream_open", "dir": "/root/anneal_staged", "provenance": "/root/anneal_staged/provenance.json", "train_tokens": 419289413, "holdout_tokens": 0, "total_on_disk": 419289413, "tail_past_holdout": 0, "eos_id": 0, "sampled_ids": 10001, "sample_max_id": 50276, "repo": null, "first_doc_sha16": null, "offset": 0, "on_exhaust": "continue", "chunk": 1000000}
{"step": 1482600, "loss": 2.43, "ppl": 11.36, "lr": 6.1e-05, "hrs": 0.01, "nonfinite_updates": 0, "nonfinite_pct": 0.0, "skipped": 0}
{"step": 1482800, "loss": 3.5141, "ppl": 33.59, "lr": 6.1e-05, "hrs": 0.02, "nonfinite_updates": 0, "nonfinite_pct": 0.0, "skipped": 0}
{"step": 1483000, "loss": 3.5583, "ppl": 35.1, "lr": 6.1e-05, "hrs": 0.02, "nonfinite_updates": 0, "nonfinite_pct": 0.0, "skipped": 0}
{"step": 1483200, "loss": 3.1727, "ppl": 23.87, "lr": 6.1e-05, "hrs": 0.03, "nonfinite_updates": 0, "nonfinite_pct": 0.0, "skipped": 0}
{"step": 1483400, "loss": 3.5976, "ppl": 36.51, "lr": 6.1e-05, "hrs": 0.04, "nonfinite_updates": 0, "nonfinite_pct": 0.0, "skipped": 0}
{"step": 1483600, "loss": 3.497, "ppl": 33.02, "lr": 6.1e-05, "hrs": 0.05, "nonfinite_updates": 0, "nonfinite_pct": 0.0, "skipped": 0}
{"step": 1483800, "loss": 3.0219, "ppl": 20.53, "lr": 6.1e-05, "hrs": 0.06, "nonfinite_updates": 0, "nonfinite_pct": 0.0, "skipped": 0}
{"step": 1484000, "loss": 3.2607, "ppl": 26.07, "lr": 6.1e-05, "hrs": 0.07, "nonfinite_updates": 0, "nonfinite_pct": 0.0, "skipped": 0}
{"step": 1484200, "loss": 2.9364, "ppl": 18.85, "lr": 6.1e-05, "hrs": 0.07, "nonfinite_updates": 0, "nonfinite_pct": 0.0, "skipped": 0}
{"step": 1484400, "loss": 3.5336, "ppl": 34.25, "lr": 6.1e-05, "hrs": 0.08, "nonfinite_updates": 0, "nonfinite_pct": 0.0, "skipped": 0}
{"step": 1484600, "loss": 3.0995, "ppl": 22.19, "lr": 6.1e-05, "hrs": 0.09, "nonfinite_updates": 0, "nonfinite_pct": 0.0, "skipped": 0}
{"step": 1484800, "loss": 3.3315, "ppl": 27.98, "lr": 6.1e-05, "hrs": 0.1, "nonfinite_updates": 0, "nonfinite_pct": 0.0, "skipped": 0}
{"step": 1485000, "loss": 3.2266, "ppl": 25.19, "lr": 6.1e-05, "hrs": 0.11, "nonfinite_updates": 0, "nonfinite_pct": 0.0, "skipped": 0}
{"step": 1485200, "loss": 3.0293, "ppl": 20.68, "lr": 6.1e-05, "hrs": 0.12, "nonfinite_updates": 0, "nonfinite_pct": 0.0, "skipped": 0}
{"step": 1485400, "loss": 3.2534, "ppl": 25.88, "lr": 6.1e-05, "hrs": 0.12, "nonfinite_updates": 0, "nonfinite_pct": 0.0, "skipped": 0}
{"step": 1485600, "loss": 3.0312, "ppl": 20.72, "lr": 6.1e-05, "hrs": 0.13, "nonfinite_updates": 0, "nonfinite_pct": 0.0, "skipped": 0}
{"step": 1485800, "loss": 2.7402, "ppl": 15.49, "lr": 6.1e-05, "hrs": 0.14, "nonfinite_updates": 0, "nonfinite_pct": 0.0, "skipped": 0}
{"step": 1486000, "loss": 3.1181, "ppl": 22.6, "lr": 6.1e-05, "hrs": 0.15, "nonfinite_updates": 0, "nonfinite_pct": 0.0, "skipped": 0}
{"step": 1486200, "loss": 2.7362, "ppl": 15.43, "lr": 6.1e-05, "hrs": 0.16, "nonfinite_updates": 0, "nonfinite_pct": 0.0, "skipped": 0}
{"step": 1486400, "loss": 2.8265, "ppl": 16.89, "lr": 6.1e-05, "hrs": 0.17, "nonfinite_updates": 0, "nonfinite_pct": 0.0, "skipped": 0}
{"step": 1486600, "loss": 3.4404, "ppl": 31.2, "lr": 6.1e-05, "hrs": 0.17, "nonfinite_updates": 0, "nonfinite_pct": 0.0, "skipped": 0}
{"step": 1486800, "loss": 2.9694, "ppl": 19.48, "lr": 6.1e-05, "hrs": 0.18, "nonfinite_updates": 0, "nonfinite_pct": 0.0, "skipped": 0}
{"step": 1487000, "loss": 3.1052, "ppl": 22.31, "lr": 6.1e-05, "hrs": 0.19, "nonfinite_updates": 0, "nonfinite_pct": 0.0, "skipped": 0}
{"step": 1487200, "loss": 3.0776, "ppl": 21.71, "lr": 6.1e-05, "hrs": 0.2, "nonfinite_updates": 0, "nonfinite_pct": 0.0, "skipped": 0}
{"step": 1487400, "loss": 3.3533, "ppl": 28.6, "lr": 6.1e-05, "hrs": 0.21, "nonfinite_updates": 0, "nonfinite_pct": 0.0, "skipped": 0}
{"step": 1487600, "loss": 3.1024, "ppl": 22.25, "lr": 6.1e-05, "hrs": 0.22, "nonfinite_updates": 0, "nonfinite_pct": 0.0, "skipped": 0}
{"step": 1487800, "loss": 3.3857, "ppl": 29.54, "lr": 6.1e-05, "hrs": 0.22, "nonfinite_updates": 0, "nonfinite_pct": 0.0, "skipped": 0}
{"step": 1488000, "loss": 3.0379, "ppl": 20.86, "lr": 6.1e-05, "hrs": 0.23, "nonfinite_updates": 0, "nonfinite_pct": 0.0, "skipped": 0}
{"step": 1488200, "loss": 3.5414, "ppl": 34.52, "lr": 6.1e-05, "hrs": 0.24, "nonfinite_updates": 0, "nonfinite_pct": 0.0, "skipped": 0}
{"step": 1488400, "loss": 3.1159, "ppl": 22.55, "lr": 6.1e-05, "hrs": 0.25, "nonfinite_updates": 0, "nonfinite_pct": 0.0, "skipped": 0}
{"step": 1488600, "loss": 3.4668, "ppl": 32.03, "lr": 6.1e-05, "hrs": 0.26, "nonfinite_updates": 0, "nonfinite_pct": 0.0, "skipped": 0}
{"step": 1488800, "loss": 3.2784, "ppl": 26.53, "lr": 6.1e-05, "hrs": 0.27, "nonfinite_updates": 0, "nonfinite_pct": 0.0, "skipped": 0}
{"step": 1489000, "loss": 3.2211, "ppl": 25.05, "lr": 6.1e-05, "hrs": 0.27, "nonfinite_updates": 0, "nonfinite_pct": 0.0, "skipped": 0}
{"step": 1489200, "loss": 3.4409, "ppl": 31.22, "lr": 6.1e-05, "hrs": 0.28, "nonfinite_updates": 0, "nonfinite_pct": 0.0, "skipped": 0}
{"step": 1489400, "loss": 3.4395, "ppl": 31.17, "lr": 6.1e-05, "hrs": 0.29, "nonfinite_updates": 0, "nonfinite_pct": 0.0, "skipped": 0}
{"step": 1489600, "loss": 3.369, "ppl": 29.05, "lr": 6.1e-05, "hrs": 0.3, "nonfinite_updates": 0, "nonfinite_pct": 0.0, "skipped": 0}
{"step": 1489800, "loss": 2.9983, "ppl": 20.05, "lr": 6.1e-05, "hrs": 0.31, "nonfinite_updates": 0, "nonfinite_pct": 0.0, "skipped": 0}
{"step": 1490000, "loss": 3.1333, "ppl": 22.95, "lr": 6.1e-05, "hrs": 0.31, "nonfinite_updates": 0, "nonfinite_pct": 0.0, "skipped": 0}
{"step": 1490200, "loss": 2.6979, "ppl": 14.85, "lr": 6.1e-05, "hrs": 0.32, "nonfinite_updates": 0, "nonfinite_pct": 0.0, "skipped": 0}
{"step": 1490400, "loss": 3.2923, "ppl": 26.91, "lr": 6.1e-05, "hrs": 0.33, "nonfinite_updates": 0, "nonfinite_pct": 0.0, "skipped": 0}
{"step": 1490600, "loss": 3.0595, "ppl": 21.32, "lr": 6.1e-05, "hrs": 0.34, "nonfinite_updates": 0, "nonfinite_pct": 0.0, "skipped": 0}
{"step": 1490800, "loss": 3.3445, "ppl": 28.35, "lr": 6.1e-05, "hrs": 0.35, "nonfinite_updates": 0, "nonfinite_pct": 0.0, "skipped": 0}
{"step": 1491000, "loss": 4.1842, "ppl": 65.64, "lr": 6.1e-05, "hrs": 0.36, "nonfinite_updates": 0, "nonfinite_pct": 0.0, "skipped": 0}
{"step": 1491200, "loss": 3.3704, "ppl": 29.09, "lr": 6.1e-05, "hrs": 0.37, "nonfinite_updates": 0, "nonfinite_pct": 0.0, "skipped": 0}
{"step": 1491400, "loss": 5.0644, "ppl": 158.29, "lr": 6.1e-05, "hrs": 0.37, "nonfinite_updates": 0, "nonfinite_pct": 0.0, "skipped": 0}
{"step": 1491600, "loss": 3.2398, "ppl": 25.53, "lr": 6.1e-05, "hrs": 0.38, "nonfinite_updates": 0, "nonfinite_pct": 0.0, "skipped": 0}
{"step": 1491800, "loss": 3.4736, "ppl": 32.25, "lr": 6.1e-05, "hrs": 0.39, "nonfinite_updates": 0, "nonfinite_pct": 0.0, "skipped": 0}
{"step": 1492000, "loss": 2.9765, "ppl": 19.62, "lr": 6.1e-05, "hrs": 0.4, "nonfinite_updates": 0, "nonfinite_pct": 0.0, "skipped": 0}
{"step": 1492200, "loss": 3.072, "ppl": 21.59, "lr": 6.1e-05, "hrs": 0.41, "nonfinite_updates": 0, "nonfinite_pct": 0.0, "skipped": 0}
{"step": 1492400, "loss": 3.0492, "ppl": 21.1, "lr": 6.1e-05, "hrs": 0.42, "nonfinite_updates": 0, "nonfinite_pct": 0.0, "skipped": 0}
{"step": 1492600, "loss": 3.1, "ppl": 22.2, "lr": 6.1e-05, "hrs": 0.42, "nonfinite_updates": 0, "nonfinite_pct": 0.0, "skipped": 0}
{"step": 1492800, "loss": 3.2378, "ppl": 25.48, "lr": 6.1e-05, "hrs": 0.43, "nonfinite_updates": 0, "nonfinite_pct": 0.0, "skipped": 0}
{"step": 1493000, "loss": 3.3538, "ppl": 28.61, "lr": 6.1e-05, "hrs": 0.44, "nonfinite_updates": 0, "nonfinite_pct": 0.0, "skipped": 0}
{"step": 1493200, "loss": 3.0079, "ppl": 20.24, "lr": 6.1e-05, "hrs": 0.45, "nonfinite_updates": 0, "nonfinite_pct": 0.0, "skipped": 0}
{"step": 1493400, "loss": 3.1309, "ppl": 22.9, "lr": 6.1e-05, "hrs": 0.46, "nonfinite_updates": 0, "nonfinite_pct": 0.0, "skipped": 0}
{"step": 1493600, "loss": 3.13, "ppl": 22.87, "lr": 6.1e-05, "hrs": 0.46, "nonfinite_updates": 0, "nonfinite_pct": 0.0, "skipped": 0}
{"step": 1493800, "loss": 2.8813, "ppl": 17.84, "lr": 6.1e-05, "hrs": 0.47, "nonfinite_updates": 0, "nonfinite_pct": 0.0, "skipped": 0}
{"step": 1494000, "loss": 2.9709, "ppl": 19.51, "lr": 6.1e-05, "hrs": 0.48, "nonfinite_updates": 0, "nonfinite_pct": 0.0, "skipped": 0}
{"step": 1494200, "loss": 3.3142, "ppl": 27.5, "lr": 6.1e-05, "hrs": 0.49, "nonfinite_updates": 0, "nonfinite_pct": 0.0, "skipped": 0}
{"step": 1494400, "loss": 3.217, "ppl": 24.95, "lr": 6.1e-05, "hrs": 0.5, "nonfinite_updates": 0, "nonfinite_pct": 0.0, "skipped": 0}
{"step": 1494600, "loss": 3.1134, "ppl": 22.5, "lr": 6.1e-05, "hrs": 0.51, "nonfinite_updates": 0, "nonfinite_pct": 0.0, "skipped": 0}
{"step": 1494800, "loss": 3.3781, "ppl": 29.31, "lr": 6.1e-05, "hrs": 0.51, "nonfinite_updates": 0, "nonfinite_pct": 0.0, "skipped": 0}
{"step": 1495000, "loss": 3.1702, "ppl": 23.81, "lr": 6.1e-05, "hrs": 0.52, "nonfinite_updates": 0, "nonfinite_pct": 0.0, "skipped": 0}
{"step": 1495200, "loss": 3.1207, "ppl": 22.66, "lr": 6.1e-05, "hrs": 0.53, "nonfinite_updates": 0, "nonfinite_pct": 0.0, "skipped": 0}
{"step": 1495400, "loss": 2.5884, "ppl": 13.31, "lr": 6.1e-05, "hrs": 0.54, "nonfinite_updates": 0, "nonfinite_pct": 0.0, "skipped": 0}
{"step": 1495600, "loss": 3.2852, "ppl": 26.72, "lr": 6.1e-05, "hrs": 0.55, "nonfinite_updates": 0, "nonfinite_pct": 0.0, "skipped": 0}
{"step": 1495800, "loss": 3.1015, "ppl": 22.23, "lr": 6.1e-05, "hrs": 0.56, "nonfinite_updates": 0, "nonfinite_pct": 0.0, "skipped": 0}
{"step": 1496000, "loss": 3.2736, "ppl": 26.41, "lr": 6.1e-05, "hrs": 0.57, "nonfinite_updates": 0, "nonfinite_pct": 0.0, "skipped": 0}
{"step": 1496200, "loss": 3.3454, "ppl": 28.37, "lr": 6.1e-05, "hrs": 0.57, "nonfinite_updates": 0, "nonfinite_pct": 0.0, "skipped": 0}
{"step": 1496400, "loss": 3.0712, "ppl": 21.57, "lr": 6.1e-05, "hrs": 0.58, "nonfinite_updates": 0, "nonfinite_pct": 0.0, "skipped": 0}
{"step": 1496600, "loss": 3.0888, "ppl": 21.95, "lr": 6.1e-05, "hrs": 0.59, "nonfinite_updates": 0, "nonfinite_pct": 0.0, "skipped": 0}
{"step": 1496800, "loss": 2.851, "ppl": 17.31, "lr": 6.1e-05, "hrs": 0.6, "nonfinite_updates": 0, "nonfinite_pct": 0.0, "skipped": 0}
{"step": 1497000, "loss": 3.0857, "ppl": 21.88, "lr": 6.1e-05, "hrs": 0.61, "nonfinite_updates": 0, "nonfinite_pct": 0.0, "skipped": 0}
{"step": 1497200, "loss": 3.4592, "ppl": 31.79, "lr": 6.1e-05, "hrs": 0.62, "nonfinite_updates": 0, "nonfinite_pct": 0.0, "skipped": 0}
{"step": 1497400, "loss": 2.9955, "ppl": 20.0, "lr": 6.1e-05, "hrs": 0.62, "nonfinite_updates": 0, "nonfinite_pct": 0.0, "skipped": 0}
{"step": 1497600, "loss": 3.3278, "ppl": 27.88, "lr": 6.1e-05, "hrs": 0.63, "nonfinite_updates": 0, "nonfinite_pct": 0.0, "skipped": 0}
{"step": 1497800, "loss": 2.4668, "ppl": 11.78, "lr": 6.1e-05, "hrs": 0.64, "nonfinite_updates": 0, "nonfinite_pct": 0.0, "skipped": 0}
{"step": 1498000, "loss": 2.6948, "ppl": 14.8, "lr": 6.1e-05, "hrs": 0.65, "nonfinite_updates": 0, "nonfinite_pct": 0.0, "skipped": 0}
{"step": 1498200, "loss": 2.9596, "ppl": 19.29, "lr": 6.1e-05, "hrs": 0.66, "nonfinite_updates": 0, "nonfinite_pct": 0.0, "skipped": 0}
{"step": 1498400, "loss": 3.3059, "ppl": 27.27, "lr": 6.1e-05, "hrs": 0.66, "nonfinite_updates": 0, "nonfinite_pct": 0.0, "skipped": 0}
{"step": 1498600, "loss": 3.1513, "ppl": 23.37, "lr": 6.1e-05, "hrs": 0.67, "nonfinite_updates": 0, "nonfinite_pct": 0.0, "skipped": 0}
{"step": 1498800, "loss": 2.8545, "ppl": 17.37, "lr": 6.1e-05, "hrs": 0.68, "nonfinite_updates": 0, "nonfinite_pct": 0.0, "skipped": 0}
{"step": 1499000, "loss": 2.9946, "ppl": 19.98, "lr": 6.1e-05, "hrs": 0.69, "nonfinite_updates": 0, "nonfinite_pct": 0.0, "skipped": 0}
{"step": 1499200, "loss": 2.8993, "ppl": 18.16, "lr": 6.1e-05, "hrs": 0.7, "nonfinite_updates": 0, "nonfinite_pct": 0.0, "skipped": 0}
{"step": 1499400, "loss": 2.9314, "ppl": 18.75, "lr": 6.1e-05, "hrs": 0.71, "nonfinite_updates": 0, "nonfinite_pct": 0.0, "skipped": 0}
{"step": 1499600, "loss": 3.3047, "ppl": 27.24, "lr": 6.1e-05, "hrs": 0.71, "nonfinite_updates": 0, "nonfinite_pct": 0.0, "skipped": 0}
{"step": 1499800, "loss": 3.4222, "ppl": 30.64, "lr": 6.1e-05, "hrs": 0.72, "nonfinite_updates": 0, "nonfinite_pct": 0.0, "skipped": 0}
{"step": 1500000, "loss": 2.7782, "ppl": 16.09, "lr": 6.1e-05, "hrs": 0.73, "nonfinite_updates": 0, "nonfinite_pct": 0.0, "skipped": 0}
{"step": 1500200, "loss": 3.4475, "ppl": 31.42, "lr": 6.1e-05, "hrs": 0.74, "nonfinite_updates": 0, "nonfinite_pct": 0.0, "skipped": 0}
{"step": 1500400, "loss": 3.22, "ppl": 25.03, "lr": 6.1e-05, "hrs": 0.75, "nonfinite_updates": 0, "nonfinite_pct": 0.0, "skipped": 0}
{"step": 1500600, "loss": 2.8885, "ppl": 17.97, "lr": 6.1e-05, "hrs": 0.76, "nonfinite_updates": 0, "nonfinite_pct": 0.0, "skipped": 0}
{"step": 1500800, "loss": 2.8708, "ppl": 17.65, "lr": 6.1e-05, "hrs": 0.77, "nonfinite_updates": 0, "nonfinite_pct": 0.0, "skipped": 0}
{"step": 1501000, "loss": 3.3454, "ppl": 28.37, "lr": 6.1e-05, "hrs": 0.77, "nonfinite_updates": 0, "nonfinite_pct": 0.0, "skipped": 0}
{"step": 1501200, "loss": 3.1486, "ppl": 23.3, "lr": 6.1e-05, "hrs": 0.78, "nonfinite_updates": 0, "nonfinite_pct": 0.0, "skipped": 0}
{"step": 1501400, "loss": 3.4939, "ppl": 32.91, "lr": 6.1e-05, "hrs": 0.79, "nonfinite_updates": 0, "nonfinite_pct": 0.0, "skipped": 0}
{"step": 1501600, "loss": 3.1549, "ppl": 23.45, "lr": 6.1e-05, "hrs": 0.8, "nonfinite_updates": 0, "nonfinite_pct": 0.0, "skipped": 0}
{"step": 1501800, "loss": 3.205, "ppl": 24.65, "lr": 6.1e-05, "hrs": 0.81, "nonfinite_updates": 0, "nonfinite_pct": 0.0, "skipped": 0}
{"step": 1502000, "loss": 3.3822, "ppl": 29.44, "lr": 6.1e-05, "hrs": 0.81, "nonfinite_updates": 0, "nonfinite_pct": 0.0, "skipped": 0}
{"step": 1502200, "loss": 3.1082, "ppl": 22.38, "lr": 6.1e-05, "hrs": 0.82, "nonfinite_updates": 0, "nonfinite_pct": 0.0, "skipped": 0}
{"step": 1502400, "loss": 3.0692, "ppl": 21.52, "lr": 6.1e-05, "hrs": 0.83, "nonfinite_updates": 0, "nonfinite_pct": 0.0, "skipped": 0}
{"step": 1502600, "loss": 3.2984, "ppl": 27.07, "lr": 6.1e-05, "hrs": 0.84, "nonfinite_updates": 0, "nonfinite_pct": 0.0, "skipped": 0}
{"step": 1502800, "loss": 3.2798, "ppl": 26.57, "lr": 6e-05, "hrs": 0.85, "nonfinite_updates": 0, "nonfinite_pct": 0.0, "skipped": 0}
{"step": 1503000, "loss": 2.9338, "ppl": 18.8, "lr": 6e-05, "hrs": 0.86, "nonfinite_updates": 0, "nonfinite_pct": 0.0, "skipped": 0}
{"step": 1503200, "loss": 2.9193, "ppl": 18.53, "lr": 6e-05, "hrs": 0.86, "nonfinite_updates": 0, "nonfinite_pct": 0.0, "skipped": 0}
{"step": 1503400, "loss": 2.7271, "ppl": 15.29, "lr": 6e-05, "hrs": 0.87, "nonfinite_updates": 0, "nonfinite_pct": 0.0, "skipped": 0}
{"step": 1503600, "loss": 4.1921, "ppl": 66.16, "lr": 6e-05, "hrs": 0.88, "nonfinite_updates": 0, "nonfinite_pct": 0.0, "skipped": 0}
{"step": 1503800, "loss": 2.3437, "ppl": 10.42, "lr": 6e-05, "hrs": 0.89, "nonfinite_updates": 0, "nonfinite_pct": 0.0, "skipped": 0}
{"step": 1504000, "loss": 3.8044, "ppl": 44.9, "lr": 6e-05, "hrs": 0.9, "nonfinite_updates": 0, "nonfinite_pct": 0.0, "skipped": 0}
{"step": 1504200, "loss": 2.0995, "ppl": 8.16, "lr": 6e-05, "hrs": 0.91, "nonfinite_updates": 0, "nonfinite_pct": 0.0, "skipped": 0}
{"step": 1504400, "loss": 3.0336, "ppl": 20.77, "lr": 6e-05, "hrs": 0.91, "nonfinite_updates": 0, "nonfinite_pct": 0.0, "skipped": 0}
{"step": 1504600, "loss": 2.1608, "ppl": 8.68, "lr": 6e-05, "hrs": 0.92, "nonfinite_updates": 0, "nonfinite_pct": 0.0, "skipped": 0}
{"step": 1504800, "loss": 2.9031, "ppl": 18.23, "lr": 6e-05, "hrs": 0.93, "nonfinite_updates": 0, "nonfinite_pct": 0.0, "skipped": 0}
{"step": 1505000, "loss": 1.97, "ppl": 7.17, "lr": 6e-05, "hrs": 0.94, "nonfinite_updates": 0, "nonfinite_pct": 0.0, "skipped": 0}
{"step": 1505200, "loss": 2.9982, "ppl": 20.05, "lr": 6e-05, "hrs": 0.95, "nonfinite_updates": 0, "nonfinite_pct": 0.0, "skipped": 0}
{"step": 1505400, "loss": 3.7523, "ppl": 42.62, "lr": 6e-05, "hrs": 0.96, "nonfinite_updates": 0, "nonfinite_pct": 0.0, "skipped": 0}
{"step": 1505600, "loss": 2.8331, "ppl": 17.0, "lr": 6e-05, "hrs": 0.97, "nonfinite_updates": 0, "nonfinite_pct": 0.0, "skipped": 0}
{"step": 1505800, "loss": 3.0187, "ppl": 20.46, "lr": 6e-05, "hrs": 0.97, "nonfinite_updates": 0, "nonfinite_pct": 0.0, "skipped": 0}
{"step": 1506000, "loss": 2.3113, "ppl": 10.09, "lr": 6e-05, "hrs": 0.98, "nonfinite_updates": 0, "nonfinite_pct": 0.0, "skipped": 0}
{"step": 1506200, "loss": 3.1814, "ppl": 24.08, "lr": 6e-05, "hrs": 0.99, "nonfinite_updates": 0, "nonfinite_pct": 0.0, "skipped": 0}
{"step": 1506400, "loss": 2.5576, "ppl": 12.91, "lr": 6e-05, "hrs": 1.0, "nonfinite_updates": 0, "nonfinite_pct": 0.0, "skipped": 0}
{"step": 1506600, "loss": 2.5751, "ppl": 13.13, "lr": 6e-05, "hrs": 1.01, "nonfinite_updates": 0, "nonfinite_pct": 0.0, "skipped": 0}
{"step": 1506800, "loss": 7.3403, "ppl": 1541.12, "lr": 6e-05, "hrs": 1.01, "nonfinite_updates": 0, "nonfinite_pct": 0.0, "skipped": 0}
{"step": 1507000, "loss": 2.8787, "ppl": 17.79, "lr": 6e-05, "hrs": 1.02, "nonfinite_updates": 0, "nonfinite_pct": 0.0, "skipped": 0}
{"step": 1507200, "loss": 3.2494, "ppl": 25.78, "lr": 6e-05, "hrs": 1.03, "nonfinite_updates": 0, "nonfinite_pct": 0.0, "skipped": 0}
{"step": 1507400, "loss": 2.8395, "ppl": 17.11, "lr": 6e-05, "hrs": 1.04, "nonfinite_updates": 0, "nonfinite_pct": 0.0, "skipped": 0}
{"step": 1507600, "loss": 3.3869, "ppl": 29.58, "lr": 6e-05, "hrs": 1.05, "nonfinite_updates": 0, "nonfinite_pct": 0.0, "skipped": 0}
{"step": 1507800, "loss": 2.8919, "ppl": 18.03, "lr": 6e-05, "hrs": 1.06, "nonfinite_updates": 0, "nonfinite_pct": 0.0, "skipped": 0}
{"step": 1508000, "loss": 4.0221, "ppl": 55.82, "lr": 6e-05, "hrs": 1.06, "nonfinite_updates": 0, "nonfinite_pct": 0.0, "skipped": 0}
{"step": 1508200, "loss": 2.9052, "ppl": 18.27, "lr": 6e-05, "hrs": 1.07, "nonfinite_updates": 0, "nonfinite_pct": 0.0, "skipped": 0}
{"step": 1508400, "loss": 3.3229, "ppl": 27.74, "lr": 6e-05, "hrs": 1.08, "nonfinite_updates": 0, "nonfinite_pct": 0.0, "skipped": 0}
{"step": 1508600, "loss": 2.728, "ppl": 15.3, "lr": 6e-05, "hrs": 1.09, "nonfinite_updates": 0, "nonfinite_pct": 0.0, "skipped": 0}
{"step": 1508800, "loss": 2.9542, "ppl": 19.19, "lr": 6e-05, "hrs": 1.1, "nonfinite_updates": 0, "nonfinite_pct": 0.0, "skipped": 0}
{"step": 1509000, "loss": 3.0386, "ppl": 20.88, "lr": 6e-05, "hrs": 1.11, "nonfinite_updates": 0, "nonfinite_pct": 0.0, "skipped": 0}
{"step": 1509200, "loss": 3.1542, "ppl": 23.43, "lr": 6e-05, "hrs": 1.11, "nonfinite_updates": 0, "nonfinite_pct": 0.0, "skipped": 0}
{"step": 1509400, "loss": 3.3548, "ppl": 28.64, "lr": 6e-05, "hrs": 1.12, "nonfinite_updates": 0, "nonfinite_pct": 0.0, "skipped": 0}
{"step": 1509600, "loss": 3.0783, "ppl": 21.72, "lr": 6e-05, "hrs": 1.13, "nonfinite_updates": 0, "nonfinite_pct": 0.0, "skipped": 0}
{"step": 1509800, "loss": 3.2424, "ppl": 25.6, "lr": 6e-05, "hrs": 1.14, "nonfinite_updates": 0, "nonfinite_pct": 0.0, "skipped": 0}
{"step": 1510000, "loss": 3.3569, "ppl": 28.7, "lr": 6e-05, "hrs": 1.15, "nonfinite_updates": 0, "nonfinite_pct": 0.0, "skipped": 0}
{"step": 1510200, "loss": 3.3348, "ppl": 28.07, "lr": 6e-05, "hrs": 1.16, "nonfinite_updates": 0, "nonfinite_pct": 0.0, "skipped": 0}
{"step": 1510400, "loss": 2.9879, "ppl": 19.84, "lr": 6e-05, "hrs": 1.17, "nonfinite_updates": 0, "nonfinite_pct": 0.0, "skipped": 0}
{"step": 1510600, "loss": 3.1192, "ppl": 22.63, "lr": 6e-05, "hrs": 1.17, "nonfinite_updates": 0, "nonfinite_pct": 0.0, "skipped": 0}
{"step": 1510800, "loss": 2.8621, "ppl": 17.5, "lr": 6e-05, "hrs": 1.18, "nonfinite_updates": 0, "nonfinite_pct": 0.0, "skipped": 0}
{"step": 1511000, "loss": 2.776, "ppl": 16.05, "lr": 6e-05, "hrs": 1.19, "nonfinite_updates": 0, "nonfinite_pct": 0.0, "skipped": 0}
{"step": 1511200, "loss": 3.1414, "ppl": 23.14, "lr": 6e-05, "hrs": 1.2, "nonfinite_updates": 0, "nonfinite_pct": 0.0, "skipped": 0}
{"step": 1511400, "loss": 3.1767, "ppl": 23.97, "lr": 6e-05, "hrs": 1.21, "nonfinite_updates": 0, "nonfinite_pct": 0.0, "skipped": 0}
{"step": 1511600, "loss": 3.441, "ppl": 31.22, "lr": 6e-05, "hrs": 1.22, "nonfinite_updates": 0, "nonfinite_pct": 0.0, "skipped": 0}
{"step": 1511800, "loss": 2.804, "ppl": 16.51, "lr": 6e-05, "hrs": 1.22, "nonfinite_updates": 0, "nonfinite_pct": 0.0, "skipped": 0}
{"step": 1512000, "loss": 3.0174, "ppl": 20.44, "lr": 6e-05, "hrs": 1.23, "nonfinite_updates": 0, "nonfinite_pct": 0.0, "skipped": 0}
{"step": 1512200, "loss": 3.1463, "ppl": 23.25, "lr": 6e-05, "hrs": 1.24, "nonfinite_updates": 0, "nonfinite_pct": 0.0, "skipped": 0}
{"step": 1512400, "loss": 3.373, "ppl": 29.16, "lr": 6e-05, "hrs": 1.25, "nonfinite_updates": 0, "nonfinite_pct": 0.0, "skipped": 0}
{"step": 1512600, "loss": 3.0528, "ppl": 21.17, "lr": 6e-05, "hrs": 1.26, "nonfinite_updates": 0, "nonfinite_pct": 0.0, "skipped": 0}
{"step": 1512800, "loss": 3.3217, "ppl": 27.71, "lr": 6e-05, "hrs": 1.27, "nonfinite_updates": 0, "nonfinite_pct": 0.0, "skipped": 0}
{"step": 1513000, "loss": 2.9916, "ppl": 19.92, "lr": 6e-05, "hrs": 1.27, "nonfinite_updates": 0, "nonfinite_pct": 0.0, "skipped": 0}
{"step": 1513200, "loss": 2.7817, "ppl": 16.15, "lr": 6e-05, "hrs": 1.28, "nonfinite_updates": 0, "nonfinite_pct": 0.0, "skipped": 0}
{"step": 1513400, "loss": 2.6227, "ppl": 13.77, "lr": 6e-05, "hrs": 1.29, "nonfinite_updates": 0, "nonfinite_pct": 0.0, "skipped": 0}
{"step": 1513600, "loss": 3.2134, "ppl": 24.86, "lr": 6e-05, "hrs": 1.3, "nonfinite_updates": 0, "nonfinite_pct": 0.0, "skipped": 0}
{"step": 1513800, "loss": 3.1783, "ppl": 24.01, "lr": 6e-05, "hrs": 1.31, "nonfinite_updates": 0, "nonfinite_pct": 0.0, "skipped": 0}
{"step": 1514000, "loss": 2.7641, "ppl": 15.86, "lr": 6e-05, "hrs": 1.32, "nonfinite_updates": 0, "nonfinite_pct": 0.0, "skipped": 0}
{"step": 1514200, "loss": 3.2426, "ppl": 25.6, "lr": 6e-05, "hrs": 1.32, "nonfinite_updates": 0, "nonfinite_pct": 0.0, "skipped": 0}
{"step": 1514400, "loss": 3.1235, "ppl": 22.73, "lr": 6e-05, "hrs": 1.33, "nonfinite_updates": 0, "nonfinite_pct": 0.0, "skipped": 0}
{"step": 1514600, "loss": 3.2267, "ppl": 25.2, "lr": 6e-05, "hrs": 1.34, "nonfinite_updates": 0, "nonfinite_pct": 0.0, "skipped": 0}
{"step": 1514800, "loss": 2.9236, "ppl": 18.61, "lr": 6e-05, "hrs": 1.35, "nonfinite_updates": 0, "nonfinite_pct": 0.0, "skipped": 0}
{"step": 1515000, "loss": 3.5083, "ppl": 33.39, "lr": 6e-05, "hrs": 1.36, "nonfinite_updates": 0, "nonfinite_pct": 0.0, "skipped": 0}
{"step": 1515200, "loss": 3.0013, "ppl": 20.11, "lr": 6e-05, "hrs": 1.37, "nonfinite_updates": 0, "nonfinite_pct": 0.0, "skipped": 0}
{"step": 1515400, "loss": 2.9873, "ppl": 19.83, "lr": 6e-05, "hrs": 1.37, "nonfinite_updates": 0, "nonfinite_pct": 0.0, "skipped": 0}
{"step": 1515600, "loss": 2.8346, "ppl": 17.02, "lr": 6e-05, "hrs": 1.38, "nonfinite_updates": 0, "nonfinite_pct": 0.0, "skipped": 0}
{"step": 1515800, "loss": 3.2336, "ppl": 25.37, "lr": 6e-05, "hrs": 1.39, "nonfinite_updates": 0, "nonfinite_pct": 0.0, "skipped": 0}
{"step": 1516000, "loss": 3.271, "ppl": 26.34, "lr": 6e-05, "hrs": 1.4, "nonfinite_updates": 0, "nonfinite_pct": 0.0, "skipped": 0}
{"step": 1516200, "loss": 3.0994, "ppl": 22.19, "lr": 6e-05, "hrs": 1.41, "nonfinite_updates": 0, "nonfinite_pct": 0.0, "skipped": 0}
{"step": 1516400, "loss": 3.2723, "ppl": 26.37, "lr": 6e-05, "hrs": 1.42, "nonfinite_updates": 0, "nonfinite_pct": 0.0, "skipped": 0}
{"step": 1516600, "loss": 2.9915, "ppl": 19.91, "lr": 6e-05, "hrs": 1.42, "nonfinite_updates": 0, "nonfinite_pct": 0.0, "skipped": 0}
{"step": 1516800, "loss": 3.2989, "ppl": 27.08, "lr": 6e-05, "hrs": 1.43, "nonfinite_updates": 0, "nonfinite_pct": 0.0, "skipped": 0}
{"step": 1517000, "loss": 3.0137, "ppl": 20.36, "lr": 6e-05, "hrs": 1.44, "nonfinite_updates": 0, "nonfinite_pct": 0.0, "skipped": 0}
{"step": 1517200, "loss": 3.3839, "ppl": 29.48, "lr": 6e-05, "hrs": 1.45, "nonfinite_updates": 0, "nonfinite_pct": 0.0, "skipped": 0}
{"step": 1517400, "loss": 2.9183, "ppl": 18.51, "lr": 6e-05, "hrs": 1.46, "nonfinite_updates": 0, "nonfinite_pct": 0.0, "skipped": 0}
{"step": 1517600, "loss": 2.6592, "ppl": 14.29, "lr": 6e-05, "hrs": 1.47, "nonfinite_updates": 0, "nonfinite_pct": 0.0, "skipped": 0}
{"step": 1517800, "loss": 3.2458, "ppl": 25.68, "lr": 6e-05, "hrs": 1.47, "nonfinite_updates": 0, "nonfinite_pct": 0.0, "skipped": 0}
{"step": 1518000, "loss": 3.0104, "ppl": 20.29, "lr": 6e-05, "hrs": 1.48, "nonfinite_updates": 0, "nonfinite_pct": 0.0, "skipped": 0}
{"step": 1518200, "loss": 3.3308, "ppl": 27.96, "lr": 6e-05, "hrs": 1.49, "nonfinite_updates": 0, "nonfinite_pct": 0.0, "skipped": 0}
{"step": 1518400, "loss": 2.8475, "ppl": 17.24, "lr": 6e-05, "hrs": 1.5, "nonfinite_updates": 0, "nonfinite_pct": 0.0, "skipped": 0}
{"step": 1518600, "loss": 3.3285, "ppl": 27.9, "lr": 6e-05, "hrs": 1.51, "nonfinite_updates": 0, "nonfinite_pct": 0.0, "skipped": 0}
{"step": 1518800, "loss": 3.2077, "ppl": 24.72, "lr": 6e-05, "hrs": 1.51, "nonfinite_updates": 0, "nonfinite_pct": 0.0, "skipped": 0}
{"step": 1519000, "loss": 3.4962, "ppl": 32.99, "lr": 6e-05, "hrs": 1.52, "nonfinite_updates": 0, "nonfinite_pct": 0.0, "skipped": 0}
{"step": 1519200, "loss": 3.3023, "ppl": 27.18, "lr": 6e-05, "hrs": 1.53, "nonfinite_updates": 0, "nonfinite_pct": 0.0, "skipped": 0}
{"step": 1519400, "loss": 3.3474, "ppl": 28.43, "lr": 6e-05, "hrs": 1.54, "nonfinite_updates": 0, "nonfinite_pct": 0.0, "skipped": 0}
{"step": 1519600, "loss": 3.2138, "ppl": 24.87, "lr": 6e-05, "hrs": 1.55, "nonfinite_updates": 0, "nonfinite_pct": 0.0, "skipped": 0}
{"step": 1519800, "loss": 3.0243, "ppl": 20.58, "lr": 6e-05, "hrs": 1.56, "nonfinite_updates": 0, "nonfinite_pct": 0.0, "skipped": 0}
{"step": 1520000, "loss": 3.7688, "ppl": 43.33, "lr": 6e-05, "hrs": 1.56, "nonfinite_updates": 0, "nonfinite_pct": 0.0, "skipped": 0}
{"step": 1520200, "loss": 2.6749, "ppl": 14.51, "lr": 6e-05, "hrs": 1.57, "nonfinite_updates": 0, "nonfinite_pct": 0.0, "skipped": 0}
{"step": 1520400, "loss": 3.4547, "ppl": 31.65, "lr": 6e-05, "hrs": 1.58, "nonfinite_updates": 0, "nonfinite_pct": 0.0, "skipped": 0}
{"step": 1520600, "loss": 3.2373, "ppl": 25.47, "lr": 6e-05, "hrs": 1.59, "nonfinite_updates": 0, "nonfinite_pct": 0.0, "skipped": 0}
{"step": 1520800, "loss": 2.9472, "ppl": 19.05, "lr": 6e-05, "hrs": 1.6, "nonfinite_updates": 0, "nonfinite_pct": 0.0, "skipped": 0}
{"step": 1521000, "loss": 3.6194, "ppl": 37.32, "lr": 6e-05, "hrs": 1.61, "nonfinite_updates": 0, "nonfinite_pct": 0.0, "skipped": 0}
{"step": 1521200, "loss": 3.1275, "ppl": 22.82, "lr": 6e-05, "hrs": 1.62, "nonfinite_updates": 0, "nonfinite_pct": 0.0, "skipped": 0}
{"step": 1521400, "loss": 3.002, "ppl": 20.12, "lr": 6e-05, "hrs": 1.62, "nonfinite_updates": 0, "nonfinite_pct": 0.0, "skipped": 0}
{"step": 1521600, "loss": 3.2691, "ppl": 26.29, "lr": 6e-05, "hrs": 1.63, "nonfinite_updates": 0, "nonfinite_pct": 0.0, "skipped": 0}
{"step": 1521800, "loss": 3.459, "ppl": 31.78, "lr": 6e-05, "hrs": 1.64, "nonfinite_updates": 0, "nonfinite_pct": 0.0, "skipped": 0}
{"step": 1522000, "loss": 2.796, "ppl": 16.38, "lr": 6e-05, "hrs": 1.65, "nonfinite_updates": 0, "nonfinite_pct": 0.0, "skipped": 0}
{"step": 1522200, "loss": 2.5, "ppl": 12.18, "lr": 6e-05, "hrs": 1.66, "nonfinite_updates": 0, "nonfinite_pct": 0.0, "skipped": 0}
{"step": 1522400, "loss": 3.317, "ppl": 27.58, "lr": 6e-05, "hrs": 1.66, "nonfinite_updates": 0, "nonfinite_pct": 0.0, "skipped": 0}
{"step": 1522600, "loss": 3.0984, "ppl": 22.16, "lr": 6e-05, "hrs": 1.67, "nonfinite_updates": 0, "nonfinite_pct": 0.0, "skipped": 0}
{"step": 1522800, "loss": 2.9791, "ppl": 19.67, "lr": 6e-05, "hrs": 1.68, "nonfinite_updates": 0, "nonfinite_pct": 0.0, "skipped": 0}
{"step": 1523000, "loss": 3.3045, "ppl": 27.23, "lr": 6e-05, "hrs": 1.69, "nonfinite_updates": 0, "nonfinite_pct": 0.0, "skipped": 0}
{"step": 1523200, "loss": 2.898, "ppl": 18.14, "lr": 6e-05, "hrs": 1.7, "nonfinite_updates": 0, "nonfinite_pct": 0.0, "skipped": 0}
{"step": 1523400, "loss": 3.4208, "ppl": 30.59, "lr": 6e-05, "hrs": 1.71, "nonfinite_updates": 0, "nonfinite_pct": 0.0, "skipped": 0}
{"step": 1523600, "loss": 2.8784, "ppl": 17.79, "lr": 6e-05, "hrs": 1.71, "nonfinite_updates": 0, "nonfinite_pct": 0.0, "skipped": 0}
{"step": 1523800, "loss": 2.9742, "ppl": 19.57, "lr": 6e-05, "hrs": 1.72, "nonfinite_updates": 0, "nonfinite_pct": 0.0, "skipped": 0}
{"step": 1524000, "loss": 2.5862, "ppl": 13.28, "lr": 6e-05, "hrs": 1.73, "nonfinite_updates": 0, "nonfinite_pct": 0.0, "skipped": 0}
{"step": 1524200, "loss": 2.6267, "ppl": 13.83, "lr": 6e-05, "hrs": 1.74, "nonfinite_updates": 0, "nonfinite_pct": 0.0, "skipped": 0}
{"step": 1524400, "loss": 2.5529, "ppl": 12.84, "lr": 6e-05, "hrs": 1.75, "nonfinite_updates": 0, "nonfinite_pct": 0.0, "skipped": 0}
{"step": 1524600, "loss": 3.1013, "ppl": 22.23, "lr": 6e-05, "hrs": 1.76, "nonfinite_updates": 0, "nonfinite_pct": 0.0, "skipped": 0}
{"step": 1524800, "loss": 3.047, "ppl": 21.05, "lr": 6e-05, "hrs": 1.76, "nonfinite_updates": 0, "nonfinite_pct": 0.0, "skipped": 0}
{"step": 1525000, "loss": 3.1166, "ppl": 22.57, "lr": 6e-05, "hrs": 1.77, "nonfinite_updates": 0, "nonfinite_pct": 0.0, "skipped": 0}
{"step": 1525200, "loss": 3.6051, "ppl": 36.79, "lr": 6e-05, "hrs": 1.78, "nonfinite_updates": 0, "nonfinite_pct": 0.0, "skipped": 0}
{"step": 1525400, "loss": 3.2145, "ppl": 24.89, "lr": 6e-05, "hrs": 1.79, "nonfinite_updates": 0, "nonfinite_pct": 0.0, "skipped": 0}
{"step": 1525600, "loss": 3.2226, "ppl": 25.09, "lr": 6e-05, "hrs": 1.8, "nonfinite_updates": 0, "nonfinite_pct": 0.0, "skipped": 0}
{"step": 1525800, "loss": 3.1238, "ppl": 22.73, "lr": 6e-05, "hrs": 1.81, "nonfinite_updates": 0, "nonfinite_pct": 0.0, "skipped": 0}
{"step": 1526000, "loss": 3.0046, "ppl": 20.18, "lr": 6e-05, "hrs": 1.81, "nonfinite_updates": 0, "nonfinite_pct": 0.0, "skipped": 0}
{"step": 1526200, "loss": 3.3738, "ppl": 29.19, "lr": 6e-05, "hrs": 1.82, "nonfinite_updates": 0, "nonfinite_pct": 0.0, "skipped": 0}
{"step": 1526400, "loss": 2.7224, "ppl": 15.22, "lr": 6e-05, "hrs": 1.83, "nonfinite_updates": 0, "nonfinite_pct": 0.0, "skipped": 0}
{"step": 1526600, "loss": 3.2636, "ppl": 26.14, "lr": 6e-05, "hrs": 1.84, "nonfinite_updates": 0, "nonfinite_pct": 0.0, "skipped": 0}
{"step": 1526800, "loss": 3.0509, "ppl": 21.13, "lr": 6e-05, "hrs": 1.85, "nonfinite_updates": 0, "nonfinite_pct": 0.0, "skipped": 0}
{"step": 1527000, "loss": 3.2153, "ppl": 24.91, "lr": 6e-05, "hrs": 1.86, "nonfinite_updates": 0, "nonfinite_pct": 0.0, "skipped": 0}
{"step": 1527200, "loss": 3.3201, "ppl": 27.66, "lr": 6e-05, "hrs": 1.86, "nonfinite_updates": 0, "nonfinite_pct": 0.0, "skipped": 0}
{"step": 1527400, "loss": 3.0524, "ppl": 21.17, "lr": 6e-05, "hrs": 1.87, "nonfinite_updates": 0, "nonfinite_pct": 0.0, "skipped": 0}
{"step": 1527600, "loss": 2.8398, "ppl": 17.11, "lr": 6e-05, "hrs": 1.88, "nonfinite_updates": 0, "nonfinite_pct": 0.0, "skipped": 0}
{"step": 1527800, "loss": 3.0911, "ppl": 22.0, "lr": 6e-05, "hrs": 1.89, "nonfinite_updates": 0, "nonfinite_pct": 0.0, "skipped": 0}
{"step": 1528000, "loss": 3.1914, "ppl": 24.32, "lr": 6e-05, "hrs": 1.9, "nonfinite_updates": 0, "nonfinite_pct": 0.0, "skipped": 0}
{"step": 1528200, "loss": 2.747, "ppl": 15.6, "lr": 6e-05, "hrs": 1.91, "nonfinite_updates": 0, "nonfinite_pct": 0.0, "skipped": 0}
{"step": 1528400, "loss": 2.9435, "ppl": 18.98, "lr": 6e-05, "hrs": 1.91, "nonfinite_updates": 0, "nonfinite_pct": 0.0, "skipped": 0}
{"step": 1528600, "loss": 3.1431, "ppl": 23.18, "lr": 6e-05, "hrs": 1.92, "nonfinite_updates": 0, "nonfinite_pct": 0.0, "skipped": 0}
{"step": 1528800, "loss": 2.9174, "ppl": 18.49, "lr": 6e-05, "hrs": 1.93, "nonfinite_updates": 0, "nonfinite_pct": 0.0, "skipped": 0}
{"step": 1529000, "loss": 3.235, "ppl": 25.41, "lr": 6e-05, "hrs": 1.94, "nonfinite_updates": 0, "nonfinite_pct": 0.0, "skipped": 0}
{"step": 1529200, "loss": 3.2248, "ppl": 25.15, "lr": 6e-05, "hrs": 1.95, "nonfinite_updates": 0, "nonfinite_pct": 0.0, "skipped": 0}
{"step": 1529400, "loss": 2.8887, "ppl": 17.97, "lr": 6e-05, "hrs": 1.95, "nonfinite_updates": 0, "nonfinite_pct": 0.0, "skipped": 0}
{"step": 1529600, "loss": 3.2648, "ppl": 26.17, "lr": 6e-05, "hrs": 1.96, "nonfinite_updates": 0, "nonfinite_pct": 0.0, "skipped": 0}
{"step": 1529800, "loss": 3.179, "ppl": 24.02, "lr": 6e-05, "hrs": 1.97, "nonfinite_updates": 0, "nonfinite_pct": 0.0, "skipped": 0}
{"step": 1530000, "loss": 2.971, "ppl": 19.51, "lr": 6e-05, "hrs": 1.98, "nonfinite_updates": 0, "nonfinite_pct": 0.0, "skipped": 0}
{"step": 1530200, "loss": 3.0964, "ppl": 22.12, "lr": 6e-05, "hrs": 1.99, "nonfinite_updates": 0, "nonfinite_pct": 0.0, "skipped": 0}
{"step": 1530400, "loss": 2.8198, "ppl": 16.77, "lr": 6e-05, "hrs": 2.0, "nonfinite_updates": 0, "nonfinite_pct": 0.0, "skipped": 0}
{"step": 1530600, "loss": 2.9682, "ppl": 19.46, "lr": 6e-05, "hrs": 2.01, "nonfinite_updates": 0, "nonfinite_pct": 0.0, "skipped": 0}
{"step": 1530800, "loss": 3.0197, "ppl": 20.49, "lr": 6e-05, "hrs": 2.01, "nonfinite_updates": 0, "nonfinite_pct": 0.0, "skipped": 0}
{"step": 1531000, "loss": 2.8124, "ppl": 16.65, "lr": 6e-05, "hrs": 2.02, "nonfinite_updates": 0, "nonfinite_pct": 0.0, "skipped": 0}
{"step": 1531200, "loss": 2.7761, "ppl": 16.06, "lr": 6e-05, "hrs": 2.03, "nonfinite_updates": 0, "nonfinite_pct": 0.0, "skipped": 0}
{"step": 1531400, "loss": 3.0127, "ppl": 20.34, "lr": 6e-05, "hrs": 2.04, "nonfinite_updates": 0, "nonfinite_pct": 0.0, "skipped": 0}
{"step": 1531600, "loss": 3.3024, "ppl": 27.18, "lr": 6e-05, "hrs": 2.05, "nonfinite_updates": 0, "nonfinite_pct": 0.0, "skipped": 0}
{"step": 1531800, "loss": 3.2987, "ppl": 27.08, "lr": 6e-05, "hrs": 2.05, "nonfinite_updates": 0, "nonfinite_pct": 0.0, "skipped": 0}
{"step": 1532000, "loss": 3.3522, "ppl": 28.56, "lr": 6e-05, "hrs": 2.06, "nonfinite_updates": 0, "nonfinite_pct": 0.0, "skipped": 0}
{"step": 1532200, "loss": 3.208, "ppl": 24.73, "lr": 6e-05, "hrs": 2.07, "nonfinite_updates": 0, "nonfinite_pct": 0.0, "skipped": 0}
{"step": 1532400, "loss": 2.969, "ppl": 19.47, "lr": 6e-05, "hrs": 2.08, "nonfinite_updates": 0, "nonfinite_pct": 0.0, "skipped": 0}
{"event": "done", "hrs": 2.08}
TRAINGATE:trainer_rc:0
TRAINGATE:verdict:PASS(clean)
